# pixels_per_point=2 script=supersede rows=0
# rect header 0.0 0.0 880.0 56.0
# rect panel_b 278.0 68.0 868.0 482.0
# rect source_key 98.0 157.0 248.0 209.0
# rect panel_a 12.0 68.0 262.0 482.0
frame=1 t=17.5 wall=18.3 interval=- dt=17.48 cpu_prev=- effect_us=1 action=0 since_click=- since_commit=- animating=false repaint=none
frame=2 t=34.9 wall=34.8 interval=16.58 dt=17.44 cpu_prev=23.287 effect_us=1 action=0 since_click=- since_commit=- animating=false repaint=none
frame=3 t=58.3 wall=58.2 interval=23.38 dt=23.38 cpu_prev=0.310 effect_us=1 action=0 since_click=- since_commit=- animating=false repaint=none
frame=4 t=58.8 wall=58.7 interval=0.53 dt=0.54 cpu_prev=0.285 effect_us=0 action=0 since_click=- since_commit=- animating=false repaint=none
frame=5 t=74.3 wall=74.2 interval=15.46 dt=15.46 cpu_prev=0.357 effect_us=1 action=0 since_click=- since_commit=- animating=false repaint=none
frame=6 t=985.8 wall=985.8 interval=911.56 dt=911.53 cpu_prev=0.196 effect_us=6 action=0 since_click=- since_commit=- animating=false repaint=none
frame=7 t=989.1 wall=989.0 interval=3.22 dt=3.24 cpu_prev=1.508 effect_us=2 action=0 since_click=- since_commit=- animating=false repaint=none
# pixels_per_point=2 script=supersede rows=0
# rect header 0.0 0.0 880.0 56.0
# rect panel_b 278.0 68.0 868.0 482.0
# rect source_key 98.0 157.0 248.0 209.0
# rect panel_a 12.0 68.0 262.0 482.0
# event t=1006.3ms click action=1 wall=1006.2
frame=8 t=1006.3 wall=1006.2 interval=17.22 dt=17.21 cpu_prev=0.854 effect_us=284 action=1 since_click=0.0 since_commit=- animating=true repaint=now source/Source(pending):d=[0.000,0.000,0.000,0.000] c=[#c8a48b,#c8a48b,#c8a48b,#c8a48b] rank=[0,2,1,3]
frame=9 t=1014.9 wall=1014.8 interval=8.64 dt=8.65 cpu_prev=1.279 effect_us=90 action=1 since_click=8.7 since_commit=- animating=true repaint=now source/Source(pending):d=[0.059,0.000,0.000,0.000] c=[#c8a48b,#c8a48b,#c8a48b,#c8a48b] rank=[0,2,1,3]
frame=10 t=1031.1 wall=1031.1 interval=16.24 dt=16.22 cpu_prev=0.483 effect_us=245 action=1 since_click=24.9 since_commit=- animating=true repaint=now source/Source(pending):d=[0.171,0.000,0.000,0.000] c=[#c8a48b,#c8a48b,#c8a48b,#c8a48b] rank=[0,2,1,3]
frame=11 t=1039.2 wall=1039.1 interval=8.03 dt=8.03 cpu_prev=0.972 effect_us=192 action=1 since_click=32.9 since_commit=- animating=true repaint=now source/Source(pending):d=[0.226,0.000,0.034,0.000] c=[#c8a48b,#c8a48b,#c8a48b,#c8a48b] rank=[0,2,1,3]
frame=12 t=1041.8 wall=1041.7 interval=2.57 dt=2.58 cpu_prev=0.722 effect_us=56 action=1 since_click=35.5 since_commit=- animating=true repaint=now source/Source(pending):d=[0.243,0.000,0.051,0.000] c=[#c8a48b,#c8a48b,#c8a48b,#c8a48b] rank=[0,2,1,3]
frame=13 t=1056.1 wall=1056.0 interval=14.32 dt=14.31 cpu_prev=0.360 effect_us=202 action=1 since_click=49.8 since_commit=- animating=true repaint=now source/Source(pending):d=[0.341,0.000,0.149,0.000] c=[#c8a48b,#c8a48b,#c8a48b,#c8a48b] rank=[0,2,1,3]
frame=14 t=1063.9 wall=1063.9 interval=7.87 dt=7.88 cpu_prev=0.999 effect_us=194 action=1 since_click=57.7 since_commit=- animating=true repaint=now source/Source(pending):d=[0.395,0.011,0.203,0.000] c=[#c8a48b,#c8a48b,#c8a48b,#c8a48b] rank=[0,2,1,3]
frame=15 t=1066.7 wall=1066.6 interval=2.78 dt=2.79 cpu_prev=0.638 effect_us=60 action=1 since_click=60.5 since_commit=- animating=true repaint=now source/Source(pending):d=[0.415,0.031,0.223,0.000] c=[#c8a48b,#c8a48b,#c8a48b,#c8a48b] rank=[0,2,1,3]
frame=16 t=1080.7 wall=1080.6 interval=13.96 dt=13.94 cpu_prev=0.245 effect_us=187 action=1 since_click=74.4 since_commit=- animating=true repaint=now source/Source(pending):d=[0.510,0.126,0.318,0.000] c=[#c8a48b,#c8a48b,#c8a48b,#c8a48b] rank=[0,2,1,3]
frame=17 t=1088.8 wall=1088.7 interval=8.12 dt=8.12 cpu_prev=0.783 effect_us=166 action=1 since_click=82.5 since_commit=- animating=true repaint=now source/Source(pending):d=[0.566,0.182,0.374,0.000] c=[#c8a48b,#c8a48b,#c8a48b,#c8a48b] rank=[0,2,1,3]
frame=18 t=1091.1 wall=1091.0 interval=2.31 dt=2.32 cpu_prev=0.610 effect_us=67 action=1 since_click=84.8 since_commit=- animating=true repaint=now source/Source(pending):d=[0.582,0.198,0.390,0.006] c=[#c8a48b,#c8a48b,#c8a48b,#c8a48b] rank=[0,2,1,3]
frame=19 t=1105.6 wall=1105.5 interval=14.51 dt=14.50 cpu_prev=0.301 effect_us=219 action=1 since_click=99.3 since_commit=- animating=true repaint=now source/Source(pending):d=[0.681,0.297,0.489,0.105] c=[#c8a48b,#c8a48b,#c8a48b,#c8a48b] rank=[0,2,1,3]
frame=20 t=1113.8 wall=1113.7 interval=8.16 dt=8.17 cpu_prev=0.649 effect_us=134 action=1 since_click=107.5 since_commit=- animating=true repaint=now source/Source(pending):d=[0.720,0.353,0.545,0.161] c=[#c8a48b,#c8a48b,#c8a48b,#c8a48b] rank=[0,2,1,3]
frame=21 t=1116.3 wall=1116.2 interval=2.53 dt=2.53 cpu_prev=0.657 effect_us=127 action=1 since_click=110.0 since_commit=- animating=true repaint=now source/Source(pending):d=[0.720,0.371,0.563,0.179] c=[#c8a48b,#c8a48b,#c8a48b,#c8a48b] rank=[0,2,1,3]
frame=22 t=1130.8 wall=1130.7 interval=14.46 dt=14.44 cpu_prev=0.422 effect_us=239 action=1 since_click=124.5 since_commit=- animating=true repaint=now source/Source(pending):d=[0.720,0.470,0.662,0.278] c=[#c8a48b,#c8a48b,#c8a48b,#c8a48b] rank=[0,2,1,3]
frame=23 t=1138.9 wall=1138.8 interval=8.12 dt=8.12 cpu_prev=0.662 effect_us=157 action=1 since_click=132.6 since_commit=- animating=true repaint=now source/Source(pending):d=[0.720,0.525,0.717,0.333] c=[#c8a48b,#c8a48b,#c8a48b,#c8a48b] rank=[0,2,1,3]
frame=24 t=1141.9 wall=1141.8 interval=3.02 dt=3.03 cpu_prev=0.682 effect_us=65 action=1 since_click=135.6 since_commit=- animating=true repaint=now source/Source(pending):d=[0.720,0.546,0.720,0.354] c=[#c8a48b,#c8a48b,#c8a48b,#c8a48b] rank=[0,2,1,3]
frame=25 t=1155.8 wall=1155.7 interval=13.92 dt=13.90 cpu_prev=0.299 effect_us=212 action=1 since_click=149.5 since_commit=- animating=true repaint=now source/Source(pending):d=[0.720,0.641,0.720,0.449] c=[#c8a48b,#c8a48b,#c8a48b,#c8a48b] rank=[0,2,1,3]
frame=26 t=1163.9 wall=1163.9 interval=8.13 dt=8.12 cpu_prev=0.653 effect_us=182 action=1 since_click=157.7 since_commit=- animating=true repaint=now source/Source(pending):d=[0.720,0.697,0.720,0.505] c=[#c8a48b,#c8a48b,#c8a48b,#c8a48b] rank=[0,2,1,3]
frame=27 t=1166.3 wall=1166.2 interval=2.35 dt=2.38 cpu_prev=0.652 effect_us=73 action=1 since_click=160.0 since_commit=- animating=true repaint=now source/Source(pending):d=[0.720,0.713,0.720,0.521] c=[#c8a48b,#c8a48b,#c8a48b,#c8a48b] rank=[0,2,1,3]
frame=28 t=1180.7 wall=1180.7 interval=14.43 dt=14.41 cpu_prev=0.233 effect_us=208 action=1 since_click=174.5 since_commit=- animating=true repaint=now source/Source(pending):d=[0.720,0.720,0.720,0.620] c=[#c8a48b,#c8a48b,#c8a48b,#c8a48b] rank=[0,2,1,3]
frame=29 t=1189.0 wall=1188.9 interval=8.25 dt=8.25 cpu_prev=0.687 effect_us=168 action=1 since_click=182.7 since_commit=- animating=true repaint=now source/Source(pending):d=[0.720,0.720,0.720,0.677] c=[#c8a48b,#c8a48b,#c8a48b,#c8a48b] rank=[0,2,1,3]
frame=30 t=1191.4 wall=1191.3 interval=2.44 dt=2.46 cpu_prev=0.587 effect_us=72 action=1 since_click=185.2 since_commit=- animating=true repaint=now source/Source(pending):d=[0.720,0.720,0.720,0.694] c=[#c8a48b,#c8a48b,#c8a48b,#c8a48b] rank=[0,2,1,3]
frame=31 t=1205.9 wall=1205.9 interval=14.51 dt=14.49 cpu_prev=0.283 effect_us=195 action=1 since_click=199.7 since_commit=- animating=false repaint=none source/Source(pending):d=[0.720,0.720,0.720,0.720] c=[#c8a48b,#c8a48b,#c8a48b,#c8a48b] rank=[0,2,1,3]
frame=32 t=1214.1 wall=1214.1 interval=8.20 dt=8.22 cpu_prev=0.773 effect_us=167 action=1 since_click=207.9 since_commit=- animating=false repaint=none source/Source(pending):d=[0.720,0.720,0.720,0.720] c=[#c8a48b,#c8a48b,#c8a48b,#c8a48b] rank=[0,2,1,3]
frame=33 t=1258.0 wall=1258.0 interval=43.92 dt=43.90 cpu_prev=0.656 effect_us=284 action=1 since_click=251.8 since_commit=- animating=false repaint=none source/Source(pending):d=[0.720,0.720,0.720,0.720] c=[#c8a48b,#c8a48b,#c8a48b,#c8a48b] rank=[0,2,1,3]
frame=34 t=1260.5 wall=1260.5 interval=2.49 dt=2.51 cpu_prev=1.386 effect_us=200 action=1 since_click=254.3 since_commit=- animating=false repaint=none source/Source(pending):d=[0.720,0.720,0.720,0.720] c=[#c8a48b,#c8a48b,#c8a48b,#c8a48b] rank=[0,2,1,3]
frame=35 t=1264.0 wall=1263.9 interval=3.41 dt=3.40 cpu_prev=0.676 effect_us=214 action=1 since_click=257.7 since_commit=- animating=false repaint=none source/Source(pending):d=[0.720,0.720,0.720,0.720] c=[#c8a48b,#c8a48b,#c8a48b,#c8a48b] rank=[0,2,1,3]
frame=36 t=1266.7 wall=1266.6 interval=2.72 dt=2.73 cpu_prev=0.710 effect_us=71 action=1 since_click=260.4 since_commit=- animating=false repaint=none source/Source(pending):d=[0.720,0.720,0.720,0.720] c=[#c8a48b,#c8a48b,#c8a48b,#c8a48b] rank=[0,2,1,3]
# pixels_per_point=2 script=supersede rows=0
# rect source_key 98.0 157.0 248.0 209.0
# rect panel_a 12.0 68.0 262.0 482.0
# rect header 0.0 0.0 880.0 56.0
# rect panel_b 278.0 68.0 868.0 482.0
# event t=1281.0ms click action=2 wall=1280.9
frame=37 t=1281.0 wall=1280.9 interval=14.33 dt=14.31 cpu_prev=0.244 effect_us=178 action=2 since_click=0.0 since_commit=- animating=true repaint=now source/Source(pending):d=[0.000,0.000,0.000,0.000] c=[#c8a48b,#c8a48b,#c8a48b,#c8a48b] rank=[0,2,1,3]
frame=38 t=1289.0 wall=1289.0 interval=8.06 dt=8.06 cpu_prev=0.895 effect_us=143 action=2 since_click=8.1 since_commit=- animating=true repaint=now source/Source(pending):d=[0.055,0.000,0.000,0.000] c=[#c8a48b,#c8a48b,#c8a48b,#c8a48b] rank=[0,2,1,3]
frame=39 t=1292.6 wall=1292.5 interval=3.53 dt=3.54 cpu_prev=0.697 effect_us=113 action=2 since_click=11.6 since_commit=- animating=true repaint=now source/Source(pending):d=[0.080,0.000,0.000,0.000] c=[#c8a48b,#c8a48b,#c8a48b,#c8a48b] rank=[0,2,1,3]
frame=40 t=1305.9 wall=1305.8 interval=13.32 dt=13.30 cpu_prev=0.446 effect_us=167 action=2 since_click=24.9 since_commit=- animating=true repaint=now source/Source(pending):d=[0.171,0.000,0.000,0.000] c=[#c8a48b,#c8a48b,#c8a48b,#c8a48b] rank=[0,2,1,3]
frame=41 t=1313.9 wall=1313.9 interval=8.05 dt=8.06 cpu_prev=0.791 effect_us=183 action=2 since_click=33.0 since_commit=- animating=true repaint=now source/Source(pending):d=[0.226,0.000,0.034,0.000] c=[#c8a48b,#c8a48b,#c8a48b,#c8a48b] rank=[0,2,1,3]
frame=42 t=1317.2 wall=1317.1 interval=3.20 dt=3.21 cpu_prev=0.677 effect_us=86 action=2 since_click=36.2 since_commit=- animating=true repaint=now source/Source(pending):d=[0.248,0.000,0.056,0.000] c=[#c8a48b,#c8a48b,#c8a48b,#c8a48b] rank=[0,2,1,3]
frame=43 t=1330.8 wall=1330.8 interval=13.69 dt=13.67 cpu_prev=0.309 effect_us=198 action=2 since_click=49.8 since_commit=- animating=true repaint=now source/Source(pending):d=[0.342,0.000,0.150,0.000] c=[#c8a48b,#c8a48b,#c8a48b,#c8a48b] rank=[0,2,1,3]
frame=44 t=1339.0 wall=1338.9 interval=8.17 dt=8.17 cpu_prev=0.744 effect_us=164 action=2 since_click=58.0 since_commit=- animating=true repaint=now source/Source(pending):d=[0.398,0.014,0.206,0.000] c=[#c8a48b,#c8a48b,#c8a48b,#c8a48b] rank=[0,2,1,3]
frame=45 t=1342.5 wall=1342.4 interval=3.52 dt=3.54 cpu_prev=0.655 effect_us=110 action=2 since_click=61.5 since_commit=- animating=true repaint=now source/Source(pending):d=[0.422,0.038,0.230,0.000] c=[#c8a48b,#c8a48b,#c8a48b,#c8a48b] rank=[0,2,1,3]
frame=46 t=1355.5 wall=1355.4 interval=12.98 dt=12.97 cpu_prev=0.360 effect_us=179 action=2 since_click=74.5 since_commit=- animating=true repaint=now source/Source(pending):d=[0.511,0.127,0.319,0.000] c=[#c8a48b,#c8a48b,#c8a48b,#c8a48b] rank=[0,2,1,3]
frame=47 t=1363.9 wall=1363.8 interval=8.42 dt=8.42 cpu_prev=0.787 effect_us=145 action=2 since_click=82.9 since_commit=- animating=true repaint=now source/Source(pending):d=[0.569,0.185,0.377,0.000] c=[#c8a48b,#c8a48b,#c8a48b,#c8a48b] rank=[0,2,1,3]
frame=48 t=1367.7 wall=1367.6 interval=3.78 dt=3.79 cpu_prev=0.599 effect_us=120 action=2 since_click=86.7 since_commit=- animating=true repaint=now source/Source(pending):d=[0.595,0.211,0.403,0.019] c=[#c8a48b,#c8a48b,#c8a48b,#c8a48b] rank=[0,2,1,3]
frame=49 t=1380.4 wall=1380.3 interval=12.64 dt=12.65 cpu_prev=0.458 effect_us=60 action=2 since_click=99.4 since_commit=- animating=true repaint=now source/Source(pending):d=[0.681,0.297,0.489,0.105] c=[#c8a48b,#c8a48b,#c8a48b,#c8a48b] rank=[0,2,1,3]
frame=50 t=1388.7 wall=1388.6 interval=8.32 dt=8.32 cpu_prev=0.256 effect_us=55 action=2 since_click=107.7 since_commit=- animating=true repaint=now source/Source(pending):d=[0.720,0.354,0.546,0.162] c=[#c8a48b,#c8a48b,#c8a48b,#c8a48b] rank=[0,2,1,3]
frame=51 t=1391.0 wall=1390.9 interval=2.33 dt=2.34 cpu_prev=0.257 effect_us=52 action=2 since_click=110.0 since_commit=- animating=true repaint=now source/Source(pending):d=[0.720,0.370,0.562,0.178] c=[#c8a48b,#c8a48b,#c8a48b,#c8a48b] rank=[0,2,1,3]
frame=52 t=1405.2 wall=1405.1 interval=14.20 dt=14.20 cpu_prev=0.181 effect_us=45 action=2 since_click=124.2 since_commit=- animating=true repaint=now source/Source(pending):d=[0.720,0.468,0.660,0.276] c=[#c8a48b,#c8a48b,#c8a48b,#c8a48b] rank=[0,2,1,3]
frame=53 t=1413.5 wall=1413.4 interval=8.31 dt=8.31 cpu_prev=0.150 effect_us=40 action=2 since_click=132.5 since_commit=- animating=true repaint=now source/Source(pending):d=[0.720,0.525,0.717,0.333] c=[#c8a48b,#c8a48b,#c8a48b,#c8a48b] rank=[0,2,1,3]
frame=54 t=1430.5 wall=1430.4 interval=16.94 dt=16.94 cpu_prev=0.127 effect_us=40 action=2 since_click=149.5 since_commit=- animating=true repaint=now source/Source(pending):d=[0.720,0.641,0.720,0.449] c=[#c8a48b,#c8a48b,#c8a48b,#c8a48b] rank=[0,2,1,3]
frame=55 t=1447.0 wall=1446.9 interval=16.50 dt=16.50 cpu_prev=0.184 effect_us=43 action=2 since_click=166.0 since_commit=- animating=true repaint=now source/Source(pending):d=[0.720,0.720,0.720,0.562] c=[#c8a48b,#c8a48b,#c8a48b,#c8a48b] rank=[0,2,1,3]
frame=56 t=1455.3 wall=1455.2 interval=8.29 dt=8.30 cpu_prev=0.159 effect_us=42 action=2 since_click=174.3 since_commit=- animating=true repaint=now source/Source(pending):d=[0.720,0.720,0.720,0.619] c=[#c8a48b,#c8a48b,#c8a48b,#c8a48b] rank=[0,2,1,3]
frame=57 t=1471.9 wall=1471.8 interval=16.64 dt=16.64 cpu_prev=0.122 effect_us=44 action=2 since_click=190.9 since_commit=- animating=false repaint=none source/Source(pending):d=[0.720,0.720,0.720,0.720] c=[#c8a48b,#c8a48b,#c8a48b,#c8a48b] rank=[0,2,1,3]
frame=58 t=1488.6 wall=1488.5 interval=16.73 dt=16.73 cpu_prev=0.126 effect_us=45 action=2 since_click=207.6 since_commit=- animating=false repaint=none source/Source(pending):d=[0.720,0.720,0.720,0.720] c=[#c8a48b,#c8a48b,#c8a48b,#c8a48b] rank=[0,2,1,3]
frame=59 t=1587.8 wall=1587.7 interval=99.15 dt=99.12 cpu_prev=0.135 effect_us=147 action=2 since_click=306.8 since_commit=- animating=false repaint=none source/Source(pending):d=[0.720,0.720,0.720,0.720] c=[#c8a48b,#c8a48b,#c8a48b,#c8a48b] rank=[0,2,1,3]
frame=60 t=1590.1 wall=1590.0 interval=2.32 dt=2.32 cpu_prev=1.101 effect_us=124 action=2 since_click=309.1 since_commit=- animating=false repaint=none source/Source(pending):d=[0.720,0.720,0.720,0.720] c=[#c8a48b,#c8a48b,#c8a48b,#c8a48b] rank=[0,2,1,3]
frame=61 t=1601.6 wall=1601.5 interval=11.53 dt=11.54 cpu_prev=0.675 effect_us=256 action=2 since_click=320.6 since_commit=- animating=false repaint=none source/Source(pending):d=[0.720,0.720,0.720,0.720] c=[#c8a48b,#c8a48b,#c8a48b,#c8a48b] rank=[0,2,1,3]
# pixels_per_point=2 script=supersede rows=0
# rect header 0.0 0.0 880.0 56.0
# rect panel_a 12.0 68.0 262.0 482.0
# rect source_key 98.0 157.0 248.0 209.0
# rect panel_b 278.0 68.0 868.0 482.0
# event t=1610.0ms click action=3 wall=1609.9
# event t=1610.0ms stale commit action=1 ignored (current=3)
frame=62 t=1610.0 wall=1609.9 interval=8.38 dt=8.36 cpu_prev=0.876 effect_us=278 action=3 since_click=0.0 since_commit=- animating=true repaint=now source/Source(pending):d=[0.000,0.000,0.000,0.000] c=[#c8a48b,#c8a48b,#c8a48b,#c8a48b] rank=[0,2,1,3]
frame=63 t=1614.1 wall=1614.0 interval=4.07 dt=4.08 cpu_prev=0.977 effect_us=121 action=3 since_click=4.1 since_commit=- animating=true repaint=now source/Source(pending):d=[0.028,0.000,0.000,0.000] c=[#c8a48b,#c8a48b,#c8a48b,#c8a48b] rank=[0,2,1,3]
frame=64 t=1626.6 wall=1626.5 interval=12.55 dt=12.55 cpu_prev=0.621 effect_us=250 action=3 since_click=16.6 since_commit=- animating=true repaint=now source/Source(pending):d=[0.114,0.000,0.000,0.000] c=[#c8a48b,#c8a48b,#c8a48b,#c8a48b] rank=[0,2,1,3]
frame=65 t=1634.8 wall=1634.8 interval=8.23 dt=8.24 cpu_prev=0.850 effect_us=207 action=3 since_click=24.9 since_commit=- animating=true repaint=now source/Source(pending):d=[0.171,0.000,0.000,0.000] c=[#c8a48b,#c8a48b,#c8a48b,#c8a48b] rank=[0,2,1,3]
frame=66 t=1639.7 wall=1639.7 interval=4.89 dt=4.89 cpu_prev=0.903 effect_us=168 action=3 since_click=29.8 since_commit=- animating=true repaint=now source/Source(pending):d=[0.204,0.000,0.012,0.000] c=[#c8a48b,#c8a48b,#c8a48b,#c8a48b] rank=[0,2,1,3]
frame=67 t=1651.5 wall=1651.5 interval=11.79 dt=11.79 cpu_prev=0.627 effect_us=177 action=3 since_click=41.5 since_commit=- animating=true repaint=now source/Source(pending):d=[0.285,0.000,0.093,0.000] c=[#c8a48b,#c8a48b,#c8a48b,#c8a48b] rank=[0,2,1,3]
frame=68 t=1659.8 wall=1659.7 interval=8.26 dt=8.26 cpu_prev=0.846 effect_us=163 action=3 since_click=49.8 since_commit=- animating=true repaint=now source/Source(pending):d=[0.342,0.000,0.150,0.000] c=[#c8a48b,#c8a48b,#c8a48b,#c8a48b] rank=[0,2,1,3]
frame=69 t=1663.9 wall=1663.8 interval=4.10 dt=4.10 cpu_prev=0.772 effect_us=124 action=3 since_click=53.9 since_commit=- animating=true repaint=now source/Source(pending):d=[0.370,0.000,0.178,0.000] c=[#c8a48b,#c8a48b,#c8a48b,#c8a48b] rank=[0,2,1,3]
frame=70 t=1676.6 wall=1676.6 interval=12.77 dt=12.76 cpu_prev=0.638 effect_us=188 action=3 since_click=66.7 since_commit=- animating=true repaint=now source/Source(pending):d=[0.457,0.073,0.265,0.000] c=[#c8a48b,#c8a48b,#c8a48b,#c8a48b] rank=[0,2,1,3]
frame=71 t=1684.8 wall=1684.7 interval=8.12 dt=8.13 cpu_prev=0.674 effect_us=134 action=3 since_click=74.8 since_commit=- animating=true repaint=now source/Source(pending):d=[0.513,0.129,0.321,0.000] c=[#c8a48b,#c8a48b,#c8a48b,#c8a48b] rank=[0,2,1,3]
frame=72 t=1687.6 wall=1687.5 interval=2.84 dt=2.85 cpu_prev=0.680 effect_us=119 action=3 since_click=77.6 since_commit=- animating=true repaint=now source/Source(pending):d=[0.532,0.148,0.340,0.000] c=[#c8a48b,#c8a48b,#c8a48b,#c8a48b] rank=[0,2,1,3]
frame=73 t=1701.7 wall=1701.6 interval=14.08 dt=14.06 cpu_prev=0.462 effect_us=147 action=3 since_click=91.7 since_commit=- animating=true repaint=now source/Source(pending):d=[0.629,0.245,0.437,0.053] c=[#c8a48b,#c8a48b,#c8a48b,#c8a48b] rank=[0,2,1,3]
frame=74 t=1709.8 wall=1709.7 interval=8.05 dt=8.06 cpu_prev=0.691 effect_us=125 action=3 since_click=99.8 since_commit=- animating=true repaint=now source/Source(pending):d=[0.684,0.300,0.492,0.108] c=[#c8a48b,#c8a48b,#c8a48b,#c8a48b] rank=[0,2,1,3]
frame=75 t=1712.4 wall=1712.3 interval=2.66 dt=2.66 cpu_prev=0.614 effect_us=117 action=3 since_click=102.4 since_commit=- animating=true repaint=now source/Source(pending):d=[0.702,0.318,0.510,0.126] c=[#c8a48b,#c8a48b,#c8a48b,#c8a48b] rank=[0,2,1,3]
frame=76 t=1726.3 wall=1726.3 interval=13.93 dt=13.93 cpu_prev=0.417 effect_us=137 action=3 since_click=116.4 since_commit=- animating=true repaint=now source/Source(pending):d=[0.720,0.414,0.606,0.222] c=[#c8a48b,#c8a48b,#c8a48b,#c8a48b] rank=[0,2,1,3]
frame=77 t=1734.7 wall=1734.6 interval=8.34 dt=8.35 cpu_prev=0.624 effect_us=156 action=3 since_click=124.7 since_commit=- animating=true repaint=now source/Source(pending):d=[0.720,0.471,0.663,0.279] c=[#c8a48b,#c8a48b,#c8a48b,#c8a48b] rank=[0,2,1,3]
frame=78 t=1737.6 wall=1737.5 interval=2.87 dt=2.87 cpu_prev=0.613 effect_us=113 action=3 since_click=127.6 since_commit=- animating=true repaint=now source/Source(pending):d=[0.720,0.491,0.683,0.299] c=[#c8a48b,#c8a48b,#c8a48b,#c8a48b] rank=[0,2,1,3]
frame=79 t=1751.5 wall=1751.5 interval=13.97 dt=13.97 cpu_prev=0.409 effect_us=131 action=3 since_click=141.5 since_commit=- animating=true repaint=now source/Source(pending):d=[0.720,0.587,0.720,0.395] c=[#c8a48b,#c8a48b,#c8a48b,#c8a48b] rank=[0,2,1,3]
frame=80 t=1759.8 wall=1759.8 interval=8.31 dt=8.31 cpu_prev=0.755 effect_us=177 action=3 since_click=149.9 since_commit=- animating=true repaint=now source/Source(pending):d=[0.720,0.644,0.720,0.452] c=[#c8a48b,#c8a48b,#c8a48b,#c8a48b] rank=[0,2,1,3]
frame=81 t=1762.8 wall=1762.7 interval=2.96 dt=2.97 cpu_prev=0.682 effect_us=112 action=3 since_click=152.8 since_commit=- animating=true repaint=now source/Source(pending):d=[0.720,0.664,0.720,0.472] c=[#c8a48b,#c8a48b,#c8a48b,#c8a48b] rank=[0,2,1,3]
frame=82 t=1776.2 wall=1776.1 interval=13.42 dt=13.42 cpu_prev=0.428 effect_us=155 action=3 since_click=166.3 since_commit=- animating=true repaint=now source/Source(pending):d=[0.720,0.720,0.720,0.564] c=[#c8a48b,#c8a48b,#c8a48b,#c8a48b] rank=[0,2,1,3]
frame=83 t=1784.5 wall=1784.4 interval=8.28 dt=8.28 cpu_prev=0.512 effect_us=159 action=3 since_click=174.5 since_commit=- animating=true repaint=now source/Source(pending):d=[0.720,0.720,0.720,0.621] c=[#c8a48b,#c8a48b,#c8a48b,#c8a48b] rank=[0,2,1,3]
frame=84 t=1786.9 wall=1786.8 interval=2.36 dt=2.36 cpu_prev=0.489 effect_us=119 action=3 since_click=176.9 since_commit=- animating=true repaint=now source/Source(pending):d=[0.720,0.720,0.720,0.637] c=[#c8a48b,#c8a48b,#c8a48b,#c8a48b] rank=[0,2,1,3]
frame=85 t=1801.6 wall=1801.5 interval=14.70 dt=14.68 cpu_prev=0.370 effect_us=201 action=3 since_click=191.6 since_commit=- animating=false repaint=none source/Source(pending):d=[0.720,0.720,0.720,0.720] c=[#c8a48b,#c8a48b,#c8a48b,#c8a48b] rank=[0,2,1,3]
frame=86 t=1809.8 wall=1809.7 interval=8.19 dt=8.20 cpu_prev=0.753 effect_us=158 action=3 since_click=199.8 since_commit=- animating=false repaint=none source/Source(pending):d=[0.720,0.720,0.720,0.720] c=[#c8a48b,#c8a48b,#c8a48b,#c8a48b] rank=[0,2,1,3]
# pixels_per_point=2 script=supersede rows=0
# rect header 0.0 0.0 880.0 56.0
# rect panel_a 12.0 68.0 262.0 482.0
# rect source_key 98.0 157.0 248.0 209.0
# rect panel_b 278.0 68.0 868.0 482.0
# event t=1883.3ms stale commit action=2 ignored (current=3)
frame=87 t=1883.3 wall=1883.3 interval=73.58 dt=73.55 cpu_prev=0.712 effect_us=292 action=3 since_click=273.3 since_commit=- animating=false repaint=none source/Source(pending):d=[0.720,0.720,0.720,0.720] c=[#c8a48b,#c8a48b,#c8a48b,#c8a48b] rank=[0,2,1,3]
frame=88 t=1885.5 wall=1885.4 interval=2.18 dt=2.20 cpu_prev=1.123 effect_us=183 action=3 since_click=275.5 since_commit=- animating=false repaint=none source/Source(pending):d=[0.720,0.720,0.720,0.720] c=[#c8a48b,#c8a48b,#c8a48b,#c8a48b] rank=[0,2,1,3]
# pixels_per_point=2 script=supersede rows=0
# rect header 0.0 0.0 880.0 56.0
# rect source_key 98.0 157.0 248.0 209.0
# rect panel_b 278.0 68.0 868.0 482.0
# rect panel_a 12.0 68.0 262.0 482.0
# event t=2215.4ms commit action=3 (worker sent at wall 2215.0 ms)
frame=89 t=2215.4 wall=2215.4 interval=329.94 dt=329.91 cpu_prev=0.734 effect_us=485 action=3 since_click=605.4 since_commit=0.0 animating=true repaint=now source/Source:d=[0.000,0.000,0.000,0.000] c=[#c8a48b,#c8a48b,#c8a48b,#c8a48b] rank=[0,2,1,3] relay/Relay:d=[0.000,0.000,0.000,0.000] c=[#c8a48b,#c8a48b,#c8a48b,#c8a48b] rank=[0,1,3,2] header/Header:d=[0.000,0.000,0.000,0.000] c=[#c8a48b,#c8a48b,#c8a48b,#c8a48b] rank=[2,3,1,0] result/Result:d=[0.000,0.000,0.000,0.000] c=[#c8a48b,#c8a48b,#c8a48b,#c8a48b] rank=[1,3,2,0] link:p=0.000 o=0.000
frame=90 t=2218.7 wall=2218.6 interval=3.25 dt=3.27 cpu_prev=1.794 effect_us=459 action=3 since_click=608.7 since_commit=3.3 animating=true repaint=now source/Source:d=[0.031,0.000,0.000,0.000] c=[#c7a58b,#c8a48b,#c8a48b,#c8a48b] rank=[0,2,1,3] relay/Relay:d=[0.000,0.000,0.000,0.000] c=[#c8a48b,#c8a48b,#c8a48b,#c8a48b] rank=[0,1,3,2] header/Header:d=[0.000,0.000,0.000,0.000] c=[#c8a48b,#c8a48b,#c8a48b,#c8a48b] rank=[2,3,1,0] result/Result:d=[0.000,0.000,0.000,0.000] c=[#c8a48b,#c8a48b,#c8a48b,#c8a48b] rank=[1,3,2,0] link:p=0.023 o=0.023
frame=91 t=2230.7 wall=2230.6 interval=12.02 dt=12.04 cpu_prev=1.058 effect_us=269 action=3 since_click=620.7 since_commit=15.3 animating=true repaint=now source/Source:d=[0.146,0.000,0.000,0.000] c=[#c5a88d,#c8a48b,#c8a48b,#c8a48b] rank=[0,2,1,3] relay/Relay:d=[0.003,0.000,0.000,0.000] c=[#c8a48b,#c8a48b,#c8a48b,#c8a48b] rank=[0,1,3,2] header/Header:d=[0.000,0.000,0.000,0.000] c=[#c8a48b,#c8a48b,#c8a48b,#c8a48b] rank=[2,3,1,0] result/Result:d=[0.000,0.000,0.000,0.000] c=[#c8a48b,#c8a48b,#c8a48b,#c8a48b] rank=[1,3,2,0] link:p=0.109 o=0.109
frame=92 t=2238.6 wall=2238.5 interval=7.88 dt=7.89 cpu_prev=0.580 effect_us=208 action=3 since_click=628.6 since_commit=23.2 animating=true repaint=now source/Source:d=[0.221,0.000,0.000,0.000] c=[#c3aa8e,#c8a48b,#c8a48b,#c8a48b] rank=[0,2,1,3] relay/Relay:d=[0.078,0.000,0.000,0.000] c=[#c6a68c,#c8a48b,#c8a48b,#c8a48b] rank=[0,1,3,2] header/Header:d=[0.000,0.000,0.000,0.000] c=[#c8a48b,#c8a48b,#c8a48b,#c8a48b] rank=[2,3,1,0] result/Result:d=[0.000,0.000,0.000,0.000] c=[#c8a48b,#c8a48b,#c8a48b,#c8a48b] rank=[1,3,2,0] link:p=0.166 o=0.166
frame=93 t=2240.4 wall=2240.3 interval=1.81 dt=1.82 cpu_prev=0.431 effect_us=214 action=3 since_click=630.5 since_commit=25.0 animating=true repaint=now source/Source:d=[0.238,0.000,0.000,0.000] c=[#c3aa8e,#c8a48b,#c8a48b,#c8a48b] rank=[0,2,1,3] relay/Relay:d=[0.095,0.000,0.000,0.000] c=[#c6a68c,#c8a48b,#c8a48b,#c8a48b] rank=[0,1,3,2] header/Header:d=[0.000,0.000,0.000,0.000] c=[#c8a48b,#c8a48b,#c8a48b,#c8a48b] rank=[2,3,1,0] result/Result:d=[0.000,0.000,0.000,0.000] c=[#c8a48b,#c8a48b,#c8a48b,#c8a48b] rank=[1,3,2,0] link:p=0.179 o=0.179
frame=94 t=2256.3 wall=2256.3 interval=15.93 dt=15.86 cpu_prev=0.444 effect_us=475 action=3 since_click=646.3 since_commit=40.9 animating=true repaint=now source/Source:d=[0.389,0.000,0.123,0.000] c=[#bfae90,#c8a48b,#caa88c,#c8a48b] rank=[0,2,1,3] relay/Relay:d=[0.246,0.000,0.000,0.000] c=[#c3aa8e,#c8a48b,#c8a48b,#c8a48b] rank=[0,1,3,2] header/Header:d=[0.000,0.000,0.000,0.008] c=[#c8a48b,#c8a48b,#c8a48b,#c8a48b] rank=[2,3,1,0] result/Result:d=[0.000,0.000,0.000,0.000] c=[#c8a48b,#c8a48b,#c8a48b,#c8a48b] rank=[1,3,2,0] link:p=0.292 o=0.292
frame=95 t=2264.4 wall=2264.4 interval=8.16 dt=8.13 cpu_prev=1.286 effect_us=468 action=3 since_click=654.4 since_commit=49.0 animating=true repaint=now source/Source:d=[0.467,0.000,0.200,0.000] c=[#beb092,#c8a48b,#cbab8d,#c8a48b] rank=[0,2,1,3] relay/Relay:d=[0.324,0.057,0.000,0.000] c=[#c1ac90,#c9a68c,#c8a48b,#c8a48b] rank=[0,1,3,2] header/Header:d=[0.000,0.000,0.000,0.086] c=[#c8a48b,#c8a48b,#c8a48b,#c6a68c] rank=[2,3,1,0] result/Result:d=[0.000,0.000,0.000,0.000] c=[#c8a48b,#c8a48b,#c8a48b,#c8a48b] rank=[1,3,2,0] link:p=0.350 o=0.350
frame=96 t=2267.4 wall=2267.3 interval=2.90 dt=3.00 cpu_prev=1.272 effect_us=143 action=3 since_click=657.4 since_commit=52.0 animating=true repaint=now source/Source:d=[0.495,0.000,0.229,0.000] c=[#bdb192,#c8a48b,#cbac8e,#c8a48b] rank=[0,2,1,3] relay/Relay:d=[0.352,0.086,0.000,0.000] c=[#c0ad90,#c9a78c,#c8a48b,#c8a48b] rank=[0,1,3,2] header/Header:d=[0.000,0.000,0.000,0.114] c=[#c8a48b,#c8a48b,#c8a48b,#c5a78d] rank=[2,3,1,0] result/Result:d=[0.000,0.000,0.000,0.000] c=[#c8a48b,#c8a48b,#c8a48b,#c8a48b] rank=[1,3,2,0] link:p=0.371 o=0.371
frame=97 t=2280.8 wall=2280.7 interval=13.35 dt=13.34 cpu_prev=0.301 effect_us=563 action=3 since_click=670.8 since_commit=65.3 animating=true repaint=now source/Source:d=[0.622,0.089,0.356,0.000] c=[#bab494,#c8a58b,#cdb08f,#c8a48b] rank=[0,2,1,3] relay/Relay:d=[0.479,0.213,0.000,0.000] c=[#bdb092,#cbab8e,#c8a48b,#c8a48b] rank=[0,1,3,2] header/Header:d=[0.000,0.000,0.000,0.241] c=[#c8a48b,#c8a48b,#c8a48b,#c3aa8e] rank=[2,3,1,0] result/Result:d=[0.000,0.000,0.000,0.098] c=[#c8a48b,#c8a48b,#c8a48b,#c6a78c] rank=[1,3,2,0] link:p=0.467 o=0.467
frame=98 t=2289.4 wall=2289.3 interval=8.63 dt=8.60 cpu_prev=1.098 effect_us=594 action=3 since_click=679.4 since_commit=73.9 animating=true repaint=now source/Source:d=[0.704,0.171,0.438,0.000] c=[#b9b695,#c9a58a,#cfb390,#c8a48b] rank=[0,2,1,3] relay/Relay:d=[0.561,0.295,0.000,0.028] c=[#bcb393,#ccae8f,#c8a48b,#c8a48b] rank=[0,1,3,2] header/Header:d=[0.000,0.000,0.057,0.323] c=[#c8a48b,#c8a48b,#c9a68c,#c1ac90] rank=[2,3,1,0] result/Result:d=[0.000,0.000,0.000,0.180] c=[#c8a48b,#c8a48b,#c8a48b,#c4a98e] rank=[1,3,2,0] link:p=0.528 o=0.528
frame=99 t=2292.8 wall=2292.7 interval=3.37 dt=3.41 cpu_prev=1.327 effect_us=143 action=3 since_click=682.8 since_commit=77.3 animating=true repaint=now source/Source:d=[0.737,0.203,0.470,0.000] c=[#b8b795,#c9a68a,#cfb491,#c8a48b] rank=[0,2,1,3] relay/Relay:d=[0.594,0.327,0.000,0.060] c=[#bbb393,#cdaf8f,#c8a48b,#c8a48b] rank=[0,1,3,2] header/Header:d=[0.000,0.000,0.089,0.356] c=[#c8a48b,#c8a48b,#c9a78c,#c0ad90] rank=[2,3,1,0] result/Result:d=[0.000,0.000,0.000,0.213] c=[#c8a48b,#c8a48b,#c8a48b,#c3aa8e] rank=[1,3,2,0] link:p=0.552 o=0.552
frame=100 t=2306.2 wall=2306.2 interval=13.49 dt=13.44 cpu_prev=0.314 effect_us=518 action=3 since_click=696.2 since_commit=90.8 animating=true repaint=now source/Source:d=[0.865,0.331,0.598,0.065] c=[#b5ba97,#caa789,#d1b892,#c7a38a] rank=[0,2,1,3] relay/Relay:d=[0.722,0.455,0.000,0.188] c=[#b8b795,#cfb390,#c8a48b,#c9a68a] rank=[0,1,3,2] header/Header:d=[0.000,0.000,0.217,0.484] c=[#c8a48b,#c8a48b,#cbab8e,#bdb192] rank=[2,3,1,0] result/Result:d=[0.074,0.000,0.000,0.341] c=[#c9a78c,#c8a48b,#c8a48b,#c1ad90] rank=[1,3,2,0] link:p=0.648 o=0.648
frame=101 t=2313.9 wall=2313.9 interval=7.69 dt=7.73 cpu_prev=1.468 effect_us=503 action=3 since_click=704.0 since_commit=98.5 animating=true repaint=now source/Source:d=[0.938,0.405,0.672,0.138] c=[#b3bc98,#caa789,#d2bb93,#c7a289] rank=[0,2,1,3] relay/Relay:d=[0.795,0.529,0.000,0.262] c=[#b7b996,#d0b691,#c8a48b,#c9a68a] rank=[0,1,3,2] header/Header:d=[0.024,0.000,0.291,0.557] c=[#c8a48b,#c8a48b,#ccae8e,#bcb293] rank=[2,3,1,0] result/Result:d=[0.148,0.000,0.000,0.414] c=[#caa98d,#c8a48b,#c8a48b,#bfaf91] rank=[1,3,2,0] link:p=0.704 o=0.704
frame=102 t=2316.6 wall=2316.5 interval=2.62 dt=2.63 cpu_prev=0.918 effect_us=121 action=3 since_click=706.6 since_commit=101.1 animating=true repaint=now source/Source:d=[0.963,0.430,0.697,0.163] c=[#b3bd98,#caa789,#d2bc93,#c7a189] rank=[0,2,1,3] relay/Relay:d=[0.820,0.554,0.020,0.287] c=[#b6b996,#d0b792,#c8a48b,#c9a68a] rank=[0,1,3,2] header/Header:d=[0.049,0.000,0.316,0.582] c=[#c8a48b,#c8a48b,#cdaf8f,#bbb393] rank=[2,3,1,0] result/Result:d=[0.173,0.000,0.000,0.440] c=[#cbaa8d,#c8a48b,#c8a48b,#beaf91] rank=[1,3,2,0] link:p=0.722 o=0.722
frame=103 t=2330.7 wall=2330.6 interval=14.16 dt=14.14 cpu_prev=0.239 effect_us=528 action=3 since_click=720.7 since_commit=115.3 animating=true repaint=now source/Source:d=[1.013,0.565,0.831,0.298] c=[#b6bf99,#cba988,#d4c095,#c59f88] rank=[0,2,1,3] relay/Relay:d=[0.955,0.688,0.155,0.422] c=[#b3bd98,#d2bb93,#c7a289,#caa789] rank=[0,1,3,2] header/Header:d=[0.184,0.000,0.450,0.717] c=[#c9a58a,#c8a48b,#cfb390,#b8b795] rank=[2,3,1,0] result/Result:d=[0.308,0.000,0.041,0.574] c=[#cdae8f,#c8a48b,#c8a48b,#bbb393] rank=[1,3,2,0] link:p=0.824 o=0.824
frame=104 t=2339.5 wall=2339.6 interval=8.97 dt=8.81 cpu_prev=1.017 effect_us=537 action=3 since_click=729.5 since_commit=124.1 animating=true repaint=now source/Source:d=[1.024,0.649,0.915,0.382] c=[#b9c099,#cba988,#d6c396,#c59e87] rank=[0,2,1,3] relay/Relay:d=[1.005,0.772,0.239,0.506] c=[#b4be99,#d4be94,#c6a088,#cba888] rank=[0,1,3,2] header/Header:d=[0.268,0.001,0.534,0.801] c=[#c9a68a,#c8a48b,#d0b691,#b6b996] rank=[2,3,1,0] result/Result:d=[0.391,0.000,0.125,0.658] c=[#ceb190,#c8a48b,#c9a58a,#bab594] rank=[1,3,2,0] link:p=0.886 o=0.886
frame=105 t=2343.3 wall=2343.2 interval=3.57 dt=3.74 cpu_prev=1.521 effect_us=154 action=3 since_click=733.3 since_commit=127.8 animating=true repaint=now source/Source:d=[1.028,0.684,0.951,0.418] c=[#bbc099,#cba988,#d6c496,#c49d86] rank=[0,2,1,3] relay/Relay:d=[1.010,0.808,0.275,0.541] c=[#b5bf99,#d4bf95,#c6a088,#cba888] rank=[0,1,3,2] header/Header:d=[0.303,0.037,0.570,0.837] c=[#caa689,#c8a38b,#d1b792,#b6ba97] rank=[2,3,1,0] result/Result:d=[0.427,0.000,0.160,0.694] c=[#ceb390,#c8a48b,#c9a58a,#b9b695] rank=[1,3,2,0] link:p=0.913 o=0.913
frame=106 t=2356.0 wall=2356.0 interval=12.78 dt=12.75 cpu_prev=0.310 effect_us=565 action=3 since_click=746.0 since_commit=140.6 animating=true repaint=now source/Source:d=[1.044,0.806,1.010,0.539] c=[#c0c198,#ccaa87,#d6c496,#c39b85] rank=[0,2,1,3] relay/Relay:d=[1.026,0.929,0.396,0.663] c=[#bac099,#d6c496,#c49e87,#cba988] rank=[0,1,3,2] header/Header:d=[0.425,0.158,0.691,0.958] c=[#caa789,#c7a189,#d2bc93,#b3bd98] rank=[2,3,1,0] result/Result:d=[0.549,0.015,0.282,0.815] c=[#d0b792,#c8a48b,#c9a68a,#b6b996] rank=[1,3,2,0] link:p=1.000 o=1.000
frame=107 t=2364.3 wall=2364.2 interval=8.24 dt=8.24 cpu_prev=1.269 effect_us=562 action=3 since_click=754.3 since_commit=148.8 animating=true repaint=now source/Source:d=[1.054,0.884,1.021,0.618] c=[#c3c298,#ccab87,#d5c194,#c29a84] rank=[0,2,1,3] relay/Relay:d=[1.036,1.001,0.475,0.741] c=[#bdc098,#d7c697,#c49c86,#ccaa87] rank=[0,1,3,2] header/Header:d=[0.503,0.237,0.770,1.005] c=[#cba888,#c6a088,#d4be94,#b3be99] rank=[2,3,1,0] result/Result:d=[0.627,0.094,0.360,0.894] c=[#d1b993,#c7a38a,#caa789,#b4bb98] rank=[1,3,2,0] link:p=1.000 o=1.000
frame=108 t=2367.2 wall=2367.1 interval=2.90 dt=2.90 cpu_prev=1.268 effect_us=188 action=3 since_click=757.2 since_commit=151.7 animating=true repaint=now source/Source:d=[1.058,0.912,1.025,0.645] c=[#c4c298,#cdab86,#d5c193,#c29a84] rank=[0,2,1,3] relay/Relay:d=[1.039,1.005,0.502,0.769] c=[#bec198,#d7c596,#c39c85,#ccaa87] rank=[0,1,3,2] header/Header:d=[0.531,0.264,0.797,1.008] c=[#cba888,#c6a088,#d4bf95,#b5bf99] rank=[2,3,1,0] result/Result:d=[0.655,0.121,0.388,0.921] c=[#d2ba93,#c7a28a,#caa789,#b4bc98] rank=[1,3,2,0] link:p=1.000 o=1.000
frame=109 t=2381.0 wall=2381.0 interval=13.88 dt=13.88 cpu_prev=0.523 effect_us=622 action=3 since_click=771.1 since_commit=165.6 animating=true repaint=now source/Source:d=[1.075,1.007,1.044,0.777] c=[#c9c398,#ccab86,#d3bd91,#c19882] rank=[0,2,1,3] relay/Relay:d=[1.057,1.024,0.634,0.901] c=[#c3c298,#d5c194,#c29a84,#cdab86] rank=[0,1,3,2] header/Header:d=[0.663,0.396,0.930,1.026] c=[#cba988,#c49e87,#d6c496,#bac099] rank=[2,3,1,0] result/Result:d=[0.787,0.253,0.520,1.028] c=[#d4bf94,#c6a088,#cba888,#bbc099] rank=[1,3,2,0] link:p=1.000 o=1.000
frame=110 t=2388.9 wall=2388.8 interval=7.82 dt=7.84 cpu_prev=1.377 effect_us=562 action=3 since_click=778.9 since_commit=173.5 animating=true repaint=now source/Source:d=[1.085,1.018,1.054,0.852] c=[#ccc498,#cba885,#d2ba8f,#c09682] rank=[0,2,1,3] relay/Relay:d=[1.066,1.034,0.709,0.976] c=[#c6c298,#d4bf92,#c29983,#cdac86] rank=[0,1,3,2] header/Header:d=[0.738,0.471,1.001,1.035] c=[#ccaa87,#c49c86,#d7c697,#bdc098] rank=[2,3,1,0] result/Result:d=[0.861,0.328,0.595,1.068] c=[#d5c195,#c59f87,#cba988,#c7c398] rank=[1,3,2,0] link:p=1.000 o=1.000
frame=111 t=2392.1 wall=2392.0 interval=3.20 dt=3.20 cpu_prev=1.026 effect_us=474 action=3 since_click=782.1 since_commit=176.7 animating=true repaint=now source/Source:d=[1.089,1.023,1.058,0.882] c=[#cdc498,#caa785,#d2b98f,#c09681] rank=[0,2,1,3] relay/Relay:d=[1.070,1.038,0.740,1.001] c=[#c8c398,#d4be92,#c19883,#cdac86] rank=[0,1,3,2] header/Header:d=[0.768,0.501,1.005,1.039] c=[#ccaa87,#c39c85,#d7c596,#bec198] rank=[2,3,1,0] result/Result:d=[0.892,0.359,0.625,1.084] c=[#d5c296,#c59e87,#cba988,#ccc498] rank=[1,3,2,0] link:p=1.000 o=1.000
frame=112 t=2405.7 wall=2405.6 interval=13.61 dt=13.61 cpu_prev=0.918 effect_us=620 action=3 since_click=795.7 since_commit=190.3 animating=true repaint=now source/Source:d=[1.106,1.042,1.077,1.002] c=[#d3c597,#c8a484,#d1b58c,#bf9580] rank=[0,2,1,3] relay/Relay:d=[1.087,1.057,0.869,1.021] c=[#cdc498,#d2ba8f,#c09681,#cba885] rank=[0,1,3,2] header/Header:d=[0.898,0.631,1.023,1.056] c=[#ccab87,#c29a84,#d5c194,#c3c298] rank=[2,3,1,0] result/Result:d=[1.016,0.488,0.755,1.087] c=[#d6c295,#c49c86,#ccaa87,#d4bf92] rank=[1,3,2,0] link:p=1.000 o=1.000
frame=113 t=2414.0 wall=2413.9 interval=8.33 dt=8.33 cpu_prev=1.101 effect_us=645 action=3 since_click=804.0 since_commit=198.6 animating=true repaint=now source/Source:d=[1.116,1.055,1.088,1.015] c=[#d6c697,#c7a183,#d0b38b,#bd9983] rank=[0,2,1,3] relay/Relay:d=[1.097,1.068,0.948,1.033] c=[#d0c497,#d1b78d,#bf9581,#c9a584] rank=[0,1,3,2] header/Header:d=[0.977,0.710,1.034,1.066] c=[#cdac86,#c29983,#d4bf92,#c6c298] rank=[2,3,1,0] result/Result:d=[1.076,0.568,0.834,1.045] c=[#d1b68c,#c39b85,#ccab87,#d1b68c] rank=[1,3,2,0] link:p=1.000 o=1.000
frame=114 t=2416.8 wall=2416.7 interval=2.76 dt=2.77 cpu_prev=1.175 effect_us=251 action=3 since_click=806.8 since_commit=201.4 animating=true repaint=now source/Source:d=[1.120,1.059,1.091,1.020] c=[#d7c697,#c6a083,#cfb28a,#bd9b84] rank=[0,2,1,3] relay/Relay:d=[1.101,1.071,0.975,1.037] c=[#d1c597,#d1b78d,#bf9480,#c9a584] rank=[0,1,3,2] header/Header:d=[1.001,0.737,1.038,1.070] c=[#cdac86,#c19883,#d4be92,#c8c398] rank=[2,3,1,0] result/Result:d=[1.096,0.594,0.861,1.031] c=[#cfb189,#c39a84,#ccab87,#d0b38a] rank=[1,3,2,0] link:p=1.000 o=1.000
frame=115 t=2430.7 wall=2430.7 interval=13.96 dt=13.96 cpu_prev=0.612 effect_us=579 action=3 since_click=820.8 since_commit=215.3 animating=true repaint=now source/Source:d=[1.103,1.079,1.110,1.042] c=[#d6c295,#c49c82,#ceae87,#baa389] rank=[0,2,1,3] relay/Relay:d=[1.118,1.090,1.018,1.057] c=[#d6c697,#cfb28a,#bd9a84,#c6a183] rank=[0,1,3,2] header/Header:d=[1.021,0.870,1.057,1.087] c=[#cba885,#c09681,#d2ba8f,#cdc498] rank=[2,3,1,0] result/Result:d=[1.044,0.727,0.993,0.961] c=[#c49d82,#c19883,#cdac86,#c8a484] rank=[1,3,2,0] link:p=1.000 o=1.000
frame=116 t=2438.8 wall=2438.7 interval=8.05 dt=8.06 cpu_prev=1.292 effect_us=320 action=3 since_click=828.8 since_commit=223.4 animating=true repaint=now source/Source:d=[1.093,1.090,1.119,1.054] c=[#d5c093,#c29a81,#cdac86,#b9a78b] rank=[0,2,1,3] relay/Relay:d=[1.112,1.101,1.031,1.069] c=[#d6c496,#cfb089,#bc9f86,#c59e83] rank=[0,1,3,2] header/Header:d=[1.032,0.946,1.067,1.097] c=[#c9a684,#bf9581,#d1b78d,#d0c497] rank=[2,3,1,0] result/Result:d=[0.987,0.804,1.091,0.920] c=[#be9983,#c19782,#c29a81,#c49c82] rank=[1,3,2,0] link:p=1.000 o=1.000
frame=117 t=2442.9 wall=2442.8 interval=4.10 dt=4.08 cpu_prev=0.709 effect_us=290 action=3 since_click=832.9 since_commit=227.4 animating=true repaint=now source/Source:d=[1.088,1.096,1.114,1.061] c=[#d4bf92,#c29981,#ccab86,#b8a98d] rank=[0,2,1,3] relay/Relay:d=[1.107,1.106,1.037,1.075] c=[#d6c395,#ceaf88,#bba188,#c49d82] rank=[0,1,3,2] header/Header:d=[1.038,0.985,1.073,1.102] c=[#c9a484,#bf9480,#d1b68d,#d2c597] rank=[2,3,1,0] result/Result:d=[0.957,0.842,1.099,0.899] c=[#baa389,#c09782,#bd9b84,#c19881] rank=[1,3,2,0] link:p=1.000 o=1.000
frame=118 t=2455.3 wall=2455.3 interval=12.44 dt=12.47 cpu_prev=0.647 effect_us=315 action=3 since_click=845.4 since_commit=239.9 animating=true repaint=now source/Source:d=[1.073,1.114,1.097,1.081] c=[#d3bc90,#c09580,#caa785,#b6b091] rank=[0,2,1,3] relay/Relay:d=[1.091,1.117,1.057,1.093] c=[#d5c093,#cdab86,#b9a88c,#c29981] rank=[0,1,3,2] header/Header:d=[1.056,1.017,1.089,1.118] c=[#c6a183,#bd9a84,#d0b38a,#d6c697] rank=[2,3,1,0] result/Result:d=[0.907,0.961,0.946,0.979] c=[#b6bf99,#bf9580,#c3c298,#baa389] rank=[1,3,2,0] link:p=1.000 o=1.000
frame=119 t=2463.8 wall=2463.7 interval=8.46 dt=8.46 cpu_prev=0.606 effect_us=272 action=3 since_click=853.8 since_commit=248.4 animating=true repaint=now source/Source:d=[1.062,1.113,1.086,1.094] c=[#d2b98f,#be9681,#c9a584,#b5b594] rank=[0,2,1,3] relay/Relay:d=[1.081,1.106,1.070,1.105] c=[#d4be91,#cba985,#b7ad8f,#c19781] rank=[0,1,3,2] header/Header:d=[1.069,1.031,1.101,1.112] c=[#c59e83,#bc9f86,#cfb089,#d6c496] rank=[2,3,1,0] result/Result:d=[1.043,1.049,0.967,1.075] c=[#c8c398,#c8c398,#d4be92,#b6b292] rank=[1,3,2,0] link:p=1.000 o=1.000
frame=120 t=2466.8 wall=2466.7 interval=3.01 dt=3.00 cpu_prev=0.630 effect_us=261 action=3 since_click=856.8 since_commit=251.4 animating=true repaint=now source/Source:d=[1.058,1.109,1.082,1.099] c=[#d2b98e,#be9882,#c9a484,#b4b795] rank=[0,2,1,3] relay/Relay:d=[1.077,1.102,1.075,1.109] c=[#d3bd91,#cba885,#b7ae90,#c09681] rank=[0,1,3,2] header/Header:d=[1.073,1.035,1.105,1.108] c=[#c49d82,#bba087,#ceaf88,#d6c395] rank=[2,3,1,0] result/Result:d=[1.092,0.918,1.050,1.109] c=[#cfc497,#d0b48b,#d1b68c,#b4b895] rank=[1,3,2,0] link:p=1.000 o=1.000
frame=121 t=2480.5 wall=2480.5 interval=13.74 dt=13.74 cpu_prev=0.461 effect_us=210 action=3 since_click=870.6 since_commit=265.1 animating=true repaint=now source/Source:d=[1.041,1.089,1.063,1.119] c=[#d0b58c,#bc9f86,#c6a183,#b2be99] rank=[0,2,1,3] relay/Relay:d=[1.060,1.083,1.097,1.111] c=[#d2b98f,#c9a584,#b5b694,#be9782] rank=[0,1,3,2] header/Header:d=[1.093,1.057,1.117,1.091] c=[#c29981,#b9a88c,#cdab86,#d5c093] rank=[2,3,1,0] result/Result:d=[1.150,1.150,1.150,1.150] c=[#d7c697,#bf9480,#cdac86,#b2be99] rank=[1,3,2,0] link:p=1.000 o=1.000
frame=122 t=2488.7 wall=2488.6 interval=8.15 dt=8.15 cpu_prev=0.671 effect_us=211 action=3 since_click=878.7 since_commit=273.3 animating=true repaint=now source/Source:d=[1.031,1.077,1.052,1.106] c=[#d0b38a,#baa389,#c59e83,#b6bf99] rank=[0,2,1,3] relay/Relay:d=[1.050,1.073,1.110,1.099] c=[#d1b78d,#c7a384,#b3ba97,#bd9b84] rank=[0,1,3,2] header/Header:d=[1.105,1.070,1.106,1.081] c=[#c19781,#b7ad8f,#cba985,#d4be91] rank=[2,3,1,0] result/Result:d=[1.150,1.150,1.150,1.150] c=[#d7c697,#bf9480,#cdac86,#b2be99] rank=[1,3,2,0] link:p=1.000 o=1.000
frame=123 t=2492.2 wall=2492.1 interval=3.50 dt=3.49 cpu_prev=0.459 effect_us=192 action=3 since_click=882.2 since_commit=276.8 animating=true repaint=now source/Source:d=[1.027,1.072,1.048,1.101] c=[#cfb28a,#baa58a,#c59e82,#b8bf99] rank=[0,2,1,3] relay/Relay:d=[1.046,1.068,1.115,1.094] c=[#d1b68c,#c7a283,#b3bc98,#bc9d85] rank=[0,1,3,2] header/Header:d=[1.110,1.076,1.101,1.077] c=[#c09681,#b7ae90,#cba885,#d3bd91] rank=[2,3,1,0] result/Result:d=[1.150,1.150,1.150,1.150] c=[#d7c697,#bf9480,#cdac86,#b2be99] rank=[1,3,2,0] link:p=1.000 o=1.000
frame=124 t=2505.7 wall=2505.6 interval=13.47 dt=13.47 cpu_prev=0.462 effect_us=183 action=3 since_click=895.7 since_commit=290.2 animating=true repaint=now source/Source:d=[1.010,1.053,1.030,1.080] c=[#ceae87,#b8ac8e,#c29a81,#bec198] rank=[0,2,1,3] relay/Relay:d=[1.029,1.050,1.103,1.074] c=[#cfb28a,#c59e82,#b7bf99,#baa48a] rank=[0,1,3,2] header/Header:d=[1.111,1.097,1.083,1.060] c=[#be9782,#b4b694,#c9a584,#d2b98e] rank=[2,3,1,0] result/Result:d=[1.150,1.150,1.150,1.150] c=[#d7c697,#bf9480,#cdac86,#b2be99] rank=[1,3,2,0] link:p=1.000 o=1.000
frame=125 t=2514.1 wall=2514.0 interval=8.40 dt=8.40 cpu_prev=0.693 effect_us=173 action=3 since_click=904.1 since_commit=298.6 animating=true repaint=now source/Source:d=[1.000,1.040,1.019,1.066] c=[#cdac86,#b6b091,#c19881,#c3c298] rank=[0,2,1,3] relay/Relay:d=[1.018,1.039,1.090,1.062] c=[#cfb089,#c49c82,#bbc099,#b9a88c] rank=[0,1,3,2] header/Header:d=[1.098,1.110,1.072,1.049] c=[#bd9c84,#b3bb97,#c7a284,#d1b78d] rank=[2,3,1,0] result/Result:d=[1.150,1.150,1.150,1.150] c=[#d7c697,#bf9480,#cdac86,#b2be99] rank=[1,3,2,0] link:p=1.000 o=1.000
frame=126 t=2518.0 wall=2518.0 interval=3.98 dt=3.99 cpu_prev=0.736 effect_us=128 action=3 since_click=908.1 since_commit=302.6 animating=true repaint=now source/Source:d=[0.995,1.035,1.013,1.060] c=[#ccab86,#b6b292,#c19781,#c4c298] rank=[0,2,1,3] relay/Relay:d=[1.013,1.033,1.084,1.056] c=[#ceaf88,#c39b82,#bdc098,#b8aa8d] rank=[0,1,3,2] header/Header:d=[1.093,1.117,1.067,1.045] c=[#bc9e86,#b2bd98,#c7a183,#d1b68c] rank=[2,3,1,0] result/Result:d=[1.150,1.150,1.150,1.150] c=[#d7c697,#bf9480,#cdac86,#b2be99] rank=[1,3,2,0] link:p=1.000 o=1.000
frame=127 t=2530.6 wall=2530.5 interval=12.51 dt=12.51 cpu_prev=0.381 effect_us=143 action=3 since_click=920.6 since_commit=315.1 animating=true repaint=now source/Source:d=[0.979,1.016,0.996,1.040] c=[#cba885,#b4b896,#bf9581,#cbc398] rank=[0,2,1,3] relay/Relay:d=[0.998,1.017,1.064,1.038] c=[#cdac86,#c19781,#c3c298,#b6b191] rank=[0,1,3,2] header/Header:d=[1.074,1.104,1.050,1.029] c=[#baa489,#b7bf99,#c59e82,#cfb28a] rank=[2,3,1,0] result/Result:d=[1.150,1.150,1.150,1.150] c=[#d7c697,#bf9480,#cdac86,#b2be99] rank=[1,3,2,0] link:p=1.000 o=1.000
frame=128 t=2538.7 wall=2538.6 interval=8.13 dt=8.13 cpu_prev=0.451 effect_us=130 action=3 since_click=928.7 since_commit=323.3 animating=true repaint=now source/Source:d=[0.969,1.005,0.986,1.027] c=[#c9a684,#b3bc98,#bd9983,#cfc497] rank=[0,2,1,3] relay/Relay:d=[0.988,1.006,1.051,1.026] c=[#ccaa85,#c09580,#c7c398,#b5b593] rank=[0,1,3,2] header/Header:d=[1.063,1.091,1.039,1.019] c=[#b9a88c,#bbc099,#c49c82,#cfb089] rank=[2,3,1,0] result/Result:d=[1.150,1.150,1.150,1.150] c=[#d7c697,#bf9480,#cdac86,#b2be99] rank=[1,3,2,0] link:p=1.000 o=1.000
frame=129 t=2542.0 wall=2541.9 interval=3.33 dt=3.33 cpu_prev=0.309 effect_us=127 action=3 since_click=932.0 since_commit=326.6 animating=true repaint=now source/Source:d=[0.965,1.000,0.981,1.022] c=[#c9a584,#b2be99,#bd9b84,#d0c597] rank=[0,2,1,3] relay/Relay:d=[0.984,1.001,1.046,1.022] c=[#cba985,#bf9480,#c9c398,#b4b694] rank=[0,1,3,2] header/Header:d=[1.058,1.085,1.035,1.015] c=[#b8aa8d,#bdc098,#c39b82,#ceaf88] rank=[2,3,1,0] result/Result:d=[1.150,1.150,1.150,1.150] c=[#d7c697,#bf9480,#cdac86,#b2be99] rank=[1,3,2,0] link:p=1.000 o=1.000
frame=130 t=2555.4 wall=2555.3 interval=13.38 dt=13.38 cpu_prev=0.275 effect_us=132 action=3 since_click=945.4 since_commit=340.0 animating=true repaint=now source/Source:d=[0.949,0.980,0.963,1.001] c=[#c7a283,#b8bf99,#bba188,#d7c697] rank=[0,2,1,3] relay/Relay:d=[0.967,0.983,1.025,1.002] c=[#c9a584,#bd9a83,#cfc497,#b2bd99] rank=[0,1,3,2] header/Header:d=[1.038,1.064,1.017,0.998] c=[#b6b191,#c3c298,#c19781,#cdac86] rank=[2,3,1,0] result/Result:d=[1.150,1.150,1.150,1.150] c=[#d7c697,#bf9480,#cdac86,#b2be99] rank=[1,3,2,0] link:p=1.000 o=1.000
frame=131 t=2563.6 wall=2563.5 interval=8.19 dt=8.20 cpu_prev=0.353 effect_us=125 action=3 since_click=953.6 since_commit=348.2 animating=true repaint=now source/Source:d=[0.938,0.969,0.952,0.988] c=[#c6a083,#bcc098,#baa58a,#d6c395] rank=[0,2,1,3] relay/Relay:d=[0.957,0.972,1.012,0.990] c=[#c8a384,#bc9e86,#d3c597,#b5bf99] rank=[0,1,3,2] header/Header:d=[1.027,1.051,1.006,0.988] c=[#b5b593,#c7c398,#c09580,#ccaa85] rank=[2,3,1,0] result/Result:d=[1.150,1.150,1.150,1.150] c=[#d7c697,#bf9480,#cdac86,#b2be99] rank=[1,3,2,0] link:p=1.000 o=1.000
frame=132 t=2566.4 wall=2566.3 interval=2.83 dt=2.84 cpu_prev=0.261 effect_us=127 action=3 since_click=956.4 since_commit=351.0 animating=true repaint=now source/Source:d=[0.935,0.964,0.949,0.983] c=[#c59f83,#bdc098,#b9a68b,#d6c295] rank=[0,2,1,3] relay/Relay:d=[0.953,0.969,1.007,0.986] c=[#c8a384,#bc9f87,#d5c697,#b6bf99] rank=[0,1,3,2] header/Header:d=[1.022,1.047,1.002,0.984] c=[#b4b694,#c9c398,#bf9480,#cba985] rank=[2,3,1,0] result/Result:d=[1.150,1.150,1.150,1.150] c=[#d7c697,#bf9480,#cdac86,#b2be99] rank=[1,3,2,0] link:p=1.000 o=1.000
frame=133 t=2580.3 wall=2580.2 interval=13.89 dt=13.88 cpu_prev=0.269 effect_us=125 action=3 since_click=970.3 since_commit=364.9 animating=true repaint=now source/Source:d=[0.918,0.944,0.930,0.961] c=[#c39c82,#c3c298,#b7ad8f,#d4be92] rank=[0,2,1,3] relay/Relay:d=[0.936,0.950,0.985,0.966] c=[#c69f83,#baa58a,#d6c395,#bcc098] rank=[0,1,3,2] header/Header:d=[1.002,1.025,0.983,0.967] c=[#b2bd99,#cfc497,#bd9a83,#c9a584] rank=[2,3,1,0] result/Result:d=[1.150,1.150,1.150,1.150] c=[#d7c697,#bf9480,#cdac86,#b2be99] rank=[1,3,2,0] link:p=1.000 o=1.000
frame=134 t=2588.6 wall=2588.5 interval=8.28 dt=8.29 cpu_prev=0.280 effect_us=122 action=3 since_click=978.6 since_commit=373.2 animating=true repaint=now source/Source:d=[0.907,0.932,0.919,0.948] c=[#c29981,#c7c398,#b6b091,#d3bb90] rank=[0,2,1,3] relay/Relay:d=[0.926,0.939,0.972,0.954] c=[#c49d82,#b8a98d,#d5c093,#c0c198] rank=[0,1,3,2] header/Header:d=[0.990,1.012,0.972,0.957] c=[#b5bf99,#d3c597,#bc9e86,#c8a384] rank=[2,3,1,0] result/Result:d=[1.150,1.150,1.150,1.150] c=[#d7c697,#bf9480,#cdac86,#b2be99] rank=[1,3,2,0] link:p=1.000 o=1.000
frame=135 t=2591.3 wall=2591.2 interval=2.71 dt=2.71 cpu_prev=0.242 effect_us=122 action=3 since_click=981.3 since_commit=375.9 animating=true repaint=now source/Source:d=[0.904,0.928,0.915,0.944] c=[#c29981,#c8c398,#b6b292,#d2ba8f] rank=[0,2,1,3] relay/Relay:d=[0.923,0.935,0.968,0.950] c=[#c49d82,#b8ab8d,#d4bf92,#c1c198] rank=[0,1,3,2] header/Header:d=[0.986,1.007,0.969,0.954] c=[#b6bf99,#d5c697,#bc9f87,#c8a384] rank=[2,3,1,0] result/Result:d=[1.150,1.150,1.150,1.150] c=[#d7c697,#bf9480,#cdac86,#b2be99] rank=[1,3,2,0] link:p=1.000 o=1.000
frame=136 t=2605.2 wall=2605.2 interval=13.94 dt=13.94 cpu_prev=0.226 effect_us=122 action=3 since_click=995.3 since_commit=389.8 animating=true repaint=now source/Source:d=[0.887,0.908,0.897,0.922] c=[#c09580,#cec497,#b4b896,#d0b58c] rank=[0,2,1,3] relay/Relay:d=[0.905,0.917,0.946,0.930] c=[#c29981,#b6b191,#d2ba8f,#c8c398] rank=[0,1,3,2] header/Header:d=[0.966,0.985,0.950,0.936] c=[#bcc098,#d6c395,#baa58a,#c69f83] rank=[2,3,1,0] result/Result:d=[1.150,1.150,1.150,1.150] c=[#d7c697,#bf9480,#cdac86,#b2be99] rank=[1,3,2,0] link:p=1.000 o=1.000
frame=137 t=2613.6 wall=2613.5 interval=8.37 dt=8.37 cpu_prev=0.248 effect_us=121 action=3 since_click=1003.6 since_commit=398.2 animating=true repaint=now source/Source:d=[0.888,0.896,0.885,0.909] c=[#bf9581,#d2c597,#b3bc98,#cfb28a] rank=[0,2,1,3] relay/Relay:d=[0.895,0.905,0.932,0.918] c=[#c19781,#b5b594,#d1b78d,#cbc398] rank=[0,1,3,2] header/Header:d=[0.954,0.972,0.939,0.926] c=[#c0c198,#d5c093,#b8a98d,#c49d82] rank=[2,3,1,0] result/Result:d=[1.150,1.150,1.150,1.150] c=[#d7c697,#bf9480,#cdac86,#b2be99] rank=[1,3,2,0] link:p=1.000 o=1.000
frame=138 t=2616.3 wall=2616.2 interval=2.64 dt=2.64 cpu_prev=0.257 effect_us=124 action=3 since_click=1006.3 since_commit=400.8 animating=true repaint=now source/Source:d=[0.896,0.892,0.882,0.904] c=[#be9681,#d3c597,#b2bd99,#cfb189] rank=[0,2,1,3] relay/Relay:d=[0.892,0.902,0.928,0.914] c=[#c09681,#b4b694,#d1b68d,#cdc498] rank=[0,1,3,2] header/Header:d=[0.950,0.968,0.935,0.923] c=[#c1c198,#d4bf92,#b8ab8d,#c49d82] rank=[2,3,1,0] result/Result:d=[1.150,1.150,1.150,1.150] c=[#d7c697,#bf9480,#cdac86,#b2be99] rank=[1,3,2,0] link:p=1.000 o=1.000
frame=139 t=2630.4 wall=2630.3 interval=14.10 dt=14.10 cpu_prev=0.265 effect_us=124 action=3 since_click=1020.4 since_commit=414.9 animating=true repaint=now source/Source:d=[0.935,0.899,0.918,0.882] c=[#bc9d85,#d6c496,#b7bf99,#cdac86] rank=[0,2,1,3] relay/Relay:d=[0.893,0.883,0.906,0.894] c=[#be9681,#b2bd98,#cfb28a,#d3c597] rank=[0,1,3,2] header/Header:d=[0.930,0.945,0.917,0.905] c=[#c8c398,#d2ba8f,#b6b191,#c29981] rank=[2,3,1,0] result/Result:d=[1.150,1.150,1.150,1.150] c=[#d7c697,#bf9480,#cdac86,#b2be99] rank=[1,3,2,0] link:p=1.000 o=1.000
frame=140 t=2638.7 wall=2638.6 interval=8.37 dt=8.37 cpu_prev=0.297 effect_us=134 action=3 since_click=1028.8 since_commit=423.3 animating=true repaint=now source/Source:d=[0.958,0.926,0.943,0.905] c=[#bba087,#d5c294,#bbc099,#ccaa85] rank=[0,2,1,3] relay/Relay:d=[0.916,0.898,0.893,0.881] c=[#bd9a83,#b4bf99,#ceaf88,#d7c697] rank=[0,1,3,2] header/Header:d=[0.918,0.932,0.905,0.895] c=[#cbc398,#d1b78d,#b5b594,#c19781] rank=[2,3,1,0] result/Result:d=[1.150,1.150,1.150,1.150] c=[#d7c697,#bf9480,#cdac86,#b2be99] rank=[1,3,2,0] link:p=1.000 o=1.000
frame=141 t=2641.2 wall=2641.1 interval=2.46 dt=2.47 cpu_prev=0.356 effect_us=127 action=3 since_click=1031.2 since_commit=425.8 animating=true repaint=now source/Source:d=[0.965,0.934,0.951,0.914] c=[#bba188,#d5c194,#bcc098,#cba985] rank=[0,2,1,3] relay/Relay:d=[0.923,0.906,0.889,0.885] c=[#bd9b84,#b6bf99,#ceae87,#d7c697] rank=[0,1,3,2] header/Header:d=[0.914,0.928,0.902,0.892] c=[#cdc498,#d1b68d,#b4b694,#c09681] rank=[2,3,1,0] result/Result:d=[1.150,1.150,1.150,1.150] c=[#d7c697,#bf9480,#cdac86,#b2be99] rank=[1,3,2,0] link:p=1.000 o=1.000
frame=142 t=2655.3 wall=2655.2 interval=14.10 dt=14.10 cpu_prev=0.259 effect_us=124 action=3 since_click=1045.3 since_commit=439.9 animating=true repaint=now source/Source:d=[1.005,0.980,0.993,0.964] c=[#b9a78c,#d3bc91,#c2c198,#c9a584] rank=[0,2,1,3] relay/Relay:d=[0.963,0.948,0.911,0.931] c=[#bba188,#bbc098,#cba985,#d5c194] rank=[0,1,3,2] header/Header:d=[0.894,0.906,0.883,0.893] c=[#d3c597,#cfb28a,#b2bd98,#be9681] rank=[2,3,1,0] result/Result:d=[1.150,1.150,1.150,1.150] c=[#d7c697,#bf9480,#cdac86,#b2be99] rank=[1,3,2,0] link:p=1.000 o=1.000
frame=143 t=2663.7 wall=2663.6 interval=8.37 dt=8.37 cpu_prev=0.262 effect_us=124 action=3 since_click=1053.7 since_commit=448.2 animating=true repaint=now source/Source:d=[1.028,1.007,1.018,0.994] c=[#b8ab8e,#d2ba8f,#c5c298,#c7a283] rank=[0,2,1,3] relay/Relay:d=[0.986,0.973,0.941,0.958] c=[#baa48a,#bfc198,#caa785,#d4be92] rank=[0,1,3,2] header/Header:d=[0.881,0.893,0.898,0.916] c=[#d7c697,#ceaf88,#b4bf99,#bd9a83] rank=[2,3,1,0] result/Result:d=[1.150,1.150,1.150,1.150] c=[#d7c697,#bf9480,#cdac86,#b2be99] rank=[1,3,2,0] link:p=1.000 o=1.000
frame=144 t=2666.5 wall=2666.4 interval=2.87 dt=2.87 cpu_prev=0.281 effect_us=129 action=3 since_click=1056.6 since_commit=451.1 animating=true repaint=now source/Source:d=[1.036,1.017,1.027,1.004] c=[#b7ac8e,#d2b98e,#c6c298,#c7a183] rank=[0,2,1,3] relay/Relay:d=[0.994,0.982,0.951,0.968] c=[#baa68b,#c0c198,#c9a684,#d4be91] rank=[0,1,3,2] header/Header:d=[0.886,0.888,0.907,0.924] c=[#d7c597,#ceae87,#b6bf99,#bd9b84] rank=[2,3,1,0] result/Result:d=[1.150,1.150,1.150,1.150] c=[#d7c697,#bf9480,#cdac86,#b2be99] rank=[1,3,2,0] link:p=1.000 o=1.000
frame=145 t=2680.7 wall=2680.6 interval=14.14 dt=14.13 cpu_prev=0.317 effect_us=129 action=3 since_click=1070.7 since_commit=465.2 animating=true repaint=now source/Source:d=[1.075,1.063,1.070,1.055] c=[#b6b292,#d0b48b,#ccc498,#c49c82] rank=[0,2,1,3] relay/Relay:d=[1.033,1.024,1.001,1.014] c=[#b8ac8e,#c6c298,#c7a183,#d2b98f] rank=[0,1,3,2] header/Header:d=[0.932,0.912,0.949,0.964] c=[#d5c194,#cba985,#bbc098,#bba188] rank=[2,3,1,0] result/Result:d=[1.150,1.150,1.150,1.150] c=[#d7c697,#bf9480,#cdac86,#b2be99] rank=[1,3,2,0] link:p=1.000 o=1.000
frame=146 t=2688.7 wall=2688.6 interval=8.06 dt=8.06 cpu_prev=0.318 effect_us=125 action=3 since_click=1078.7 since_commit=473.3 animating=true repaint=now source/Source:d=[1.098,1.089,1.094,1.083] c=[#b5b694,#cfb28a,#cfc497,#c29a81] rank=[0,2,1,3] relay/Relay:d=[1.056,1.049,1.030,1.040] c=[#b7af90,#c9c398,#c59f83,#d1b78d] rank=[0,1,3,2] header/Header:d=[0.958,0.941,0.973,0.986] c=[#d4be92,#caa785,#bfc198,#baa58a] rank=[2,3,1,0] result/Result:d=[1.150,1.150,1.150,1.150] c=[#d7c697,#bf9480,#cdac86,#b2be99] rank=[1,3,2,0] link:p=1.000 o=1.000
frame=147 t=2691.2 wall=2691.1 interval=2.48 dt=2.48 cpu_prev=0.312 effect_us=135 action=3 since_click=1081.2 since_commit=475.8 animating=true repaint=now source/Source:d=[1.105,1.097,1.101,1.092] c=[#b4b795,#cfb189,#d0c597,#c29981] rank=[0,2,1,3] relay/Relay:d=[1.063,1.056,1.039,1.048] c=[#b6b091,#cac398,#c59e82,#d1b68c] rank=[0,1,3,2] header/Header:d=[0.967,0.950,0.981,0.993] c=[#d4be92,#c9a684,#c0c198,#baa68a] rank=[2,3,1,0] result/Result:d=[1.150,1.150,1.150,1.150] c=[#d7c697,#bf9480,#cdac86,#b2be99] rank=[1,3,2,0] link:p=1.000 o=1.000
frame=148 t=2705.5 wall=2705.4 interval=14.30 dt=14.30 cpu_prev=0.335 effect_us=130 action=3 since_click=1095.5 since_commit=490.1 animating=true repaint=now source/Source:d=[1.145,1.144,1.144,1.143] c=[#b2bd99,#cdad86,#d6c697,#bf9580] rank=[0,2,1,3] relay/Relay:d=[1.103,1.099,1.090,1.095] c=[#b4b795,#d0c497,#c29981,#cfb189] rank=[0,1,3,2] header/Header:d=[1.013,1.001,1.024,1.033] c=[#d2b98f,#c7a183,#c6c298,#b8ac8e] rank=[2,3,1,0] result/Result:d=[1.150,1.150,1.150,1.150] c=[#d7c697,#bf9480,#cdac86,#b2be99] rank=[1,3,2,0] link:p=1.000 o=1.000
frame=149 t=2713.7 wall=2713.6 interval=8.21 dt=8.21 cpu_prev=0.317 effect_us=135 action=3 since_click=1103.7 since_commit=498.3 animating=true repaint=now source/Source:d=[1.150,1.150,1.150,1.150] c=[#b2be99,#cdac86,#d7c697,#bf9480] rank=[0,2,1,3] relay/Relay:d=[1.126,1.124,1.119,1.122] c=[#b3ba97,#d3c597,#c19781,#ceaf88] rank=[0,1,3,2] header/Header:d=[1.040,1.030,1.049,1.056] c=[#d1b78d,#c59f83,#c9c398,#b7af90] rank=[2,3,1,0] result/Result:d=[1.150,1.150,1.150,1.150] c=[#d7c697,#bf9480,#cdac86,#b2be99] rank=[1,3,2,0] link:p=1.000 o=1.000
frame=150 t=2716.1 wall=2716.0 interval=2.41 dt=2.41 cpu_prev=0.347 effect_us=128 action=3 since_click=1106.2 since_commit=500.7 animating=true repaint=now source/Source:d=[1.150,1.150,1.150,1.150] c=[#b2be99,#cdac86,#d7c697,#bf9480] rank=[0,2,1,3] relay/Relay:d=[1.132,1.131,1.128,1.129] c=[#b3bb97,#d4c597,#c09680,#ceae87] rank=[0,1,3,2] header/Header:d=[1.048,1.038,1.056,1.063] c=[#d1b68c,#c59e82,#cac398,#b6b091] rank=[2,3,1,0] result/Result:d=[1.150,1.150,1.150,1.150] c=[#d7c697,#bf9480,#cdac86,#b2be99] rank=[1,3,2,0] link:p=1.000 o=1.000
frame=151 t=2730.4 wall=2730.3 interval=14.24 dt=14.24 cpu_prev=0.289 effect_us=126 action=3 since_click=1120.4 since_commit=515.0 animating=true repaint=now source/Source:d=[1.150,1.150,1.150,1.150] c=[#b2be99,#cdac86,#d7c697,#bf9480] rank=[0,2,1,3] relay/Relay:d=[1.150,1.150,1.150,1.150] c=[#b2be99,#d7c697,#bf9480,#cdac86] rank=[0,1,3,2] header/Header:d=[1.094,1.089,1.099,1.102] c=[#cfb18a,#c29981,#d0c497,#b4b795] rank=[2,3,1,0] result/Result:d=[1.150,1.150,1.150,1.150] c=[#d7c697,#bf9480,#cdac86,#b2be99] rank=[1,3,2,0] link:p=1.000 o=1.000
frame=152 t=2738.6 wall=2738.5 interval=8.26 dt=8.26 cpu_prev=0.307 effect_us=127 action=3 since_click=1128.7 since_commit=523.2 animating=true repaint=now source/Source:d=[1.150,1.150,1.150,1.150] c=[#b2be99,#cdac86,#d7c697,#bf9480] rank=[0,2,1,3] relay/Relay:d=[1.150,1.150,1.150,1.150] c=[#b2be99,#d7c697,#bf9480,#cdac86] rank=[0,1,3,2] header/Header:d=[1.121,1.119,1.124,1.125] c=[#ceaf88,#c19781,#d3c597,#b3ba97] rank=[2,3,1,0] result/Result:d=[1.150,1.150,1.150,1.150] c=[#d7c697,#bf9480,#cdac86,#b2be99] rank=[1,3,2,0] link:p=1.000 o=1.000
frame=153 t=2741.4 wall=2741.3 interval=2.75 dt=2.75 cpu_prev=0.266 effect_us=123 action=3 since_click=1131.4 since_commit=526.0 animating=true repaint=now source/Source:d=[1.150,1.150,1.150,1.150] c=[#b2be99,#cdac86,#d7c697,#bf9480] rank=[0,2,1,3] relay/Relay:d=[1.150,1.150,1.150,1.150] c=[#b2be99,#d7c697,#bf9480,#cdac86] rank=[0,1,3,2] header/Header:d=[1.130,1.128,1.132,1.133] c=[#ceae87,#c09680,#d5c597,#b3bb97] rank=[2,3,1,0] result/Result:d=[1.150,1.150,1.150,1.150] c=[#d7c697,#bf9480,#cdac86,#b2be99] rank=[1,3,2,0] link:p=1.000 o=1.000
frame=154 t=2755.3 wall=2755.2 interval=13.87 dt=13.87 cpu_prev=0.228 effect_us=122 action=3 since_click=1145.3 since_commit=539.8 animating=true repaint=now source/Source:d=[1.150,1.150,1.150,1.150] c=[#b2be99,#cdac86,#d7c697,#bf9480] rank=[0,2,1,3] relay/Relay:d=[1.150,1.150,1.150,1.150] c=[#b2be99,#d7c697,#bf9480,#cdac86] rank=[0,1,3,2] header/Header:d=[1.150,1.150,1.150,1.150] c=[#cdac86,#bf9480,#d7c697,#b2be99] rank=[2,3,1,0] result/Result:d=[1.150,1.150,1.150,1.150] c=[#d7c697,#bf9480,#cdac86,#b2be99] rank=[1,3,2,0] link:p=1.000 o=1.000
frame=155 t=2763.5 wall=2763.4 interval=8.26 dt=8.26 cpu_prev=0.243 effect_us=122 action=3 since_click=1153.5 since_commit=548.1 animating=true repaint=now source/Source:d=[1.150,1.150,1.150,1.150] c=[#b2be99,#cdac86,#d7c697,#bf9480] rank=[0,2,1,3] relay/Relay:d=[1.150,1.150,1.150,1.150] c=[#b2be99,#d7c697,#bf9480,#cdac86] rank=[0,1,3,2] header/Header:d=[1.150,1.150,1.150,1.150] c=[#cdac86,#bf9480,#d7c697,#b2be99] rank=[2,3,1,0] result/Result:d=[1.150,1.150,1.150,1.150] c=[#d7c697,#bf9480,#cdac86,#b2be99] rank=[1,3,2,0] link:p=1.000 o=1.000
frame=156 t=2780.4 wall=2780.3 interval=16.86 dt=16.85 cpu_prev=0.232 effect_us=127 action=3 since_click=1170.4 since_commit=565.0 animating=true repaint=now source/Source:d=[1.150,1.150,1.150,1.150] c=[#b2be99,#cdac86,#d7c697,#bf9480] rank=[0,2,1,3] relay/Relay:d=[1.150,1.150,1.150,1.150] c=[#b2be99,#d7c697,#bf9480,#cdac86] rank=[0,1,3,2] header/Header:d=[1.150,1.150,1.150,1.150] c=[#cdac86,#bf9480,#d7c697,#b2be99] rank=[2,3,1,0] result/Result:d=[1.150,1.150,1.150,1.150] c=[#d7c697,#bf9480,#cdac86,#b2be99] rank=[1,3,2,0] link:p=1.000 o=1.000
frame=157 t=2797.0 wall=2796.9 interval=16.62 dt=16.63 cpu_prev=0.301 effect_us=132 action=3 since_click=1187.0 since_commit=581.6 animating=true repaint=now source/Source:d=[1.150,1.150,1.150,1.150] c=[#b2be99,#cdac86,#d7c697,#bf9480] rank=[0,2,1,3] relay/Relay:d=[1.150,1.150,1.150,1.150] c=[#b2be99,#d7c697,#bf9480,#cdac86] rank=[0,1,3,2] header/Header:d=[1.150,1.150,1.150,1.150] c=[#cdac86,#bf9480,#d7c697,#b2be99] rank=[2,3,1,0] result/Result:d=[1.150,1.150,1.150,1.150] c=[#d7c697,#bf9480,#cdac86,#b2be99] rank=[1,3,2,0] link:p=1.000 o=1.000
frame=158 t=2805.4 wall=2805.3 interval=8.41 dt=8.40 cpu_prev=0.285 effect_us=130 action=3 since_click=1195.4 since_commit=590.0 animating=true repaint=now source/Source:d=[1.150,1.150,1.150,1.150] c=[#b2be99,#cdac86,#d7c697,#bf9480] rank=[0,2,1,3] relay/Relay:d=[1.150,1.150,1.150,1.150] c=[#b2be99,#d7c697,#bf9480,#cdac86] rank=[0,1,3,2] header/Header:d=[1.150,1.150,1.150,1.150] c=[#cdac86,#bf9480,#d7c697,#b2be99] rank=[2,3,1,0] result/Result:d=[1.150,1.150,1.150,1.150] c=[#d7c697,#bf9480,#cdac86,#b2be99] rank=[1,3,2,0] link:p=1.000 o=1.000
frame=159 t=2808.2 wall=2808.1 interval=2.78 dt=2.78 cpu_prev=0.308 effect_us=128 action=3 since_click=1198.2 since_commit=592.8 animating=true repaint=now source/Source:d=[1.150,1.150,1.150,1.150] c=[#b2be99,#cdac86,#d7c697,#bf9480] rank=[0,2,1,3] relay/Relay:d=[1.150,1.150,1.150,1.150] c=[#b2be99,#d7c697,#bf9480,#cdac86] rank=[0,1,3,2] header/Header:d=[1.150,1.150,1.150,1.150] c=[#cdac86,#bf9480,#d7c697,#b2be99] rank=[2,3,1,0] result/Result:d=[1.150,1.150,1.150,1.150] c=[#d7c697,#bf9480,#cdac86,#b2be99] rank=[1,3,2,0] link:p=1.000 o=1.000
frame=160 t=2822.0 wall=2821.9 interval=13.85 dt=13.85 cpu_prev=0.255 effect_us=126 action=3 since_click=1212.1 since_commit=606.6 animating=true repaint=now source/Source:d=[1.150,1.150,1.150,1.150] c=[#b2be99,#cdac86,#d7c697,#bf9480] rank=[0,2,1,3] relay/Relay:d=[1.150,1.150,1.150,1.150] c=[#b2be99,#d7c697,#bf9480,#cdac86] rank=[0,1,3,2] header/Header:d=[1.150,1.150,1.150,1.150] c=[#cdac86,#bf9480,#d7c697,#b2be99] rank=[2,3,1,0] result/Result:d=[1.150,1.150,1.150,1.150] c=[#d7c697,#bf9480,#cdac86,#b2be99] rank=[1,3,2,0] link:p=1.000 o=1.000
frame=161 t=2830.2 wall=2830.2 interval=8.21 dt=8.21 cpu_prev=0.278 effect_us=124 action=3 since_click=1220.3 since_commit=614.8 animating=true repaint=now source/Source:d=[1.150,1.150,1.150,1.150] c=[#b2be99,#cdac86,#d7c697,#bf9480] rank=[0,2,1,3] relay/Relay:d=[1.150,1.150,1.150,1.150] c=[#b2be99,#d7c697,#bf9480,#cdac86] rank=[0,1,3,2] header/Header:d=[1.150,1.150,1.150,1.150] c=[#cdac86,#bf9480,#d7c697,#b2be99] rank=[2,3,1,0] result/Result:d=[1.150,1.150,1.150,1.150] c=[#d7c697,#bf9480,#cdac86,#b2be99] rank=[1,3,2,0] link:p=1.000 o=1.000
frame=162 t=2846.9 wall=2846.8 interval=16.69 dt=16.68 cpu_prev=0.248 effect_us=126 action=3 since_click=1236.9 since_commit=631.5 animating=true repaint=now source/Source:d=[1.150,1.150,1.150,1.150] c=[#b2be99,#cdac86,#d7c697,#bf9480] rank=[0,2,1,3] relay/Relay:d=[1.150,1.150,1.150,1.150] c=[#b2be99,#d7c697,#bf9480,#cdac86] rank=[0,1,3,2] header/Header:d=[1.150,1.150,1.150,1.150] c=[#cdac86,#bf9480,#d7c697,#b2be99] rank=[2,3,1,0] result/Result:d=[1.150,1.150,1.150,1.150] c=[#d7c697,#bf9480,#cdac86,#b2be99] rank=[1,3,2,0] link:p=1.000 o=1.000
frame=163 t=2863.6 wall=2863.5 interval=16.67 dt=16.67 cpu_prev=0.259 effect_us=126 action=3 since_click=1253.6 since_commit=648.2 animating=true repaint=now source/Source:d=[1.150,1.150,1.150,1.150] c=[#b2be99,#cdac86,#d7c697,#bf9480] rank=[0,2,1,3] relay/Relay:d=[1.150,1.150,1.150,1.150] c=[#b2be99,#d7c697,#bf9480,#cdac86] rank=[0,1,3,2] header/Header:d=[1.150,1.150,1.150,1.150] c=[#cdac86,#bf9480,#d7c697,#b2be99] rank=[2,3,1,0] result/Result:d=[1.150,1.150,1.150,1.150] c=[#d7c697,#bf9480,#cdac86,#b2be99] rank=[1,3,2,0] link:p=1.000 o=1.000
frame=164 t=2872.1 wall=2872.0 interval=8.51 dt=8.50 cpu_prev=0.276 effect_us=133 action=3 since_click=1262.1 since_commit=656.7 animating=true repaint=now source/Source:d=[1.150,1.150,1.150,1.150] c=[#b2be99,#cdac86,#d7c697,#bf9480] rank=[0,2,1,3] relay/Relay:d=[1.150,1.150,1.150,1.150] c=[#b2be99,#d7c697,#bf9480,#cdac86] rank=[0,1,3,2] header/Header:d=[1.150,1.150,1.150,1.150] c=[#cdac86,#bf9480,#d7c697,#b2be99] rank=[2,3,1,0] result/Result:d=[1.150,1.150,1.150,1.150] c=[#d7c697,#bf9480,#cdac86,#b2be99] rank=[1,3,2,0] link:p=1.000 o=1.000
frame=165 t=2875.0 wall=2875.0 interval=2.94 dt=2.94 cpu_prev=0.346 effect_us=128 action=3 since_click=1265.1 since_commit=659.6 animating=true repaint=now source/Source:d=[1.150,1.150,1.150,1.150] c=[#b2be99,#cdac86,#d7c697,#bf9480] rank=[0,2,1,3] relay/Relay:d=[1.150,1.150,1.150,1.150] c=[#b2be99,#d7c697,#bf9480,#cdac86] rank=[0,1,3,2] header/Header:d=[1.150,1.150,1.150,1.150] c=[#cdac86,#bf9480,#d7c697,#b2be99] rank=[2,3,1,0] result/Result:d=[1.150,1.150,1.150,1.150] c=[#d7c697,#bf9480,#cdac86,#b2be99] rank=[1,3,2,0] link:p=1.000 o=1.000
frame=166 t=2888.8 wall=2888.7 interval=13.75 dt=13.74 cpu_prev=0.280 effect_us=142 action=3 since_click=1278.8 since_commit=673.4 animating=true repaint=now source/Source:d=[1.150,1.150,1.150,1.150] c=[#b2be99,#cdac86,#d7c697,#bf9480] rank=[0,2,1,3] relay/Relay:d=[1.150,1.150,1.150,1.150] c=[#b2be99,#d7c697,#bf9480,#cdac86] rank=[0,1,3,2] header/Header:d=[1.150,1.150,1.150,1.150] c=[#cdac86,#bf9480,#d7c697,#b2be99] rank=[2,3,1,0] result/Result:d=[1.150,1.150,1.150,1.150] c=[#d7c697,#bf9480,#cdac86,#b2be99] rank=[1,3,2,0] link:p=1.000 o=1.000
frame=167 t=2897.0 wall=2896.9 interval=8.22 dt=8.22 cpu_prev=0.396 effect_us=126 action=3 since_click=1287.0 since_commit=681.6 animating=true repaint=now source/Source:d=[1.150,1.150,1.150,1.150] c=[#b2be99,#cdac86,#d7c697,#bf9480] rank=[0,2,1,3] relay/Relay:d=[1.150,1.150,1.150,1.150] c=[#b2be99,#d7c697,#bf9480,#cdac86] rank=[0,1,3,2] header/Header:d=[1.150,1.150,1.150,1.150] c=[#cdac86,#bf9480,#d7c697,#b2be99] rank=[2,3,1,0] result/Result:d=[1.150,1.150,1.150,1.150] c=[#d7c697,#bf9480,#cdac86,#b2be99] rank=[1,3,2,0] link:p=1.000 o=1.000
frame=168 t=2899.7 wall=2899.6 interval=2.73 dt=2.73 cpu_prev=0.291 effect_us=127 action=3 since_click=1289.8 since_commit=684.3 animating=true repaint=now source/Source:d=[1.150,1.150,1.150,1.150] c=[#b2be99,#cdac86,#d7c697,#bf9480] rank=[0,2,1,3] relay/Relay:d=[1.150,1.150,1.150,1.150] c=[#b2be99,#d7c697,#bf9480,#cdac86] rank=[0,1,3,2] header/Header:d=[1.150,1.150,1.150,1.150] c=[#cdac86,#bf9480,#d7c697,#b2be99] rank=[2,3,1,0] result/Result:d=[1.150,1.150,1.150,1.150] c=[#d7c697,#bf9480,#cdac86,#b2be99] rank=[1,3,2,0] link:p=1.000 o=1.000
frame=169 t=2913.7 wall=2913.6 interval=13.95 dt=13.95 cpu_prev=0.272 effect_us=124 action=3 since_click=1303.7 since_commit=698.3 animating=true repaint=now source/Source:d=[1.150,1.150,1.150,1.150] c=[#b2be99,#cdac86,#d7c697,#bf9480] rank=[0,2,1,3] relay/Relay:d=[1.150,1.150,1.150,1.150] c=[#b2be99,#d7c697,#bf9480,#cdac86] rank=[0,1,3,2] header/Header:d=[1.150,1.150,1.150,1.150] c=[#cdac86,#bf9480,#d7c697,#b2be99] rank=[2,3,1,0] result/Result:d=[1.150,1.150,1.150,1.150] c=[#d7c697,#bf9480,#cdac86,#b2be99] rank=[1,3,2,0] link:p=1.000 o=1.000
frame=170 t=2922.0 wall=2921.9 interval=8.30 dt=8.30 cpu_prev=0.271 effect_us=110 action=3 since_click=1312.0 since_commit=706.6 animating=true repaint=now source/Source:d=[1.150,1.150,1.150,1.150] c=[#b2be99,#cdac86,#d7c697,#bf9480] rank=[0,2,1,3] relay/Relay:d=[1.150,1.150,1.150,1.150] c=[#b2be99,#d7c697,#bf9480,#cdac86] rank=[0,1,3,2] header/Header:d=[1.150,1.150,1.150,1.150] c=[#cdac86,#bf9480,#d7c697,#b2be99] rank=[2,3,1,0] result/Result:d=[1.150,1.150,1.150,1.150] c=[#d7c697,#bf9480,#cdac86,#b2be99] rank=[1,3,2,0] link:p=1.000 o=1.000
frame=171 t=2927.6 wall=2927.5 interval=5.58 dt=5.58 cpu_prev=0.252 effect_us=141 action=3 since_click=1317.6 since_commit=712.2 animating=true repaint=now source/Source:d=[1.150,1.150,1.150,1.150] c=[#b2be99,#cdac86,#d7c697,#bf9480] rank=[0,2,1,3] relay/Relay:d=[1.150,1.150,1.150,1.150] c=[#b2be99,#d7c697,#bf9480,#cdac86] rank=[0,1,3,2] header/Header:d=[1.150,1.150,1.150,1.150] c=[#cdac86,#bf9480,#d7c697,#b2be99] rank=[2,3,1,0] result/Result:d=[1.150,1.150,1.150,1.150] c=[#d7c697,#bf9480,#cdac86,#b2be99] rank=[1,3,2,0] link:p=1.000 o=1.000
frame=172 t=2938.7 wall=2938.6 interval=11.11 dt=11.11 cpu_prev=0.303 effect_us=128 action=3 since_click=1328.7 since_commit=723.3 animating=true repaint=now source/Source:d=[1.150,1.150,1.150,1.150] c=[#b2be99,#cdac86,#d7c697,#bf9480] rank=[0,2,1,3] relay/Relay:d=[1.150,1.150,1.150,1.150] c=[#b2be99,#d7c697,#bf9480,#cdac86] rank=[0,1,3,2] header/Header:d=[1.150,1.150,1.150,1.150] c=[#cdac86,#bf9480,#d7c697,#b2be99] rank=[2,3,1,0] result/Result:d=[1.150,1.150,1.150,1.150] c=[#d7c697,#bf9480,#cdac86,#b2be99] rank=[1,3,2,0] link:p=1.000 o=1.000
frame=173 t=2946.9 wall=2946.8 interval=8.24 dt=8.24 cpu_prev=0.299 effect_us=110 action=3 since_click=1337.0 since_commit=731.5 animating=true repaint=now source/Source:d=[1.150,1.150,1.150,1.150] c=[#b2be99,#cdac86,#d7c697,#bf9480] rank=[0,2,1,3] relay/Relay:d=[1.150,1.150,1.150,1.150] c=[#b2be99,#d7c697,#bf9480,#cdac86] rank=[0,1,3,2] header/Header:d=[1.150,1.150,1.150,1.150] c=[#cdac86,#bf9480,#d7c697,#b2be99] rank=[2,3,1,0] result/Result:d=[1.150,1.150,1.150,1.150] c=[#d7c697,#bf9480,#cdac86,#b2be99] rank=[1,3,2,0] link:p=1.000 o=1.000
frame=174 t=2963.6 wall=2963.5 interval=16.70 dt=16.70 cpu_prev=0.222 effect_us=119 action=3 since_click=1353.7 since_commit=748.2 animating=true repaint=now source/Source:d=[1.150,1.150,1.150,1.150] c=[#b2be99,#cdac86,#d7c697,#bf9480] rank=[0,2,1,3] relay/Relay:d=[1.150,1.150,1.150,1.150] c=[#b2be99,#d7c697,#bf9480,#cdac86] rank=[0,1,3,2] header/Header:d=[1.150,1.150,1.150,1.150] c=[#cdac86,#bf9480,#d7c697,#b2be99] rank=[2,3,1,0] result/Result:d=[1.150,1.150,1.150,1.150] c=[#d7c697,#bf9480,#cdac86,#b2be99] rank=[1,3,2,0] link:p=1.000 o=1.000
frame=175 t=2980.3 wall=2980.2 interval=16.67 dt=16.67 cpu_prev=0.255 effect_us=122 action=3 since_click=1370.3 since_commit=764.9 animating=true repaint=now source/Source:d=[1.150,1.150,1.150,1.150] c=[#b2be99,#cdac86,#d7c697,#bf9480] rank=[0,2,1,3] relay/Relay:d=[1.150,1.150,1.150,1.150] c=[#b2be99,#d7c697,#bf9480,#cdac86] rank=[0,1,3,2] header/Header:d=[1.150,1.150,1.150,1.150] c=[#cdac86,#bf9480,#d7c697,#b2be99] rank=[2,3,1,0] result/Result:d=[1.150,1.150,1.150,1.150] c=[#d7c697,#bf9480,#cdac86,#b2be99] rank=[1,3,2,0] link:p=1.000 o=1.000
frame=176 t=2988.7 wall=2988.6 interval=8.38 dt=8.38 cpu_prev=0.251 effect_us=110 action=3 since_click=1378.7 since_commit=773.3 animating=true repaint=now source/Source:d=[1.150,1.150,1.150,1.150] c=[#b2be99,#cdac86,#d7c697,#bf9480] rank=[0,2,1,3] relay/Relay:d=[1.150,1.150,1.150,1.150] c=[#b2be99,#d7c697,#bf9480,#cdac86] rank=[0,1,3,2] header/Header:d=[1.150,1.150,1.150,1.150] c=[#cdac86,#bf9480,#d7c697,#b2be99] rank=[2,3,1,0] result/Result:d=[1.150,1.150,1.150,1.150] c=[#d7c697,#bf9480,#cdac86,#b2be99] rank=[1,3,2,0] link:p=1.000 o=1.000
frame=177 t=2991.4 wall=2991.3 interval=2.75 dt=2.76 cpu_prev=0.243 effect_us=121 action=3 since_click=1381.5 since_commit=776.0 animating=true repaint=now source/Source:d=[1.150,1.150,1.150,1.150] c=[#b2be99,#cdac86,#d7c697,#bf9480] rank=[0,2,1,3] relay/Relay:d=[1.150,1.150,1.150,1.150] c=[#b2be99,#d7c697,#bf9480,#cdac86] rank=[0,1,3,2] header/Header:d=[1.150,1.150,1.150,1.150] c=[#cdac86,#bf9480,#d7c697,#b2be99] rank=[2,3,1,0] result/Result:d=[1.150,1.150,1.150,1.150] c=[#d7c697,#bf9480,#cdac86,#b2be99] rank=[1,3,2,0] link:p=1.000 o=1.000
frame=178 t=3005.2 wall=3005.1 interval=13.77 dt=13.77 cpu_prev=0.224 effect_us=112 action=3 since_click=1395.2 since_commit=789.8 animating=true repaint=now source/Source:d=[1.150,1.150,1.150,1.150] c=[#b2be99,#cdac86,#d7c697,#bf9480] rank=[0,2,1,3] relay/Relay:d=[1.150,1.150,1.150,1.150] c=[#b2be99,#d7c697,#bf9480,#cdac86] rank=[0,1,3,2] header/Header:d=[1.150,1.150,1.150,1.150] c=[#cdac86,#bf9480,#d7c697,#b2be99] rank=[2,3,1,0] result/Result:d=[1.150,1.150,1.150,1.150] c=[#d7c697,#bf9480,#cdac86,#b2be99] rank=[1,3,2,0] link:p=1.000 o=1.000
frame=179 t=3013.6 wall=3013.5 interval=8.38 dt=8.38 cpu_prev=0.208 effect_us=119 action=3 since_click=1403.6 since_commit=798.2 animating=true repaint=now source/Source:d=[1.149,1.149,1.149,1.149] c=[#b2be99,#cdac86,#d7c697,#bf9480] rank=[0,2,1,3] relay/Relay:d=[1.149,1.149,1.149,1.149] c=[#b2be99,#d7c697,#bf9480,#cdac86] rank=[0,1,3,2] header/Header:d=[1.149,1.149,1.149,1.149] c=[#cdac86,#bf9480,#d7c697,#b2be99] rank=[2,3,1,0] result/Result:d=[1.149,1.149,1.149,1.149] c=[#d7c697,#bf9480,#cdac86,#b2be99] rank=[1,3,2,0] link:p=0.996 o=1.000
frame=180 t=3030.3 wall=3030.2 interval=16.69 dt=16.68 cpu_prev=0.208 effect_us=125 action=3 since_click=1420.3 since_commit=814.8 animating=true repaint=now source/Source:d=[1.142,1.142,1.142,1.142] c=[#b3bd98,#cdac86,#d6c496,#bf9581] rank=[0,2,1,3] relay/Relay:d=[1.142,1.142,1.142,1.142] c=[#b3bd98,#d6c496,#bf9581,#cdac86] rank=[0,1,3,2] header/Header:d=[1.142,1.142,1.142,1.142] c=[#cdac86,#bf9581,#d6c496,#b3bd98] rank=[2,3,1,0] result/Result:d=[1.142,1.142,1.142,1.142] c=[#d6c496,#bf9581,#cdac86,#b3bd98] rank=[1,3,2,0] link:p=0.946 o=1.000
frame=181 t=3047.1 wall=3047.0 interval=16.81 dt=16.81 cpu_prev=0.236 effect_us=127 action=3 since_click=1437.1 since_commit=831.7 animating=true repaint=now source/Source:d=[1.134,1.134,1.134,1.134] c=[#b4bb98,#ccab87,#d5c296,#c09681] rank=[0,2,1,3] relay/Relay:d=[1.134,1.134,1.134,1.134] c=[#b4bb98,#d5c296,#c09681,#ccab87] rank=[0,1,3,2] header/Header:d=[1.134,1.134,1.134,1.134] c=[#ccab87,#c09681,#d5c296,#b4bb98] rank=[2,3,1,0] result/Result:d=[1.134,1.134,1.134,1.134] c=[#d5c296,#c09681,#ccab87,#b4bb98] rank=[1,3,2,0] link:p=0.894 o=1.000
frame=182 t=3055.3 wall=3055.2 interval=8.23 dt=8.23 cpu_prev=0.294 effect_us=124 action=3 since_click=1445.3 since_commit=839.9 animating=true repaint=now source/Source:d=[1.130,1.130,1.130,1.130] c=[#b5bb97,#ccab87,#d5c295,#c09681] rank=[0,2,1,3] relay/Relay:d=[1.130,1.130,1.130,1.130] c=[#b5bb97,#d5c295,#c09681,#ccab87] rank=[0,1,3,2] header/Header:d=[1.130,1.130,1.130,1.130] c=[#ccab87,#c09681,#d5c295,#b5bb97] rank=[2,3,1,0] result/Result:d=[1.130,1.130,1.130,1.130] c=[#d5c295,#c09681,#ccab87,#b5bb97] rank=[1,3,2,0] link:p=0.869 o=1.000
frame=183 t=3058.3 wall=3058.2 interval=3.02 dt=3.02 cpu_prev=0.246 effect_us=120 action=3 since_click=1448.4 since_commit=842.9 animating=true repaint=now source/Source:d=[1.129,1.129,1.129,1.129] c=[#b5ba97,#ccab87,#d5c195,#c09682] rank=[0,2,1,3] relay/Relay:d=[1.129,1.129,1.129,1.129] c=[#b5ba97,#d5c195,#c09682,#ccab87] rank=[0,1,3,2] header/Header:d=[1.129,1.129,1.129,1.129] c=[#ccab87,#c09682,#d5c195,#b5ba97] rank=[2,3,1,0] result/Result:d=[1.129,1.129,1.129,1.129] c=[#d5c195,#c09682,#ccab87,#b5ba97] rank=[1,3,2,0] link:p=0.860 o=1.000
frame=184 t=3071.9 wall=3071.8 interval=13.61 dt=13.61 cpu_prev=0.239 effect_us=120 action=3 since_click=1462.0 since_commit=856.5 animating=true repaint=now source/Source:d=[1.123,1.123,1.123,1.123] c=[#b6b996,#ccab87,#d4c095,#c19782] rank=[0,2,1,3] relay/Relay:d=[1.123,1.123,1.123,1.123] c=[#b6b996,#d4c095,#c19782,#ccab87] rank=[0,1,3,2] header/Header:d=[1.123,1.123,1.123,1.123] c=[#ccab87,#c19782,#d4c095,#b6b996] rank=[2,3,1,0] result/Result:d=[1.123,1.123,1.123,1.123] c=[#d4c095,#c19782,#ccab87,#b6b996] rank=[1,3,2,0] link:p=0.819 o=1.000
frame=185 t=3080.3 wall=3080.2 interval=8.36 dt=8.36 cpu_prev=0.231 effect_us=115 action=3 since_click=1470.3 since_commit=864.9 animating=true repaint=now source/Source:d=[1.119,1.119,1.119,1.119] c=[#b7b996,#ccaa87,#d4bf95,#c19782] rank=[0,2,1,3] relay/Relay:d=[1.119,1.119,1.119,1.119] c=[#b7b996,#d4bf95,#c19782,#ccaa87] rank=[0,1,3,2] header/Header:d=[1.119,1.119,1.119,1.119] c=[#ccaa87,#c19782,#d4bf95,#b7b996] rank=[2,3,1,0] result/Result:d=[1.119,1.119,1.119,1.119] c=[#d4bf95,#c19782,#ccaa87,#b7b996] rank=[1,3,2,0] link:p=0.793 o=1.000
frame=186 t=3082.9 wall=3082.8 interval=2.64 dt=2.64 cpu_prev=0.224 effect_us=119 action=3 since_click=1473.0 since_commit=867.5 animating=true repaint=now source/Source:d=[1.118,1.118,1.118,1.118] c=[#b7b896,#ccaa87,#d4bf94,#c19782] rank=[0,2,1,3] relay/Relay:d=[1.118,1.118,1.118,1.118] c=[#b7b896,#d4bf94,#c19782,#ccaa87] rank=[0,1,3,2] header/Header:d=[1.118,1.118,1.118,1.118] c=[#ccaa87,#c19782,#d4bf94,#b7b896] rank=[2,3,1,0] result/Result:d=[1.118,1.118,1.118,1.118] c=[#d4bf94,#c19782,#ccaa87,#b7b896] rank=[1,3,2,0] link:p=0.785 o=1.000
frame=187 t=3096.9 wall=3096.8 interval=13.97 dt=13.97 cpu_prev=0.218 effect_us=119 action=3 since_click=1486.9 since_commit=881.5 animating=true repaint=now source/Source:d=[1.111,1.111,1.111,1.111] c=[#b8b795,#ccaa87,#d3bd94,#c19883] rank=[0,2,1,3] relay/Relay:d=[1.111,1.111,1.111,1.111] c=[#b8b795,#d3bd94,#c19883,#ccaa87] rank=[0,1,3,2] header/Header:d=[1.111,1.111,1.111,1.111] c=[#ccaa87,#c19883,#d3bd94,#b8b795] rank=[2,3,1,0] result/Result:d=[1.111,1.111,1.111,1.111] c=[#d3bd94,#c19883,#ccaa87,#b8b795] rank=[1,3,2,0] link:p=0.742 o=1.000
frame=188 t=3105.2 wall=3105.1 interval=8.32 dt=8.32 cpu_prev=0.218 effect_us=116 action=3 since_click=1495.3 since_commit=889.8 animating=true repaint=now source/Source:d=[1.108,1.108,1.108,1.108] c=[#b8b795,#ccaa87,#d3bc94,#c29983] rank=[0,2,1,3] relay/Relay:d=[1.108,1.108,1.108,1.108] c=[#b8b795,#d3bc94,#c29983,#ccaa87] rank=[0,1,3,2] header/Header:d=[1.108,1.108,1.108,1.108] c=[#ccaa87,#c29983,#d3bc94,#b8b795] rank=[2,3,1,0] result/Result:d=[1.108,1.108,1.108,1.108] c=[#d3bc94,#c29983,#ccaa87,#b8b795] rank=[1,3,2,0] link:p=0.717 o=1.000
frame=189 t=3107.8 wall=3107.7 interval=2.60 dt=2.60 cpu_prev=1.068 effect_us=114 action=3 since_click=1497.9 since_commit=892.4 animating=true repaint=now source/Source:d=[1.106,1.106,1.106,1.106] c=[#b8b695,#ccaa87,#d3bc94,#c29983] rank=[0,2,1,3] relay/Relay:d=[1.106,1.106,1.106,1.106] c=[#b8b695,#d3bc94,#c29983,#ccaa87] rank=[0,1,3,2] header/Header:d=[1.106,1.106,1.106,1.106] c=[#ccaa87,#c29983,#d3bc94,#b8b695] rank=[2,3,1,0] result/Result:d=[1.106,1.106,1.106,1.106] c=[#d3bc94,#c29983,#ccaa87,#b8b695] rank=[1,3,2,0] link:p=0.709 o=1.000
frame=190 t=3122.1 wall=3122.0 interval=14.25 dt=14.25 cpu_prev=0.206 effect_us=124 action=3 since_click=1512.1 since_commit=906.7 animating=true repaint=now source/Source:d=[1.100,1.100,1.100,1.100] c=[#b9b594,#cba988,#d2bb93,#c29984] rank=[0,2,1,3] relay/Relay:d=[1.100,1.100,1.100,1.100] c=[#b9b594,#d2bb93,#c29984,#cba988] rank=[0,1,3,2] header/Header:d=[1.100,1.100,1.100,1.100] c=[#cba988,#c29984,#d2bb93,#b9b594] rank=[2,3,1,0] result/Result:d=[1.100,1.100,1.100,1.100] c=[#d2bb93,#c29984,#cba988,#b9b594] rank=[1,3,2,0] link:p=0.666 o=1.000
frame=191 t=3130.4 wall=3130.3 interval=8.29 dt=8.29 cpu_prev=0.328 effect_us=124 action=3 since_click=1520.4 since_commit=915.0 animating=true repaint=now source/Source:d=[1.096,1.096,1.096,1.096] c=[#bab594,#cba988,#d2ba93,#c29a84] rank=[0,2,1,3] relay/Relay:d=[1.096,1.096,1.096,1.096] c=[#bab594,#d2ba93,#c29a84,#cba988] rank=[0,1,3,2] header/Header:d=[1.096,1.096,1.096,1.096] c=[#cba988,#c29a84,#d2ba93,#bab594] rank=[2,3,1,0] result/Result:d=[1.096,1.096,1.096,1.096] c=[#d2ba93,#c29a84,#cba988,#bab594] rank=[1,3,2,0] link:p=0.640 o=1.000
frame=192 t=3133.3 wall=3133.2 interval=2.90 dt=2.89 cpu_prev=0.282 effect_us=128 action=3 since_click=1523.3 since_commit=917.8 animating=true repaint=now source/Source:d=[1.095,1.095,1.095,1.095] c=[#bab494,#cba988,#d1b993,#c29a84] rank=[0,2,1,3] relay/Relay:d=[1.095,1.095,1.095,1.095] c=[#bab494,#d1b993,#c29a84,#cba988] rank=[0,1,3,2] header/Header:d=[1.095,1.095,1.095,1.095] c=[#cba988,#c29a84,#d1b993,#bab494] rank=[2,3,1,0] result/Result:d=[1.095,1.095,1.095,1.095] c=[#d1b993,#c29a84,#cba988,#bab494] rank=[1,3,2,0] link:p=0.632 o=1.000
frame=193 t=3147.1 wall=3147.0 interval=13.85 dt=13.85 cpu_prev=0.298 effect_us=127 action=3 since_click=1537.1 since_commit=931.7 animating=true repaint=now source/Source:d=[1.088,1.088,1.088,1.088] c=[#bbb393,#cba988,#d1b892,#c39b85] rank=[0,2,1,3] relay/Relay:d=[1.088,1.088,1.088,1.088] c=[#bbb393,#d1b892,#c39b85,#cba988] rank=[0,1,3,2] header/Header:d=[1.088,1.088,1.088,1.088] c=[#cba988,#c39b85,#d1b892,#bbb393] rank=[2,3,1,0] result/Result:d=[1.088,1.088,1.088,1.088] c=[#d1b892,#c39b85,#cba988,#bbb393] rank=[1,3,2,0] link:p=0.589 o=1.000
frame=194 t=3155.4 wall=3155.3 interval=8.27 dt=8.27 cpu_prev=0.342 effect_us=116 action=3 since_click=1545.4 since_commit=940.0 animating=true repaint=now source/Source:d=[1.085,1.085,1.085,1.085] c=[#bcb393,#cba988,#d0b792,#c39b85] rank=[0,2,1,3] relay/Relay:d=[1.085,1.085,1.085,1.085] c=[#bcb393,#d0b792,#c39b85,#cba988] rank=[0,1,3,2] header/Header:d=[1.085,1.085,1.085,1.085] c=[#cba988,#c39b85,#d0b792,#bcb393] rank=[2,3,1,0] result/Result:d=[1.085,1.085,1.085,1.085] c=[#d0b792,#c39b85,#cba988,#bcb393] rank=[1,3,2,0] link:p=0.564 o=1.000
frame=195 t=3157.8 wall=3157.7 interval=2.41 dt=2.41 cpu_prev=0.305 effect_us=139 action=3 since_click=1547.8 since_commit=942.4 animating=true repaint=now source/Source:d=[1.084,1.084,1.084,1.084] c=[#bcb293,#cba888,#d0b792,#c39b85] rank=[0,2,1,3] relay/Relay:d=[1.084,1.084,1.084,1.084] c=[#bcb293,#d0b792,#c39b85,#cba888] rank=[0,1,3,2] header/Header:d=[1.084,1.084,1.084,1.084] c=[#cba888,#c39b85,#d0b792,#bcb293] rank=[2,3,1,0] result/Result:d=[1.084,1.084,1.084,1.084] c=[#d0b792,#c39b85,#cba888,#bcb293] rank=[1,3,2,0] link:p=0.557 o=1.000
frame=196 t=3171.9 wall=3171.8 interval=14.09 dt=14.09 cpu_prev=0.300 effect_us=126 action=3 since_click=1561.9 since_commit=956.5 animating=true repaint=now source/Source:d=[1.077,1.077,1.077,1.077] c=[#bdb192,#cba888,#d0b591,#c39c85] rank=[0,2,1,3] relay/Relay:d=[1.077,1.077,1.077,1.077] c=[#bdb192,#d0b591,#c39c85,#cba888] rank=[0,1,3,2] header/Header:d=[1.077,1.077,1.077,1.077] c=[#cba888,#c39c85,#d0b591,#bdb192] rank=[2,3,1,0] result/Result:d=[1.077,1.077,1.077,1.077] c=[#d0b591,#c39c85,#cba888,#bdb192] rank=[1,3,2,0] link:p=0.514 o=1.000
frame=197 t=3180.2 wall=3180.1 interval=8.31 dt=8.31 cpu_prev=0.239 effect_us=129 action=3 since_click=1570.2 since_commit=964.8 animating=true repaint=now source/Source:d=[1.073,1.073,1.073,1.073] c=[#bdb192,#caa889,#cfb591,#c49c86] rank=[0,2,1,3] relay/Relay:d=[1.073,1.073,1.073,1.073] c=[#bdb192,#cfb591,#c49c86,#caa889] rank=[0,1,3,2] header/Header:d=[1.073,1.073,1.073,1.073] c=[#caa889,#c49c86,#cfb591,#bdb192] rank=[2,3,1,0] result/Result:d=[1.073,1.073,1.073,1.073] c=[#cfb591,#c49c86,#caa889,#bdb192] rank=[1,3,2,0] link:p=0.488 o=1.000
frame=198 t=3196.9 wall=3196.8 interval=16.66 dt=16.66 cpu_prev=0.206 effect_us=124 action=3 since_click=1586.9 since_commit=981.4 animating=true repaint=now source/Source:d=[1.066,1.066,1.066,1.066] c=[#beaf91,#caa889,#cfb390,#c49d86] rank=[0,2,1,3] relay/Relay:d=[1.066,1.066,1.066,1.066] c=[#beaf91,#cfb390,#c49d86,#caa889] rank=[0,1,3,2] header/Header:d=[1.066,1.066,1.066,1.066] c=[#caa889,#c49d86,#cfb390,#beaf91] rank=[2,3,1,0] result/Result:d=[1.066,1.066,1.066,1.066] c=[#cfb390,#c49d86,#caa889,#beaf91] rank=[1,3,2,0] link:p=0.438 o=1.000
frame=199 t=3213.6 wall=3213.5 interval=16.72 dt=16.72 cpu_prev=0.202 effect_us=120 action=3 since_click=1603.6 since_commit=998.2 animating=true repaint=now source/Source:d=[1.058,1.058,1.058,1.058] c=[#bfae90,#caa789,#ceb190,#c59e87] rank=[0,2,1,3] relay/Relay:d=[1.058,1.058,1.058,1.058] c=[#bfae90,#ceb190,#c59e87,#caa789] rank=[0,1,3,2] header/Header:d=[1.058,1.058,1.058,1.058] c=[#caa789,#c59e87,#ceb190,#bfae90] rank=[2,3,1,0] result/Result:d=[1.058,1.058,1.058,1.058] c=[#ceb190,#c59e87,#caa789,#bfae90] rank=[1,3,2,0] link:p=0.387 o=1.000
frame=200 t=3230.2 wall=3230.1 interval=16.63 dt=16.63 cpu_prev=0.208 effect_us=114 action=3 since_click=1620.2 since_commit=1014.8 animating=true repaint=now source/Source:d=[1.050,1.050,1.050,1.050] c=[#c1ad90,#caa789,#cdaf8f,#c59f87] rank=[0,2,1,3] relay/Relay:d=[1.050,1.050,1.050,1.050] c=[#c1ad90,#cdaf8f,#c59f87,#caa789] rank=[0,1,3,2] header/Header:d=[1.050,1.050,1.050,1.050] c=[#caa789,#c59f87,#cdaf8f,#c1ad90] rank=[2,3,1,0] result/Result:d=[1.050,1.050,1.050,1.050] c=[#cdaf8f,#c59f87,#caa789,#c1ad90] rank=[1,3,2,0] link:p=0.336 o=1.000
frame=201 t=3238.5 wall=3238.4 interval=8.32 dt=8.32 cpu_prev=0.299 effect_us=107 action=3 since_click=1628.6 since_commit=1023.1 animating=true repaint=now source/Source:d=[1.047,1.047,1.047,1.047] c=[#c1ac8f,#caa689,#cdaf8f,#c59f88] rank=[0,2,1,3] relay/Relay:d=[1.047,1.047,1.047,1.047] c=[#c1ac8f,#cdaf8f,#c59f88,#caa689] rank=[0,1,3,2] header/Header:d=[1.047,1.047,1.047,1.047] c=[#caa689,#c59f88,#cdaf8f,#c1ac8f] rank=[2,3,1,0] result/Result:d=[1.047,1.047,1.047,1.047] c=[#cdaf8f,#c59f88,#caa689,#c1ac8f] rank=[1,3,2,0] link:p=0.311 o=1.000
frame=202 t=3255.3 wall=3255.3 interval=16.81 dt=16.81 cpu_prev=0.186 effect_us=114 action=3 since_click=1645.4 since_commit=1039.9 animating=true repaint=now source/Source:d=[1.039,1.039,1.039,1.039] c=[#c2ab8f,#c9a68a,#ccad8e,#c6a088] rank=[0,2,1,3] relay/Relay:d=[1.039,1.039,1.039,1.039] c=[#c2ab8f,#ccad8e,#c6a088,#c9a68a] rank=[0,1,3,2] header/Header:d=[1.039,1.039,1.039,1.039] c=[#c9a68a,#c6a088,#ccad8e,#c2ab8f] rank=[2,3,1,0] result/Result:d=[1.039,1.039,1.039,1.039] c=[#ccad8e,#c6a088,#c9a68a,#c2ab8f] rank=[1,3,2,0] link:p=0.259 o=1.000
frame=203 t=3272.0 wall=3272.0 interval=16.70 dt=16.70 cpu_prev=0.257 effect_us=115 action=3 since_click=1662.1 since_commit=1056.6 animating=true repaint=now source/Source:d=[1.031,1.031,1.031,1.031] c=[#c3a98e,#c9a68a,#cbab8e,#c6a189] rank=[0,2,1,3] relay/Relay:d=[1.031,1.031,1.031,1.031] c=[#c3a98e,#cbab8e,#c6a189,#c9a68a] rank=[0,1,3,2] header/Header:d=[1.031,1.031,1.031,1.031] c=[#c9a68a,#c6a189,#cbab8e,#c3a98e] rank=[2,3,1,0] result/Result:d=[1.031,1.031,1.031,1.031] c=[#cbab8e,#c6a189,#c9a68a,#c3a98e] rank=[1,3,2,0] link:p=0.208 o=1.000
frame=204 t=3280.2 wall=3280.1 interval=8.18 dt=8.18 cpu_prev=0.270 effect_us=131 action=3 since_click=1670.2 since_commit=1064.8 animating=true repaint=now source/Source:d=[1.028,1.028,1.028,1.028] c=[#c4a98e,#c9a58a,#cbaa8d,#c6a189] rank=[0,2,1,3] relay/Relay:d=[1.028,1.028,1.028,1.028] c=[#c4a98e,#cbaa8d,#c6a189,#c9a58a] rank=[0,1,3,2] header/Header:d=[1.028,1.028,1.028,1.028] c=[#c9a58a,#c6a189,#cbaa8d,#c4a98e] rank=[2,3,1,0] result/Result:d=[1.028,1.028,1.028,1.028] c=[#cbaa8d,#c6a189,#c9a58a,#c4a98e] rank=[1,3,2,0] link:p=0.184 o=1.000
frame=205 t=3297.1 wall=3297.0 interval=16.84 dt=16.84 cpu_prev=0.236 effect_us=123 action=3 since_click=1687.1 since_commit=1081.6 animating=true repaint=now source/Source:d=[1.020,1.020,1.020,1.020] c=[#c5a78d,#c9a58a,#caa88d,#c7a28a] rank=[0,2,1,3] relay/Relay:d=[1.020,1.020,1.020,1.020] c=[#c5a78d,#caa88d,#c7a28a,#c9a58a] rank=[0,1,3,2] header/Header:d=[1.020,1.020,1.020,1.020] c=[#c9a58a,#c7a28a,#caa88d,#c5a78d] rank=[2,3,1,0] result/Result:d=[1.020,1.020,1.020,1.020] c=[#caa88d,#c7a28a,#c9a58a,#c5a78d] rank=[1,3,2,0] link:p=0.132 o=1.000
frame=206 t=3313.7 wall=3313.6 interval=16.62 dt=16.62 cpu_prev=0.293 effect_us=117 action=3 since_click=1703.7 since_commit=1098.3 animating=true repaint=now source/Source:d=[1.012,1.012,1.012,1.012] c=[#c6a68c,#c8a58b,#c9a78c,#c7a38a] rank=[0,2,1,3] relay/Relay:d=[1.012,1.012,1.012,1.012] c=[#c6a68c,#c9a78c,#c7a38a,#c8a58b] rank=[0,1,3,2] header/Header:d=[1.012,1.012,1.012,1.012] c=[#c8a58b,#c7a38a,#c9a78c,#c6a68c] rank=[2,3,1,0] result/Result:d=[1.012,1.012,1.012,1.012] c=[#c9a78c,#c7a38a,#c8a58b,#c6a68c] rank=[1,3,2,0] link:p=0.082 o=1.000
frame=207 t=3321.9 wall=3321.8 interval=8.21 dt=8.22 cpu_prev=0.263 effect_us=110 action=3 since_click=1711.9 since_commit=1106.5 animating=true repaint=now source/Source:d=[1.008,1.008,1.008,1.008] c=[#c7a58c,#c8a48b,#c9a68c,#c7a38a] rank=[0,2,1,3] relay/Relay:d=[1.008,1.008,1.008,1.008] c=[#c7a58c,#c9a68c,#c7a38a,#c8a48b] rank=[0,1,3,2] header/Header:d=[1.008,1.008,1.008,1.008] c=[#c8a48b,#c7a38a,#c9a68c,#c7a58c] rank=[2,3,1,0] result/Result:d=[1.008,1.008,1.008,1.008] c=[#c9a68c,#c7a38a,#c8a48b,#c7a58c] rank=[1,3,2,0] link:p=0.056 o=1.000
frame=208 t=3338.6 wall=3338.5 interval=16.74 dt=16.74 cpu_prev=0.218 effect_us=121 action=3 since_click=1728.7 since_commit=1123.2 animating=true repaint=now source/Source:d=[1.001,1.001,1.001,1.001] c=[#c8a48b,#c8a48b,#c8a48b,#c8a48b] rank=[0,2,1,3] relay/Relay:d=[1.001,1.001,1.001,1.001] c=[#c8a48b,#c8a48b,#c8a48b,#c8a48b] rank=[0,1,3,2] header/Header:d=[1.001,1.001,1.001,1.001] c=[#c8a48b,#c8a48b,#c8a48b,#c8a48b] rank=[2,3,1,0] result/Result:d=[1.001,1.001,1.001,1.001] c=[#c8a48b,#c8a48b,#c8a48b,#c8a48b] rank=[1,3,2,0] link:p=0.005 o=1.000
frame=209 t=3341.9 wall=3341.8 interval=3.22 dt=3.23 cpu_prev=0.230 effect_us=118 action=3 since_click=1731.9 since_commit=1126.4 animating=false repaint=after(29ms) source/Source:d=[1.000,1.000,1.000,1.000] c=[#c8a48b,#c8a48b,#c8a48b,#c8a48b] rank=[0,2,1,3] relay/Relay:d=[1.000,1.000,1.000,1.000] c=[#c8a48b,#c8a48b,#c8a48b,#c8a48b] rank=[0,1,3,2] header/Header:d=[1.000,1.000,1.000,1.000] c=[#c8a48b,#c8a48b,#c8a48b,#c8a48b] rank=[2,3,1,0] result/Result:d=[1.000,1.000,1.000,1.000] c=[#c8a48b,#c8a48b,#c8a48b,#c8a48b] rank=[1,3,2,0] link:p=0.000 o=1.000
frame=210 t=3355.3 wall=3355.2 interval=13.43 dt=13.43 cpu_prev=0.205 effect_us=115 action=3 since_click=1745.3 since_commit=1139.9 animating=false repaint=after(15ms) source/Source:d=[1.000,1.000,1.000,1.000] c=[#c8a48b,#c8a48b,#c8a48b,#c8a48b] rank=[0,2,1,3] relay/Relay:d=[1.000,1.000,1.000,1.000] c=[#c8a48b,#c8a48b,#c8a48b,#c8a48b] rank=[0,1,3,2] header/Header:d=[1.000,1.000,1.000,1.000] c=[#c8a48b,#c8a48b,#c8a48b,#c8a48b] rank=[2,3,1,0] result/Result:d=[1.000,1.000,1.000,1.000] c=[#c8a48b,#c8a48b,#c8a48b,#c8a48b] rank=[1,3,2,0] link:p=0.000 o=1.000
frame=211 t=3363.6 wall=3363.5 interval=8.28 dt=8.28 cpu_prev=0.226 effect_us=106 action=3 since_click=1753.6 since_commit=1148.2 animating=false repaint=after(7ms) source/Source:d=[1.000,1.000,1.000,1.000] c=[#c8a48b,#c8a48b,#c8a48b,#c8a48b] rank=[0,2,1,3] relay/Relay:d=[1.000,1.000,1.000,1.000] c=[#c8a48b,#c8a48b,#c8a48b,#c8a48b] rank=[0,1,3,2] header/Header:d=[1.000,1.000,1.000,1.000] c=[#c8a48b,#c8a48b,#c8a48b,#c8a48b] rank=[2,3,1,0] result/Result:d=[1.000,1.000,1.000,1.000] c=[#c8a48b,#c8a48b,#c8a48b,#c8a48b] rank=[1,3,2,0] link:p=0.000 o=1.000
frame=212 t=3380.3 wall=3380.2 interval=16.69 dt=16.68 cpu_prev=0.203 effect_us=86 action=3 since_click=1770.3 since_commit=1164.8 animating=false repaint=none source/Source:d=[1.000,1.000,1.000,1.000] c=[#c8a48b,#c8a48b,#c8a48b,#c8a48b] rank=[0,2,1,3] header/Header:d=[1.000,1.000,1.000,1.000] c=[#c8a48b,#c8a48b,#c8a48b,#c8a48b] rank=[2,3,1,0] result/Result:d=[1.000,1.000,1.000,1.000] c=[#c8a48b,#c8a48b,#c8a48b,#c8a48b] rank=[1,3,2,0] link:p=0.000 o=1.000
frame=213 t=3696.9 wall=3696.8 interval=316.68 dt=316.67 cpu_prev=0.217 effect_us=156 action=3 since_click=2087.0 since_commit=1481.5 animating=false repaint=none source/Source:d=[1.000,1.000,1.000,1.000] c=[#c8a48b,#c8a48b,#c8a48b,#c8a48b] rank=[0,2,1,3] header/Header:d=[1.000,1.000,1.000,1.000] c=[#c8a48b,#c8a48b,#c8a48b,#c8a48b] rank=[2,3,1,0] result/Result:d=[1.000,1.000,1.000,1.000] c=[#c8a48b,#c8a48b,#c8a48b,#c8a48b] rank=[1,3,2,0] link:p=0.000 o=1.000
frame=214 t=3697.8 wall=3697.7 interval=0.85 dt=0.86 cpu_prev=0.481 effect_us=151 action=3 since_click=2087.8 since_commit=1482.4 animating=false repaint=none source/Source:d=[1.000,1.000,1.000,1.000] c=[#c8a48b,#c8a48b,#c8a48b,#c8a48b] rank=[0,2,1,3] header/Header:d=[1.000,1.000,1.000,1.000] c=[#c8a48b,#c8a48b,#c8a48b,#c8a48b] rank=[2,3,1,0] result/Result:d=[1.000,1.000,1.000,1.000] c=[#c8a48b,#c8a48b,#c8a48b,#c8a48b] rank=[1,3,2,0] link:p=0.000 o=1.000
frame=215 t=3698.6 wall=3698.5 interval=0.81 dt=0.81 cpu_prev=0.437 effect_us=151 action=3 since_click=2088.6 since_commit=1483.2 animating=false repaint=none source/Source:d=[1.000,1.000,1.000,1.000] c=[#c8a48b,#c8a48b,#c8a48b,#c8a48b] rank=[0,2,1,3] header/Header:d=[1.000,1.000,1.000,1.000] c=[#c8a48b,#c8a48b,#c8a48b,#c8a48b] rank=[2,3,1,0] result/Result:d=[1.000,1.000,1.000,1.000] c=[#c8a48b,#c8a48b,#c8a48b,#c8a48b] rank=[1,3,2,0] link:p=0.000 o=1.000
frame=216 t=3699.1 wall=3699.0 interval=0.51 dt=0.51 cpu_prev=0.274 effect_us=150 action=3 since_click=2089.1 since_commit=1483.7 animating=false repaint=none source/Source:d=[1.000,1.000,1.000,1.000] c=[#c8a48b,#c8a48b,#c8a48b,#c8a48b] rank=[0,2,1,3] header/Header:d=[1.000,1.000,1.000,1.000] c=[#c8a48b,#c8a48b,#c8a48b,#c8a48b] rank=[2,3,1,0] result/Result:d=[1.000,1.000,1.000,1.000] c=[#c8a48b,#c8a48b,#c8a48b,#c8a48b] rank=[1,3,2,0] link:p=0.000 o=1.000
frame=217 t=3699.6 wall=3699.5 interval=0.51 dt=0.51 cpu_prev=0.264 effect_us=150 action=3 since_click=2089.6 since_commit=1484.2 animating=false repaint=none source/Source:d=[1.000,1.000,1.000,1.000] c=[#c8a48b,#c8a48b,#c8a48b,#c8a48b] rank=[0,2,1,3] header/Header:d=[1.000,1.000,1.000,1.000] c=[#c8a48b,#c8a48b,#c8a48b,#c8a48b] rank=[2,3,1,0] result/Result:d=[1.000,1.000,1.000,1.000] c=[#c8a48b,#c8a48b,#c8a48b,#c8a48b] rank=[1,3,2,0] link:p=0.000 o=1.000
frame=218 t=3700.1 wall=3700.0 interval=0.47 dt=0.48 cpu_prev=0.255 effect_us=151 action=3 since_click=2090.1 since_commit=1484.7 animating=false repaint=none source/Source:d=[1.000,1.000,1.000,1.000] c=[#c8a48b,#c8a48b,#c8a48b,#c8a48b] rank=[0,2,1,3] header/Header:d=[1.000,1.000,1.000,1.000] c=[#c8a48b,#c8a48b,#c8a48b,#c8a48b] rank=[2,3,1,0] result/Result:d=[1.000,1.000,1.000,1.000] c=[#c8a48b,#c8a48b,#c8a48b,#c8a48b] rank=[1,3,2,0] link:p=0.000 o=1.000
frame=219 t=3700.6 wall=3700.5 interval=0.48 dt=0.48 cpu_prev=0.250 effect_us=150 action=3 since_click=2090.6 since_commit=1485.2 animating=false repaint=none source/Source:d=[1.000,1.000,1.000,1.000] c=[#c8a48b,#c8a48b,#c8a48b,#c8a48b] rank=[0,2,1,3] header/Header:d=[1.000,1.000,1.000,1.000] c=[#c8a48b,#c8a48b,#c8a48b,#c8a48b] rank=[2,3,1,0] result/Result:d=[1.000,1.000,1.000,1.000] c=[#c8a48b,#c8a48b,#c8a48b,#c8a48b] rank=[1,3,2,0] link:p=0.000 o=1.000
frame=220 t=3701.0 wall=3700.9 interval=0.47 dt=0.47 cpu_prev=0.249 effect_us=151 action=3 since_click=2091.1 since_commit=1485.6 animating=false repaint=none source/Source:d=[1.000,1.000,1.000,1.000] c=[#c8a48b,#c8a48b,#c8a48b,#c8a48b] rank=[0,2,1,3] header/Header:d=[1.000,1.000,1.000,1.000] c=[#c8a48b,#c8a48b,#c8a48b,#c8a48b] rank=[2,3,1,0] result/Result:d=[1.000,1.000,1.000,1.000] c=[#c8a48b,#c8a48b,#c8a48b,#c8a48b] rank=[1,3,2,0] link:p=0.000 o=1.000
frame=221 t=3704.3 wall=3704.2 interval=3.24 dt=3.24 cpu_prev=0.250 effect_us=87 action=3 since_click=2094.3 since_commit=1488.9 animating=false repaint=none source/Source:d=[1.000,1.000,1.000,1.000] c=[#c8a48b,#c8a48b,#c8a48b,#c8a48b] rank=[0,2,1,3] header/Header:d=[1.000,1.000,1.000,1.000] c=[#c8a48b,#c8a48b,#c8a48b,#c8a48b] rank=[2,3,1,0] result/Result:d=[1.000,1.000,1.000,1.000] c=[#c8a48b,#c8a48b,#c8a48b,#c8a48b] rank=[1,3,2,0] link:p=0.000 o=1.000
frame=222 t=3713.6 wall=3713.5 interval=9.35 dt=9.34 cpu_prev=0.205 effect_us=83 action=3 since_click=2103.6 since_commit=1498.2 animating=false repaint=none source/Source:d=[1.000,1.000,1.000,1.000] c=[#c8a48b,#c8a48b,#c8a48b,#c8a48b] rank=[0,2,1,3] header/Header:d=[1.000,1.000,1.000,1.000] c=[#c8a48b,#c8a48b,#c8a48b,#c8a48b] rank=[2,3,1,0] result/Result:d=[1.000,1.000,1.000,1.000] c=[#c8a48b,#c8a48b,#c8a48b,#c8a48b] rank=[1,3,2,0] link:p=0.000 o=1.000
