# pixels_per_point=2 script=reduced rows=0
# rect source_key 98.0 157.0 248.0 209.0
# rect header 0.0 0.0 880.0 56.0
# rect panel_a 12.0 68.0 262.0 482.0
# rect panel_b 278.0 68.0 868.0 482.0
frame=1 t=18.4 wall=19.2 interval=- dt=18.41 cpu_prev=- effect_us=1 action=0 since_click=- since_commit=- animating=false repaint=none
frame=2 t=34.4 wall=34.3 interval=15.08 dt=15.97 cpu_prev=22.677 effect_us=1 action=0 since_click=- since_commit=- animating=false repaint=none
frame=3 t=55.9 wall=55.9 interval=21.57 dt=21.57 cpu_prev=0.331 effect_us=1 action=0 since_click=- since_commit=- animating=false repaint=none
frame=4 t=56.5 wall=56.4 interval=0.57 dt=0.58 cpu_prev=0.335 effect_us=0 action=0 since_click=- since_commit=- animating=false repaint=none
frame=5 t=72.0 wall=71.9 interval=15.47 dt=15.47 cpu_prev=0.314 effect_us=1 action=0 since_click=- since_commit=- animating=false repaint=none
frame=6 t=484.9 wall=484.9 interval=412.96 dt=412.92 cpu_prev=0.190 effect_us=5 action=0 since_click=- since_commit=- animating=false repaint=none
frame=7 t=488.0 wall=488.0 interval=3.11 dt=3.13 cpu_prev=1.474 effect_us=2 action=0 since_click=- since_commit=- animating=false repaint=none
frame=8 t=497.5 wall=497.5 interval=9.51 dt=9.51 cpu_prev=0.758 effect_us=3 action=0 since_click=- since_commit=- animating=false repaint=none
# pixels_per_point=2 script=reduced rows=0
# rect header 0.0 0.0 880.0 56.0
# rect source_key 98.0 157.0 248.0 209.0
# rect panel_a 12.0 68.0 262.0 482.0
# rect panel_b 278.0 68.0 868.0 482.0
# event t=512.2ms reduced_motion=true settle_now
frame=9 t=512.2 wall=512.1 interval=14.64 dt=14.61 cpu_prev=1.071 effect_us=2 action=0 since_click=- since_commit=- animating=false repaint=none
frame=10 t=985.9 wall=985.9 interval=473.76 dt=473.79 cpu_prev=0.704 effect_us=4 action=0 since_click=- since_commit=- animating=false repaint=none
frame=11 t=988.2 wall=988.1 interval=2.25 dt=2.27 cpu_prev=0.968 effect_us=2 action=0 since_click=- since_commit=- animating=false repaint=none
frame=12 t=989.0 wall=988.9 interval=0.80 dt=0.82 cpu_prev=0.421 effect_us=1 action=0 since_click=- since_commit=- animating=false repaint=none
frame=13 t=989.7 wall=989.6 interval=0.63 dt=0.63 cpu_prev=0.259 effect_us=0 action=0 since_click=- since_commit=- animating=false repaint=none
frame=14 t=990.2 wall=990.1 interval=0.55 dt=0.54 cpu_prev=0.178 effect_us=1 action=0 since_click=- since_commit=- animating=false repaint=none
frame=15 t=991.0 wall=990.9 interval=0.75 dt=0.76 cpu_prev=0.347 effect_us=1 action=0 since_click=- since_commit=- animating=false repaint=none
frame=16 t=991.7 wall=991.6 interval=0.77 dt=0.77 cpu_prev=0.299 effect_us=1 action=0 since_click=- since_commit=- animating=false repaint=none
frame=17 t=992.4 wall=992.3 interval=0.68 dt=0.68 cpu_prev=0.273 effect_us=1 action=0 since_click=- since_commit=- animating=false repaint=none
frame=18 t=993.0 wall=992.9 interval=0.58 dt=0.58 cpu_prev=0.299 effect_us=1 action=0 since_click=- since_commit=- animating=false repaint=none
frame=19 t=993.6 wall=993.6 interval=0.65 dt=0.65 cpu_prev=0.164 effect_us=1 action=0 since_click=- since_commit=- animating=false repaint=none
frame=20 t=994.0 wall=994.0 interval=0.40 dt=0.40 cpu_prev=0.180 effect_us=1 action=0 since_click=- since_commit=- animating=false repaint=none
frame=21 t=994.5 wall=994.4 interval=0.42 dt=0.42 cpu_prev=0.131 effect_us=1 action=0 since_click=- since_commit=- animating=false repaint=none
frame=22 t=994.9 wall=994.8 interval=0.38 dt=0.38 cpu_prev=0.155 effect_us=1 action=0 since_click=- since_commit=- animating=false repaint=none
frame=23 t=996.5 wall=996.5 interval=1.70 dt=1.70 cpu_prev=0.153 effect_us=0 action=0 since_click=- since_commit=- animating=false repaint=none
# pixels_per_point=2 script=reduced rows=0
# rect header 0.0 0.0 880.0 56.0
# rect panel_b 278.0 68.0 868.0 482.0
# rect panel_a 12.0 68.0 262.0 482.0
# rect source_key 98.0 157.0 248.0 209.0
# event t=1007.0ms click action=1 wall=1006.9
frame=24 t=1007.0 wall=1006.9 interval=10.42 dt=10.42 cpu_prev=0.144 effect_us=73 action=1 since_click=0.0 since_commit=- animating=false repaint=none source/Source(pending):d=[0.720,0.720,0.720,0.720] c=[#c8a48b,#c8a48b,#c8a48b,#c8a48b] rank=[0,2,1,3]
# pixels_per_point=2 script=reduced rows=0
# rect header 0.0 0.0 880.0 56.0
# rect source_key 98.0 157.0 248.0 209.0
# rect panel_a 12.0 68.0 262.0 482.0
# rect panel_b 278.0 68.0 868.0 482.0
# event t=1612.2ms commit action=1 (worker sent at wall 1612.0 ms)
frame=25 t=1612.2 wall=1612.1 interval=605.23 dt=605.22 cpu_prev=0.412 effect_us=236 action=1 since_click=605.2 since_commit=0.0 animating=false repaint=after(1155ms) source/Source:d=[1.000,1.000,1.000,1.000] c=[#c8a48b,#c8a48b,#c8a48b,#c8a48b] rank=[0,2,1,3] relay/Relay:d=[1.000,1.000,1.000,1.000] c=[#c8a48b,#c8a48b,#c8a48b,#c8a48b] rank=[0,1,3,2] header/Header:d=[1.000,1.000,1.000,1.000] c=[#c8a48b,#c8a48b,#c8a48b,#c8a48b] rank=[2,3,1,0] result/Result:d=[1.000,1.000,1.000,1.000] c=[#c8a48b,#c8a48b,#c8a48b,#c8a48b] rank=[1,3,2,0] link:p=0.000 o=1.000
frame=26 t=1613.3 wall=1613.2 interval=1.06 dt=1.06 cpu_prev=0.668 effect_us=230 action=1 since_click=606.3 since_commit=1.1 animating=false repaint=after(1154ms) source/Source:d=[1.000,1.000,1.000,1.000] c=[#c8a48b,#c8a48b,#c8a48b,#c8a48b] rank=[0,2,1,3] relay/Relay:d=[1.000,1.000,1.000,1.000] c=[#c8a48b,#c8a48b,#c8a48b,#c8a48b] rank=[0,1,3,2] header/Header:d=[1.000,1.000,1.000,1.000] c=[#c8a48b,#c8a48b,#c8a48b,#c8a48b] rank=[2,3,1,0] result/Result:d=[1.000,1.000,1.000,1.000] c=[#c8a48b,#c8a48b,#c8a48b,#c8a48b] rank=[1,3,2,0] link:p=0.000 o=1.000
frame=27 t=2752.8 wall=2752.7 interval=1139.51 dt=1139.50 cpu_prev=0.403 effect_us=250 action=1 since_click=1745.8 since_commit=1140.6 animating=false repaint=after(14ms) source/Source:d=[1.000,1.000,1.000,1.000] c=[#c8a48b,#c8a48b,#c8a48b,#c8a48b] rank=[0,2,1,3] relay/Relay:d=[1.000,1.000,1.000,1.000] c=[#c8a48b,#c8a48b,#c8a48b,#c8a48b] rank=[0,1,3,2] header/Header:d=[1.000,1.000,1.000,1.000] c=[#c8a48b,#c8a48b,#c8a48b,#c8a48b] rank=[2,3,1,0] result/Result:d=[1.000,1.000,1.000,1.000] c=[#c8a48b,#c8a48b,#c8a48b,#c8a48b] rank=[1,3,2,0] link:p=0.000 o=1.000
frame=28 t=2756.2 wall=2756.1 interval=3.39 dt=3.40 cpu_prev=0.666 effect_us=221 action=1 since_click=1749.2 since_commit=1144.0 animating=false repaint=after(11ms) source/Source:d=[1.000,1.000,1.000,1.000] c=[#c8a48b,#c8a48b,#c8a48b,#c8a48b] rank=[0,2,1,3] relay/Relay:d=[1.000,1.000,1.000,1.000] c=[#c8a48b,#c8a48b,#c8a48b,#c8a48b] rank=[0,1,3,2] header/Header:d=[1.000,1.000,1.000,1.000] c=[#c8a48b,#c8a48b,#c8a48b,#c8a48b] rank=[2,3,1,0] result/Result:d=[1.000,1.000,1.000,1.000] c=[#c8a48b,#c8a48b,#c8a48b,#c8a48b] rank=[1,3,2,0] link:p=0.000 o=1.000
frame=29 t=2757.2 wall=2757.1 interval=1.04 dt=1.05 cpu_prev=0.466 effect_us=233 action=1 since_click=1750.2 since_commit=1145.0 animating=false repaint=after(10ms) source/Source:d=[1.000,1.000,1.000,1.000] c=[#c8a48b,#c8a48b,#c8a48b,#c8a48b] rank=[0,2,1,3] relay/Relay:d=[1.000,1.000,1.000,1.000] c=[#c8a48b,#c8a48b,#c8a48b,#c8a48b] rank=[0,1,3,2] header/Header:d=[1.000,1.000,1.000,1.000] c=[#c8a48b,#c8a48b,#c8a48b,#c8a48b] rank=[2,3,1,0] result/Result:d=[1.000,1.000,1.000,1.000] c=[#c8a48b,#c8a48b,#c8a48b,#c8a48b] rank=[1,3,2,0] link:p=0.000 o=1.000
frame=30 t=2757.9 wall=2757.8 interval=0.72 dt=0.72 cpu_prev=0.446 effect_us=224 action=1 since_click=1751.0 since_commit=1145.7 animating=false repaint=after(9ms) source/Source:d=[1.000,1.000,1.000,1.000] c=[#c8a48b,#c8a48b,#c8a48b,#c8a48b] rank=[0,2,1,3] relay/Relay:d=[1.000,1.000,1.000,1.000] c=[#c8a48b,#c8a48b,#c8a48b,#c8a48b] rank=[0,1,3,2] header/Header:d=[1.000,1.000,1.000,1.000] c=[#c8a48b,#c8a48b,#c8a48b,#c8a48b] rank=[2,3,1,0] result/Result:d=[1.000,1.000,1.000,1.000] c=[#c8a48b,#c8a48b,#c8a48b,#c8a48b] rank=[1,3,2,0] link:p=0.000 o=1.000
frame=31 t=2758.6 wall=2758.5 interval=0.64 dt=0.64 cpu_prev=0.434 effect_us=212 action=1 since_click=1751.6 since_commit=1146.4 animating=false repaint=after(9ms) source/Source:d=[1.000,1.000,1.000,1.000] c=[#c8a48b,#c8a48b,#c8a48b,#c8a48b] rank=[0,2,1,3] relay/Relay:d=[1.000,1.000,1.000,1.000] c=[#c8a48b,#c8a48b,#c8a48b,#c8a48b] rank=[0,1,3,2] header/Header:d=[1.000,1.000,1.000,1.000] c=[#c8a48b,#c8a48b,#c8a48b,#c8a48b] rank=[2,3,1,0] result/Result:d=[1.000,1.000,1.000,1.000] c=[#c8a48b,#c8a48b,#c8a48b,#c8a48b] rank=[1,3,2,0] link:p=0.000 o=1.000
frame=32 t=2759.1 wall=2759.1 interval=0.58 dt=0.58 cpu_prev=0.376 effect_us=214 action=1 since_click=1752.2 since_commit=1147.0 animating=false repaint=after(8ms) source/Source:d=[1.000,1.000,1.000,1.000] c=[#c8a48b,#c8a48b,#c8a48b,#c8a48b] rank=[0,2,1,3] relay/Relay:d=[1.000,1.000,1.000,1.000] c=[#c8a48b,#c8a48b,#c8a48b,#c8a48b] rank=[0,1,3,2] header/Header:d=[1.000,1.000,1.000,1.000] c=[#c8a48b,#c8a48b,#c8a48b,#c8a48b] rank=[2,3,1,0] result/Result:d=[1.000,1.000,1.000,1.000] c=[#c8a48b,#c8a48b,#c8a48b,#c8a48b] rank=[1,3,2,0] link:p=0.000 o=1.000
frame=33 t=2759.7 wall=2759.6 interval=0.55 dt=0.55 cpu_prev=0.357 effect_us=208 action=1 since_click=1752.7 since_commit=1147.5 animating=false repaint=after(7ms) source/Source:d=[1.000,1.000,1.000,1.000] c=[#c8a48b,#c8a48b,#c8a48b,#c8a48b] rank=[0,2,1,3] relay/Relay:d=[1.000,1.000,1.000,1.000] c=[#c8a48b,#c8a48b,#c8a48b,#c8a48b] rank=[0,1,3,2] header/Header:d=[1.000,1.000,1.000,1.000] c=[#c8a48b,#c8a48b,#c8a48b,#c8a48b] rank=[2,3,1,0] result/Result:d=[1.000,1.000,1.000,1.000] c=[#c8a48b,#c8a48b,#c8a48b,#c8a48b] rank=[1,3,2,0] link:p=0.000 o=1.000
frame=34 t=2760.2 wall=2760.1 interval=0.51 dt=0.51 cpu_prev=0.334 effect_us=212 action=1 since_click=1753.2 since_commit=1148.0 animating=false repaint=after(7ms) source/Source:d=[1.000,1.000,1.000,1.000] c=[#c8a48b,#c8a48b,#c8a48b,#c8a48b] rank=[0,2,1,3] relay/Relay:d=[1.000,1.000,1.000,1.000] c=[#c8a48b,#c8a48b,#c8a48b,#c8a48b] rank=[0,1,3,2] header/Header:d=[1.000,1.000,1.000,1.000] c=[#c8a48b,#c8a48b,#c8a48b,#c8a48b] rank=[2,3,1,0] result/Result:d=[1.000,1.000,1.000,1.000] c=[#c8a48b,#c8a48b,#c8a48b,#c8a48b] rank=[1,3,2,0] link:p=0.000 o=1.000
frame=35 t=2760.8 wall=2760.7 interval=0.56 dt=0.56 cpu_prev=0.336 effect_us=211 action=1 since_click=1753.8 since_commit=1148.6 animating=false repaint=after(6ms) source/Source:d=[1.000,1.000,1.000,1.000] c=[#c8a48b,#c8a48b,#c8a48b,#c8a48b] rank=[0,2,1,3] relay/Relay:d=[1.000,1.000,1.000,1.000] c=[#c8a48b,#c8a48b,#c8a48b,#c8a48b] rank=[0,1,3,2] header/Header:d=[1.000,1.000,1.000,1.000] c=[#c8a48b,#c8a48b,#c8a48b,#c8a48b] rank=[2,3,1,0] result/Result:d=[1.000,1.000,1.000,1.000] c=[#c8a48b,#c8a48b,#c8a48b,#c8a48b] rank=[1,3,2,0] link:p=0.000 o=1.000
frame=36 t=2761.3 wall=2761.3 interval=0.57 dt=0.58 cpu_prev=0.367 effect_us=217 action=1 since_click=1754.4 since_commit=1149.2 animating=false repaint=after(6ms) source/Source:d=[1.000,1.000,1.000,1.000] c=[#c8a48b,#c8a48b,#c8a48b,#c8a48b] rank=[0,2,1,3] relay/Relay:d=[1.000,1.000,1.000,1.000] c=[#c8a48b,#c8a48b,#c8a48b,#c8a48b] rank=[0,1,3,2] header/Header:d=[1.000,1.000,1.000,1.000] c=[#c8a48b,#c8a48b,#c8a48b,#c8a48b] rank=[2,3,1,0] result/Result:d=[1.000,1.000,1.000,1.000] c=[#c8a48b,#c8a48b,#c8a48b,#c8a48b] rank=[1,3,2,0] link:p=0.000 o=1.000
frame=37 t=2761.9 wall=2761.8 interval=0.54 dt=0.54 cpu_prev=0.374 effect_us=210 action=1 since_click=1754.9 since_commit=1149.7 animating=false repaint=after(5ms) source/Source:d=[1.000,1.000,1.000,1.000] c=[#c8a48b,#c8a48b,#c8a48b,#c8a48b] rank=[0,2,1,3] relay/Relay:d=[1.000,1.000,1.000,1.000] c=[#c8a48b,#c8a48b,#c8a48b,#c8a48b] rank=[0,1,3,2] header/Header:d=[1.000,1.000,1.000,1.000] c=[#c8a48b,#c8a48b,#c8a48b,#c8a48b] rank=[2,3,1,0] result/Result:d=[1.000,1.000,1.000,1.000] c=[#c8a48b,#c8a48b,#c8a48b,#c8a48b] rank=[1,3,2,0] link:p=0.000 o=1.000
frame=38 t=2762.4 wall=2762.3 interval=0.53 dt=0.53 cpu_prev=0.327 effect_us=209 action=1 since_click=1755.4 since_commit=1150.2 animating=false repaint=after(5ms) source/Source:d=[1.000,1.000,1.000,1.000] c=[#c8a48b,#c8a48b,#c8a48b,#c8a48b] rank=[0,2,1,3] relay/Relay:d=[1.000,1.000,1.000,1.000] c=[#c8a48b,#c8a48b,#c8a48b,#c8a48b] rank=[0,1,3,2] header/Header:d=[1.000,1.000,1.000,1.000] c=[#c8a48b,#c8a48b,#c8a48b,#c8a48b] rank=[2,3,1,0] result/Result:d=[1.000,1.000,1.000,1.000] c=[#c8a48b,#c8a48b,#c8a48b,#c8a48b] rank=[1,3,2,0] link:p=0.000 o=1.000
frame=39 t=2762.9 wall=2762.8 interval=0.47 dt=0.47 cpu_prev=0.320 effect_us=200 action=1 since_click=1755.9 since_commit=1150.7 animating=false repaint=after(4ms) source/Source:d=[1.000,1.000,1.000,1.000] c=[#c8a48b,#c8a48b,#c8a48b,#c8a48b] rank=[0,2,1,3] relay/Relay:d=[1.000,1.000,1.000,1.000] c=[#c8a48b,#c8a48b,#c8a48b,#c8a48b] rank=[0,1,3,2] header/Header:d=[1.000,1.000,1.000,1.000] c=[#c8a48b,#c8a48b,#c8a48b,#c8a48b] rank=[2,3,1,0] result/Result:d=[1.000,1.000,1.000,1.000] c=[#c8a48b,#c8a48b,#c8a48b,#c8a48b] rank=[1,3,2,0] link:p=0.000 o=1.000
frame=40 t=2763.4 wall=2763.3 interval=0.47 dt=0.47 cpu_prev=0.319 effect_us=190 action=1 since_click=1756.4 since_commit=1151.2 animating=false repaint=after(4ms) source/Source:d=[1.000,1.000,1.000,1.000] c=[#c8a48b,#c8a48b,#c8a48b,#c8a48b] rank=[0,2,1,3] relay/Relay:d=[1.000,1.000,1.000,1.000] c=[#c8a48b,#c8a48b,#c8a48b,#c8a48b] rank=[0,1,3,2] header/Header:d=[1.000,1.000,1.000,1.000] c=[#c8a48b,#c8a48b,#c8a48b,#c8a48b] rank=[2,3,1,0] result/Result:d=[1.000,1.000,1.000,1.000] c=[#c8a48b,#c8a48b,#c8a48b,#c8a48b] rank=[1,3,2,0] link:p=0.000 o=1.000
frame=41 t=2763.9 wall=2763.8 interval=0.54 dt=0.54 cpu_prev=0.296 effect_us=216 action=1 since_click=1756.9 since_commit=1151.7 animating=false repaint=after(3ms) source/Source:d=[1.000,1.000,1.000,1.000] c=[#c8a48b,#c8a48b,#c8a48b,#c8a48b] rank=[0,2,1,3] relay/Relay:d=[1.000,1.000,1.000,1.000] c=[#c8a48b,#c8a48b,#c8a48b,#c8a48b] rank=[0,1,3,2] header/Header:d=[1.000,1.000,1.000,1.000] c=[#c8a48b,#c8a48b,#c8a48b,#c8a48b] rank=[2,3,1,0] result/Result:d=[1.000,1.000,1.000,1.000] c=[#c8a48b,#c8a48b,#c8a48b,#c8a48b] rank=[1,3,2,0] link:p=0.000 o=1.000
frame=42 t=2764.5 wall=2764.4 interval=0.59 dt=0.59 cpu_prev=0.400 effect_us=195 action=1 since_click=1757.5 since_commit=1152.3 animating=false repaint=after(3ms) source/Source:d=[1.000,1.000,1.000,1.000] c=[#c8a48b,#c8a48b,#c8a48b,#c8a48b] rank=[0,2,1,3] relay/Relay:d=[1.000,1.000,1.000,1.000] c=[#c8a48b,#c8a48b,#c8a48b,#c8a48b] rank=[0,1,3,2] header/Header:d=[1.000,1.000,1.000,1.000] c=[#c8a48b,#c8a48b,#c8a48b,#c8a48b] rank=[2,3,1,0] result/Result:d=[1.000,1.000,1.000,1.000] c=[#c8a48b,#c8a48b,#c8a48b,#c8a48b] rank=[1,3,2,0] link:p=0.000 o=1.000
frame=43 t=2765.0 wall=2764.9 interval=0.50 dt=0.50 cpu_prev=0.320 effect_us=188 action=1 since_click=1758.0 since_commit=1152.8 animating=false repaint=after(2ms) source/Source:d=[1.000,1.000,1.000,1.000] c=[#c8a48b,#c8a48b,#c8a48b,#c8a48b] rank=[0,2,1,3] relay/Relay:d=[1.000,1.000,1.000,1.000] c=[#c8a48b,#c8a48b,#c8a48b,#c8a48b] rank=[0,1,3,2] header/Header:d=[1.000,1.000,1.000,1.000] c=[#c8a48b,#c8a48b,#c8a48b,#c8a48b] rank=[2,3,1,0] result/Result:d=[1.000,1.000,1.000,1.000] c=[#c8a48b,#c8a48b,#c8a48b,#c8a48b] rank=[1,3,2,0] link:p=0.000 o=1.000
frame=44 t=2765.5 wall=2765.4 interval=0.47 dt=0.47 cpu_prev=0.311 effect_us=196 action=1 since_click=1758.5 since_commit=1153.3 animating=false repaint=after(2ms) source/Source:d=[1.000,1.000,1.000,1.000] c=[#c8a48b,#c8a48b,#c8a48b,#c8a48b] rank=[0,2,1,3] relay/Relay:d=[1.000,1.000,1.000,1.000] c=[#c8a48b,#c8a48b,#c8a48b,#c8a48b] rank=[0,1,3,2] header/Header:d=[1.000,1.000,1.000,1.000] c=[#c8a48b,#c8a48b,#c8a48b,#c8a48b] rank=[2,3,1,0] result/Result:d=[1.000,1.000,1.000,1.000] c=[#c8a48b,#c8a48b,#c8a48b,#c8a48b] rank=[1,3,2,0] link:p=0.000 o=1.000
frame=45 t=2765.9 wall=2765.8 interval=0.47 dt=0.47 cpu_prev=0.301 effect_us=189 action=1 since_click=1759.0 since_commit=1153.7 animating=false repaint=after(1ms) source/Source:d=[1.000,1.000,1.000,1.000] c=[#c8a48b,#c8a48b,#c8a48b,#c8a48b] rank=[0,2,1,3] relay/Relay:d=[1.000,1.000,1.000,1.000] c=[#c8a48b,#c8a48b,#c8a48b,#c8a48b] rank=[0,1,3,2] header/Header:d=[1.000,1.000,1.000,1.000] c=[#c8a48b,#c8a48b,#c8a48b,#c8a48b] rank=[2,3,1,0] result/Result:d=[1.000,1.000,1.000,1.000] c=[#c8a48b,#c8a48b,#c8a48b,#c8a48b] rank=[1,3,2,0] link:p=0.000 o=1.000
frame=46 t=2766.4 wall=2766.3 interval=0.48 dt=0.48 cpu_prev=0.296 effect_us=191 action=1 since_click=1759.4 since_commit=1154.2 animating=false repaint=after(1ms) source/Source:d=[1.000,1.000,1.000,1.000] c=[#c8a48b,#c8a48b,#c8a48b,#c8a48b] rank=[0,2,1,3] relay/Relay:d=[1.000,1.000,1.000,1.000] c=[#c8a48b,#c8a48b,#c8a48b,#c8a48b] rank=[0,1,3,2] header/Header:d=[1.000,1.000,1.000,1.000] c=[#c8a48b,#c8a48b,#c8a48b,#c8a48b] rank=[2,3,1,0] result/Result:d=[1.000,1.000,1.000,1.000] c=[#c8a48b,#c8a48b,#c8a48b,#c8a48b] rank=[1,3,2,0] link:p=0.000 o=1.000
frame=47 t=2766.9 wall=2766.8 interval=0.47 dt=0.47 cpu_prev=0.314 effect_us=186 action=1 since_click=1759.9 since_commit=1154.7 animating=false repaint=after(0ms) source/Source:d=[1.000,1.000,1.000,1.000] c=[#c8a48b,#c8a48b,#c8a48b,#c8a48b] rank=[0,2,1,3] relay/Relay:d=[1.000,1.000,1.000,1.000] c=[#c8a48b,#c8a48b,#c8a48b,#c8a48b] rank=[0,1,3,2] header/Header:d=[1.000,1.000,1.000,1.000] c=[#c8a48b,#c8a48b,#c8a48b,#c8a48b] rank=[2,3,1,0] result/Result:d=[1.000,1.000,1.000,1.000] c=[#c8a48b,#c8a48b,#c8a48b,#c8a48b] rank=[1,3,2,0] link:p=0.000 o=1.000
frame=48 t=2767.3 wall=2767.2 interval=0.44 dt=0.44 cpu_prev=0.283 effect_us=148 action=1 since_click=1760.4 since_commit=1155.1 animating=false repaint=none source/Source:d=[1.000,1.000,1.000,1.000] c=[#c8a48b,#c8a48b,#c8a48b,#c8a48b] rank=[0,2,1,3] header/Header:d=[1.000,1.000,1.000,1.000] c=[#c8a48b,#c8a48b,#c8a48b,#c8a48b] rank=[2,3,1,0] result/Result:d=[1.000,1.000,1.000,1.000] c=[#c8a48b,#c8a48b,#c8a48b,#c8a48b] rank=[1,3,2,0] link:p=0.000 o=1.000
frame=49 t=3295.5 wall=3295.5 interval=528.24 dt=528.21 cpu_prev=0.286 effect_us=350 action=1 since_click=2288.6 since_commit=1683.3 animating=false repaint=none source/Source:d=[1.000,1.000,1.000,1.000] c=[#c8a48b,#c8a48b,#c8a48b,#c8a48b] rank=[0,2,1,3] header/Header:d=[1.000,1.000,1.000,1.000] c=[#c8a48b,#c8a48b,#c8a48b,#c8a48b] rank=[2,3,1,0] result/Result:d=[1.000,1.000,1.000,1.000] c=[#c8a48b,#c8a48b,#c8a48b,#c8a48b] rank=[1,3,2,0] link:p=0.000 o=1.000
frame=50 t=3297.3 wall=3297.2 interval=1.71 dt=1.73 cpu_prev=1.060 effect_us=384 action=1 since_click=2290.3 since_commit=1685.1 animating=false repaint=none source/Source:d=[1.000,1.000,1.000,1.000] c=[#c8a48b,#c8a48b,#c8a48b,#c8a48b] rank=[0,2,1,3] header/Header:d=[1.000,1.000,1.000,1.000] c=[#c8a48b,#c8a48b,#c8a48b,#c8a48b] rank=[2,3,1,0] result/Result:d=[1.000,1.000,1.000,1.000] c=[#c8a48b,#c8a48b,#c8a48b,#c8a48b] rank=[1,3,2,0] link:p=0.000 o=1.000
frame=51 t=3298.7 wall=3298.6 interval=1.43 dt=1.42 cpu_prev=0.857 effect_us=395 action=1 since_click=2291.7 since_commit=1686.5 animating=false repaint=none source/Source:d=[1.000,1.000,1.000,1.000] c=[#c8a48b,#c8a48b,#c8a48b,#c8a48b] rank=[0,2,1,3] header/Header:d=[1.000,1.000,1.000,1.000] c=[#c8a48b,#c8a48b,#c8a48b,#c8a48b] rank=[2,3,1,0] result/Result:d=[1.000,1.000,1.000,1.000] c=[#c8a48b,#c8a48b,#c8a48b,#c8a48b] rank=[1,3,2,0] link:p=0.000 o=1.000
frame=52 t=3303.7 wall=3303.7 interval=5.05 dt=5.06 cpu_prev=1.013 effect_us=163 action=1 since_click=2296.8 since_commit=1691.5 animating=false repaint=none source/Source:d=[1.000,1.000,1.000,1.000] c=[#c8a48b,#c8a48b,#c8a48b,#c8a48b] rank=[0,2,1,3] header/Header:d=[1.000,1.000,1.000,1.000] c=[#c8a48b,#c8a48b,#c8a48b,#c8a48b] rank=[2,3,1,0] result/Result:d=[1.000,1.000,1.000,1.000] c=[#c8a48b,#c8a48b,#c8a48b,#c8a48b] rank=[1,3,2,0] link:p=0.000 o=1.000
frame=53 t=3315.5 wall=3315.4 interval=11.75 dt=11.76 cpu_prev=0.541 effect_us=199 action=1 since_click=2308.5 since_commit=1703.3 animating=false repaint=none source/Source:d=[1.000,1.000,1.000,1.000] c=[#c8a48b,#c8a48b,#c8a48b,#c8a48b] rank=[0,2,1,3] header/Header:d=[1.000,1.000,1.000,1.000] c=[#c8a48b,#c8a48b,#c8a48b,#c8a48b] rank=[2,3,1,0] result/Result:d=[1.000,1.000,1.000,1.000] c=[#c8a48b,#c8a48b,#c8a48b,#c8a48b] rank=[1,3,2,0] link:p=0.000 o=1.000
