# pixels_per_point=2 script=toggle rows=0
# rect panel_a 12.0 68.0 262.0 482.0
# rect source_key 98.0 157.0 248.0 209.0
# rect panel_b 278.0 68.0 868.0 482.0
# rect header 0.0 0.0 880.0 56.0
frame=1 t=17.3 wall=18.1 interval=- dt=17.31 cpu_prev=- effect_us=0 action=0 since_click=- since_commit=- animating=false repaint=none
frame=2 t=37.3 wall=37.2 interval=19.11 dt=19.98 cpu_prev=25.300 effect_us=1 action=0 since_click=- since_commit=- animating=false repaint=none
frame=3 t=61.0 wall=60.9 interval=23.73 dt=23.73 cpu_prev=0.308 effect_us=1 action=0 since_click=- since_commit=- animating=false repaint=none
frame=4 t=61.6 wall=61.5 interval=0.62 dt=0.63 cpu_prev=0.338 effect_us=0 action=0 since_click=- since_commit=- animating=false repaint=none
frame=5 t=74.3 wall=74.2 interval=12.62 dt=12.62 cpu_prev=0.540 effect_us=1 action=0 since_click=- since_commit=- animating=false repaint=none
frame=6 t=925.8 wall=925.7 interval=851.58 dt=851.55 cpu_prev=0.190 effect_us=4 action=0 since_click=- since_commit=- animating=false repaint=none
frame=7 t=928.7 wall=928.6 interval=2.88 dt=2.89 cpu_prev=1.180 effect_us=3 action=0 since_click=- since_commit=- animating=false repaint=none
frame=8 t=931.8 wall=931.7 interval=3.05 dt=3.07 cpu_prev=0.798 effect_us=1 action=0 since_click=- since_commit=- animating=false repaint=none
frame=9 t=947.2 wall=947.1 interval=15.39 dt=15.38 cpu_prev=0.411 effect_us=1 action=0 since_click=- since_commit=- animating=false repaint=none
frame=10 t=950.7 wall=950.6 interval=3.58 dt=3.59 cpu_prev=0.483 effect_us=1 action=0 since_click=- since_commit=- animating=false repaint=none
frame=11 t=963.7 wall=963.6 interval=12.98 dt=12.98 cpu_prev=2.971 effect_us=1 action=0 since_click=- since_commit=- animating=false repaint=none
frame=12 t=974.3 wall=974.4 interval=10.75 dt=10.60 cpu_prev=10.267 effect_us=1 action=0 since_click=- since_commit=- animating=false repaint=none
frame=13 t=984.5 wall=984.6 interval=10.25 dt=10.23 cpu_prev=9.884 effect_us=1 action=0 since_click=- since_commit=- animating=false repaint=none
frame=14 t=992.8 wall=992.9 interval=8.30 dt=8.30 cpu_prev=7.900 effect_us=1 action=0 since_click=- since_commit=- animating=false repaint=none
# pixels_per_point=2 script=toggle rows=0
# rect source_key 98.0 157.0 248.0 209.0
# rect header 0.0 0.0 880.0 56.0
# rect panel_a 12.0 68.0 262.0 482.0
# rect panel_b 278.0 68.0 868.0 482.0
# event t=1001.0ms click action=1 wall=1005.4
frame=15 t=1001.0 wall=1001.1 interval=8.18 dt=8.20 cpu_prev=7.827 effect_us=38 action=1 since_click=0.0 since_commit=- animating=true repaint=now source/Source(pending):d=[0.000,0.000,0.000,0.000] c=[#c8a48b,#c8a48b,#c8a48b,#c8a48b] rank=[0,2,1,3]
frame=16 t=1009.4 wall=1009.5 interval=8.35 dt=8.39 cpu_prev=8.103 effect_us=34 action=1 since_click=8.4 since_commit=- animating=true repaint=now source/Source(pending):d=[0.058,0.000,0.000,0.000] c=[#c8a48b,#c8a48b,#c8a48b,#c8a48b] rank=[0,2,1,3]
frame=17 t=1017.0 wall=1017.1 interval=7.65 dt=7.61 cpu_prev=7.297 effect_us=37 action=1 since_click=16.0 since_commit=- animating=true repaint=now source/Source(pending):d=[0.110,0.000,0.000,0.000] c=[#c8a48b,#c8a48b,#c8a48b,#c8a48b] rank=[0,2,1,3]
frame=18 t=1025.2 wall=1025.3 interval=8.17 dt=8.20 cpu_prev=7.901 effect_us=35 action=1 since_click=24.2 since_commit=- animating=true repaint=now source/Source(pending):d=[0.166,0.000,0.000,0.000] c=[#c8a48b,#c8a48b,#c8a48b,#c8a48b] rank=[0,2,1,3]
frame=19 t=1033.3 wall=1033.3 interval=8.04 dt=8.03 cpu_prev=7.623 effect_us=35 action=1 since_click=32.2 since_commit=- animating=true repaint=now source/Source(pending):d=[0.221,0.000,0.029,0.000] c=[#c8a48b,#c8a48b,#c8a48b,#c8a48b] rank=[0,2,1,3]
frame=20 t=1041.3 wall=1041.4 interval=8.05 dt=8.06 cpu_prev=7.772 effect_us=33 action=1 since_click=40.3 since_commit=- animating=true repaint=now source/Source(pending):d=[0.276,0.000,0.084,0.000] c=[#c8a48b,#c8a48b,#c8a48b,#c8a48b] rank=[0,2,1,3]
frame=21 t=1049.6 wall=1049.6 interval=8.27 dt=8.27 cpu_prev=7.451 effect_us=32 action=1 since_click=48.6 since_commit=- animating=true repaint=now source/Source(pending):d=[0.333,0.000,0.141,0.000] c=[#c8a48b,#c8a48b,#c8a48b,#c8a48b] rank=[0,2,1,3]
frame=22 t=1058.5 wall=1058.6 interval=8.94 dt=8.94 cpu_prev=6.439 effect_us=34 action=1 since_click=57.5 since_commit=- animating=true repaint=now source/Source(pending):d=[0.394,0.010,0.202,0.000] c=[#c8a48b,#c8a48b,#c8a48b,#c8a48b] rank=[0,2,1,3]
frame=23 t=1066.2 wall=1066.3 interval=7.71 dt=7.70 cpu_prev=7.232 effect_us=35 action=1 since_click=65.2 since_commit=- animating=true repaint=now source/Source(pending):d=[0.447,0.063,0.255,0.000] c=[#c8a48b,#c8a48b,#c8a48b,#c8a48b] rank=[0,2,1,3]
frame=24 t=1074.5 wall=1074.6 interval=8.29 dt=8.30 cpu_prev=7.053 effect_us=33 action=1 since_click=73.5 since_commit=- animating=true repaint=now source/Source(pending):d=[0.504,0.120,0.312,0.000] c=[#c8a48b,#c8a48b,#c8a48b,#c8a48b] rank=[0,2,1,3]
frame=25 t=1083.2 wall=1083.3 interval=8.72 dt=8.71 cpu_prev=6.815 effect_us=34 action=1 since_click=82.2 since_commit=- animating=true repaint=now source/Source(pending):d=[0.564,0.180,0.372,0.000] c=[#c8a48b,#c8a48b,#c8a48b,#c8a48b] rank=[0,2,1,3]
frame=26 t=1093.7 wall=1093.7 interval=10.43 dt=10.44 cpu_prev=10.139 effect_us=34 action=1 since_click=92.6 since_commit=- animating=true repaint=now source/Source(pending):d=[0.635,0.251,0.443,0.059] c=[#c8a48b,#c8a48b,#c8a48b,#c8a48b] rank=[0,2,1,3]
frame=27 t=1102.0 wall=1102.0 interval=8.29 dt=8.28 cpu_prev=8.027 effect_us=34 action=1 since_click=100.9 since_commit=- animating=true repaint=now source/Source(pending):d=[0.692,0.308,0.500,0.116] c=[#c8a48b,#c8a48b,#c8a48b,#c8a48b] rank=[0,2,1,3]
frame=28 t=1109.6 wall=1109.7 interval=7.65 dt=7.66 cpu_prev=7.407 effect_us=34 action=1 since_click=108.6 since_commit=- animating=true repaint=now source/Source(pending):d=[0.720,0.361,0.553,0.169] c=[#c8a48b,#c8a48b,#c8a48b,#c8a48b] rank=[0,2,1,3]
frame=29 t=1117.2 wall=1117.2 interval=7.59 dt=7.58 cpu_prev=7.321 effect_us=33 action=1 since_click=116.2 since_commit=- animating=true repaint=now source/Source(pending):d=[0.720,0.413,0.605,0.221] c=[#c8a48b,#c8a48b,#c8a48b,#c8a48b] rank=[0,2,1,3]
frame=30 t=1124.7 wall=1124.7 interval=7.49 dt=7.49 cpu_prev=7.166 effect_us=34 action=1 since_click=123.7 since_commit=- animating=true repaint=now source/Source(pending):d=[0.720,0.464,0.656,0.272] c=[#c8a48b,#c8a48b,#c8a48b,#c8a48b] rank=[0,2,1,3]
frame=31 t=1133.2 wall=1133.3 interval=8.53 dt=8.53 cpu_prev=6.772 effect_us=34 action=1 since_click=132.2 since_commit=- animating=true repaint=now source/Source(pending):d=[0.720,0.522,0.714,0.330] c=[#c8a48b,#c8a48b,#c8a48b,#c8a48b] rank=[0,2,1,3]
frame=32 t=1141.2 wall=1141.2 interval=7.97 dt=7.98 cpu_prev=7.095 effect_us=34 action=1 since_click=140.2 since_commit=- animating=true repaint=now source/Source(pending):d=[0.720,0.577,0.720,0.385] c=[#c8a48b,#c8a48b,#c8a48b,#c8a48b] rank=[0,2,1,3]
frame=33 t=1149.9 wall=1150.0 interval=8.73 dt=8.73 cpu_prev=6.546 effect_us=33 action=1 since_click=148.9 since_commit=- animating=true repaint=now source/Source(pending):d=[0.720,0.637,0.720,0.445] c=[#c8a48b,#c8a48b,#c8a48b,#c8a48b] rank=[0,2,1,3]
frame=34 t=1158.1 wall=1158.1 interval=8.15 dt=8.16 cpu_prev=6.861 effect_us=33 action=1 since_click=157.0 since_commit=- animating=true repaint=now source/Source(pending):d=[0.720,0.693,0.720,0.501] c=[#c8a48b,#c8a48b,#c8a48b,#c8a48b] rank=[0,2,1,3]
frame=35 t=1166.5 wall=1166.5 interval=8.39 dt=8.39 cpu_prev=6.155 effect_us=32 action=1 since_click=165.4 since_commit=- animating=true repaint=now source/Source(pending):d=[0.720,0.720,0.720,0.558] c=[#c8a48b,#c8a48b,#c8a48b,#c8a48b] rank=[0,2,1,3]
frame=36 t=1174.8 wall=1174.8 interval=8.28 dt=8.28 cpu_prev=6.830 effect_us=33 action=1 since_click=173.7 since_commit=- animating=true repaint=now source/Source(pending):d=[0.720,0.720,0.720,0.615] c=[#c8a48b,#c8a48b,#c8a48b,#c8a48b] rank=[0,2,1,3]
frame=37 t=1183.3 wall=1183.4 interval=8.57 dt=8.56 cpu_prev=6.786 effect_us=33 action=1 since_click=182.3 since_commit=- animating=true repaint=now source/Source(pending):d=[0.720,0.720,0.720,0.674] c=[#c8a48b,#c8a48b,#c8a48b,#c8a48b] rank=[0,2,1,3]
frame=38 t=1191.5 wall=1191.6 interval=8.21 dt=8.22 cpu_prev=6.773 effect_us=32 action=1 since_click=190.5 since_commit=- animating=false repaint=none source/Source(pending):d=[0.720,0.720,0.720,0.720] c=[#c8a48b,#c8a48b,#c8a48b,#c8a48b] rank=[0,2,1,3]
frame=39 t=1199.7 wall=1199.7 interval=8.11 dt=8.11 cpu_prev=6.880 effect_us=33 action=1 since_click=198.6 since_commit=- animating=false repaint=none source/Source(pending):d=[0.720,0.720,0.720,0.720] c=[#c8a48b,#c8a48b,#c8a48b,#c8a48b] rank=[0,2,1,3]
frame=40 t=1208.1 wall=1208.1 interval=8.46 dt=8.46 cpu_prev=6.767 effect_us=33 action=1 since_click=207.1 since_commit=- animating=false repaint=none source/Source(pending):d=[0.720,0.720,0.720,0.720] c=[#c8a48b,#c8a48b,#c8a48b,#c8a48b] rank=[0,2,1,3]
frame=41 t=1216.0 wall=1216.1 interval=7.95 dt=7.91 cpu_prev=6.877 effect_us=35 action=1 since_click=215.0 since_commit=- animating=false repaint=none source/Source(pending):d=[0.720,0.720,0.720,0.720] c=[#c8a48b,#c8a48b,#c8a48b,#c8a48b] rank=[0,2,1,3]
frame=42 t=1225.5 wall=1225.5 interval=9.40 dt=9.44 cpu_prev=9.163 effect_us=33 action=1 since_click=224.4 since_commit=- animating=false repaint=none source/Source(pending):d=[0.720,0.720,0.720,0.720] c=[#c8a48b,#c8a48b,#c8a48b,#c8a48b] rank=[0,2,1,3]
frame=43 t=1233.0 wall=1233.0 interval=7.52 dt=7.51 cpu_prev=7.235 effect_us=33 action=1 since_click=231.9 since_commit=- animating=false repaint=none source/Source(pending):d=[0.720,0.720,0.720,0.720] c=[#c8a48b,#c8a48b,#c8a48b,#c8a48b] rank=[0,2,1,3]
frame=44 t=1241.2 wall=1241.2 interval=8.21 dt=8.21 cpu_prev=7.663 effect_us=32 action=1 since_click=240.2 since_commit=- animating=false repaint=none source/Source(pending):d=[0.720,0.720,0.720,0.720] c=[#c8a48b,#c8a48b,#c8a48b,#c8a48b] rank=[0,2,1,3]
frame=45 t=1249.8 wall=1249.8 interval=8.60 dt=8.58 cpu_prev=7.279 effect_us=33 action=1 since_click=248.7 since_commit=- animating=false repaint=none source/Source(pending):d=[0.720,0.720,0.720,0.720] c=[#c8a48b,#c8a48b,#c8a48b,#c8a48b] rank=[0,2,1,3]
frame=46 t=1258.1 wall=1258.1 interval=8.32 dt=8.34 cpu_prev=8.056 effect_us=34 action=1 since_click=257.1 since_commit=- animating=false repaint=none source/Source(pending):d=[0.720,0.720,0.720,0.720] c=[#c8a48b,#c8a48b,#c8a48b,#c8a48b] rank=[0,2,1,3]
frame=47 t=1266.4 wall=1266.4 interval=8.29 dt=8.28 cpu_prev=7.305 effect_us=29 action=1 since_click=265.4 since_commit=- animating=false repaint=none source/Source(pending):d=[0.720,0.720,0.720,0.720] c=[#c8a48b,#c8a48b,#c8a48b,#c8a48b] rank=[0,2,1,3]
frame=48 t=1274.6 wall=1274.7 interval=8.23 dt=8.20 cpu_prev=7.030 effect_us=33 action=1 since_click=273.5 since_commit=- animating=false repaint=none source/Source(pending):d=[0.720,0.720,0.720,0.720] c=[#c8a48b,#c8a48b,#c8a48b,#c8a48b] rank=[0,2,1,3]
frame=49 t=1283.6 wall=1283.7 interval=8.99 dt=9.02 cpu_prev=6.792 effect_us=33 action=1 since_click=282.6 since_commit=- animating=false repaint=none source/Source(pending):d=[0.720,0.720,0.720,0.720] c=[#c8a48b,#c8a48b,#c8a48b,#c8a48b] rank=[0,2,1,3]
frame=50 t=1324.9 wall=1324.9 interval=41.28 dt=41.26 cpu_prev=40.924 effect_us=30 action=1 since_click=323.8 since_commit=- animating=false repaint=none source/Source(pending):d=[0.720,0.720,0.720,0.720] c=[#c8a48b,#c8a48b,#c8a48b,#c8a48b] rank=[0,2,1,3]
frame=51 t=1335.9 wall=1336.0 interval=11.05 dt=11.07 cpu_prev=10.806 effect_us=34 action=1 since_click=334.9 since_commit=- animating=false repaint=none source/Source(pending):d=[0.720,0.720,0.720,0.720] c=[#c8a48b,#c8a48b,#c8a48b,#c8a48b] rank=[0,2,1,3]
frame=52 t=1343.5 wall=1343.6 interval=7.58 dt=7.59 cpu_prev=7.333 effect_us=33 action=1 since_click=342.5 since_commit=- animating=false repaint=none source/Source(pending):d=[0.720,0.720,0.720,0.720] c=[#c8a48b,#c8a48b,#c8a48b,#c8a48b] rank=[0,2,1,3]
frame=53 t=1350.7 wall=1350.7 interval=7.16 dt=7.15 cpu_prev=6.905 effect_us=32 action=1 since_click=349.6 since_commit=- animating=false repaint=none source/Source(pending):d=[0.720,0.720,0.720,0.720] c=[#c8a48b,#c8a48b,#c8a48b,#c8a48b] rank=[0,2,1,3]
frame=54 t=1358.3 wall=1358.3 interval=7.61 dt=7.62 cpu_prev=7.357 effect_us=32 action=1 since_click=357.3 since_commit=- animating=false repaint=none source/Source(pending):d=[0.720,0.720,0.720,0.720] c=[#c8a48b,#c8a48b,#c8a48b,#c8a48b] rank=[0,2,1,3]
frame=55 t=1366.1 wall=1366.1 interval=7.80 dt=7.79 cpu_prev=7.266 effect_us=30 action=1 since_click=365.0 since_commit=- animating=false repaint=none source/Source(pending):d=[0.720,0.720,0.720,0.720] c=[#c8a48b,#c8a48b,#c8a48b,#c8a48b] rank=[0,2,1,3]
frame=56 t=1375.1 wall=1375.1 interval=8.99 dt=9.01 cpu_prev=8.683 effect_us=33 action=1 since_click=374.1 since_commit=- animating=false repaint=none source/Source(pending):d=[0.720,0.720,0.720,0.720] c=[#c8a48b,#c8a48b,#c8a48b,#c8a48b] rank=[0,2,1,3]
frame=57 t=1382.6 wall=1382.7 interval=7.53 dt=7.51 cpu_prev=6.832 effect_us=32 action=1 since_click=381.6 since_commit=- animating=false repaint=none source/Source(pending):d=[0.720,0.720,0.720,0.720] c=[#c8a48b,#c8a48b,#c8a48b,#c8a48b] rank=[0,2,1,3]
frame=58 t=1391.0 wall=1391.1 interval=8.41 dt=8.42 cpu_prev=7.350 effect_us=32 action=1 since_click=390.0 since_commit=- animating=false repaint=none source/Source(pending):d=[0.720,0.720,0.720,0.720] c=[#c8a48b,#c8a48b,#c8a48b,#c8a48b] rank=[0,2,1,3]
frame=59 t=1399.4 wall=1399.4 interval=8.35 dt=8.34 cpu_prev=7.152 effect_us=33 action=1 since_click=398.3 since_commit=- animating=false repaint=none source/Source(pending):d=[0.720,0.720,0.720,0.720] c=[#c8a48b,#c8a48b,#c8a48b,#c8a48b] rank=[0,2,1,3]
frame=60 t=1407.6 wall=1407.7 interval=8.25 dt=8.26 cpu_prev=6.969 effect_us=29 action=1 since_click=406.6 since_commit=- animating=false repaint=none source/Source(pending):d=[0.720,0.720,0.720,0.720] c=[#c8a48b,#c8a48b,#c8a48b,#c8a48b] rank=[0,2,1,3]
frame=61 t=1416.1 wall=1416.1 interval=8.47 dt=8.45 cpu_prev=7.143 effect_us=32 action=1 since_click=415.0 since_commit=- animating=false repaint=none source/Source(pending):d=[0.720,0.720,0.720,0.720] c=[#c8a48b,#c8a48b,#c8a48b,#c8a48b] rank=[0,2,1,3]
frame=62 t=1424.4 wall=1424.4 interval=8.28 dt=8.29 cpu_prev=7.970 effect_us=32 action=1 since_click=423.3 since_commit=- animating=false repaint=none source/Source(pending):d=[0.720,0.720,0.720,0.720] c=[#c8a48b,#c8a48b,#c8a48b,#c8a48b] rank=[0,2,1,3]
frame=63 t=1432.9 wall=1433.0 interval=8.56 dt=8.55 cpu_prev=8.273 effect_us=32 action=1 since_click=431.9 since_commit=- animating=false repaint=none source/Source(pending):d=[0.720,0.720,0.720,0.720] c=[#c8a48b,#c8a48b,#c8a48b,#c8a48b] rank=[0,2,1,3]
frame=64 t=1448.8 wall=1448.8 interval=15.84 dt=15.86 cpu_prev=15.590 effect_us=36 action=1 since_click=447.7 since_commit=- animating=false repaint=none source/Source(pending):d=[0.720,0.720,0.720,0.720] c=[#c8a48b,#c8a48b,#c8a48b,#c8a48b] rank=[0,2,1,3]
frame=65 t=1461.1 wall=1461.1 interval=12.34 dt=12.32 cpu_prev=11.997 effect_us=34 action=1 since_click=460.1 since_commit=- animating=false repaint=none source/Source(pending):d=[0.720,0.720,0.720,0.720] c=[#c8a48b,#c8a48b,#c8a48b,#c8a48b] rank=[0,2,1,3]
frame=66 t=1468.3 wall=1468.4 interval=7.23 dt=7.25 cpu_prev=7.001 effect_us=33 action=1 since_click=467.3 since_commit=- animating=false repaint=none source/Source(pending):d=[0.720,0.720,0.720,0.720] c=[#c8a48b,#c8a48b,#c8a48b,#c8a48b] rank=[0,2,1,3]
frame=67 t=1476.7 wall=1476.7 interval=8.32 dt=8.31 cpu_prev=8.022 effect_us=32 action=1 since_click=475.6 since_commit=- animating=false repaint=none source/Source(pending):d=[0.720,0.720,0.720,0.720] c=[#c8a48b,#c8a48b,#c8a48b,#c8a48b] rank=[0,2,1,3]
frame=68 t=1484.3 wall=1484.3 interval=7.65 dt=7.66 cpu_prev=7.381 effect_us=33 action=1 since_click=483.3 since_commit=- animating=false repaint=none source/Source(pending):d=[0.720,0.720,0.720,0.720] c=[#c8a48b,#c8a48b,#c8a48b,#c8a48b] rank=[0,2,1,3]
frame=69 t=1491.7 wall=1491.7 interval=7.37 dt=7.36 cpu_prev=7.081 effect_us=33 action=1 since_click=490.6 since_commit=- animating=false repaint=none source/Source(pending):d=[0.720,0.720,0.720,0.720] c=[#c8a48b,#c8a48b,#c8a48b,#c8a48b] rank=[0,2,1,3]
frame=70 t=1499.3 wall=1499.4 interval=7.64 dt=7.64 cpu_prev=7.290 effect_us=34 action=1 since_click=498.3 since_commit=- animating=false repaint=none source/Source(pending):d=[0.720,0.720,0.720,0.720] c=[#c8a48b,#c8a48b,#c8a48b,#c8a48b] rank=[0,2,1,3]
frame=71 t=1507.6 wall=1507.6 interval=8.28 dt=8.27 cpu_prev=7.776 effect_us=34 action=1 since_click=506.5 since_commit=- animating=false repaint=none source/Source(pending):d=[0.720,0.720,0.720,0.720] c=[#c8a48b,#c8a48b,#c8a48b,#c8a48b] rank=[0,2,1,3]
frame=72 t=1515.8 wall=1515.9 interval=8.22 dt=8.23 cpu_prev=7.294 effect_us=33 action=1 since_click=514.8 since_commit=- animating=false repaint=none source/Source(pending):d=[0.720,0.720,0.720,0.720] c=[#c8a48b,#c8a48b,#c8a48b,#c8a48b] rank=[0,2,1,3]
frame=73 t=1524.3 wall=1524.3 interval=8.49 dt=8.47 cpu_prev=7.373 effect_us=33 action=1 since_click=523.3 since_commit=- animating=false repaint=none source/Source(pending):d=[0.720,0.720,0.720,0.720] c=[#c8a48b,#c8a48b,#c8a48b,#c8a48b] rank=[0,2,1,3]
frame=74 t=1536.2 wall=1536.2 interval=11.85 dt=11.86 cpu_prev=7.346 effect_us=33 action=1 since_click=535.1 since_commit=- animating=false repaint=none source/Source(pending):d=[0.720,0.720,0.720,0.720] c=[#c8a48b,#c8a48b,#c8a48b,#c8a48b] rank=[0,2,1,3]
frame=75 t=1544.6 wall=1544.7 interval=8.50 dt=8.48 cpu_prev=7.139 effect_us=35 action=1 since_click=543.6 since_commit=- animating=false repaint=none source/Source(pending):d=[0.720,0.720,0.720,0.720] c=[#c8a48b,#c8a48b,#c8a48b,#c8a48b] rank=[0,2,1,3]
frame=76 t=1551.8 wall=1551.8 interval=7.16 dt=7.19 cpu_prev=6.950 effect_us=36 action=1 since_click=550.8 since_commit=- animating=false repaint=none source/Source(pending):d=[0.720,0.720,0.720,0.720] c=[#c8a48b,#c8a48b,#c8a48b,#c8a48b] rank=[0,2,1,3]
frame=77 t=1562.5 wall=1562.5 interval=10.65 dt=10.63 cpu_prev=10.338 effect_us=41 action=1 since_click=561.4 since_commit=- animating=false repaint=none source/Source(pending):d=[0.720,0.720,0.720,0.720] c=[#c8a48b,#c8a48b,#c8a48b,#c8a48b] rank=[0,2,1,3]
frame=78 t=1571.9 wall=1571.9 interval=9.40 dt=9.42 cpu_prev=9.085 effect_us=36 action=1 since_click=570.8 since_commit=- animating=false repaint=none source/Source(pending):d=[0.720,0.720,0.720,0.720] c=[#c8a48b,#c8a48b,#c8a48b,#c8a48b] rank=[0,2,1,3]
frame=79 t=1580.2 wall=1580.2 interval=8.29 dt=8.28 cpu_prev=7.463 effect_us=33 action=1 since_click=579.1 since_commit=- animating=false repaint=none source/Source(pending):d=[0.720,0.720,0.720,0.720] c=[#c8a48b,#c8a48b,#c8a48b,#c8a48b] rank=[0,2,1,3]
frame=80 t=1587.3 wall=1587.3 interval=7.10 dt=7.12 cpu_prev=6.836 effect_us=34 action=1 since_click=586.2 since_commit=- animating=false repaint=none source/Source(pending):d=[0.720,0.720,0.720,0.720] c=[#c8a48b,#c8a48b,#c8a48b,#c8a48b] rank=[0,2,1,3]
frame=81 t=1594.7 wall=1594.7 interval=7.41 dt=7.39 cpu_prev=7.130 effect_us=34 action=1 since_click=593.6 since_commit=- animating=false repaint=none source/Source(pending):d=[0.720,0.720,0.720,0.720] c=[#c8a48b,#c8a48b,#c8a48b,#c8a48b] rank=[0,2,1,3]
frame=82 t=1601.5 wall=1601.6 interval=6.87 dt=6.88 cpu_prev=6.638 effect_us=33 action=1 since_click=600.5 since_commit=- animating=false repaint=none source/Source(pending):d=[0.720,0.720,0.720,0.720] c=[#c8a48b,#c8a48b,#c8a48b,#c8a48b] rank=[0,2,1,3]
# pixels_per_point=2 script=toggle rows=0
# rect panel_b 278.0 68.0 868.0 482.0
# rect header 0.0 0.0 880.0 56.0
# rect panel_a 12.0 68.0 262.0 482.0
# rect source_key 98.0 157.0 248.0 209.0
# event t=1609.1ms commit action=1 (worker sent at wall 1610.4 ms)
frame=83 t=1609.1 wall=1609.2 interval=7.59 dt=7.58 cpu_prev=7.322 effect_us=129 action=1 since_click=608.1 since_commit=0.0 animating=true repaint=now source/Source:d=[0.000,0.000,0.000,0.000] c=[#c8a48b,#c8a48b,#c8a48b,#c8a48b] rank=[0,2,1,3] relay/Relay:d=[0.000,0.000,0.000,0.000] c=[#c8a48b,#c8a48b,#c8a48b,#c8a48b] rank=[0,1,3,2] header/Header:d=[0.000,0.000,0.000,0.000] c=[#c8a48b,#c8a48b,#c8a48b,#c8a48b] rank=[2,3,1,0] result/Result:d=[0.000,0.000,0.000,0.000] c=[#c8a48b,#c8a48b,#c8a48b,#c8a48b] rank=[1,3,2,0] link:p=0.000 o=0.000
frame=84 t=1616.8 wall=1616.8 interval=7.68 dt=7.70 cpu_prev=7.457 effect_us=133 action=1 since_click=615.8 since_commit=7.7 animating=true repaint=now source/Source:d=[0.073,0.000,0.000,0.000] c=[#c6a68c,#c8a48b,#c8a48b,#c8a48b] rank=[0,2,1,3] relay/Relay:d=[0.000,0.000,0.000,0.000] c=[#c8a48b,#c8a48b,#c8a48b,#c8a48b] rank=[0,1,3,2] header/Header:d=[0.000,0.000,0.000,0.000] c=[#c8a48b,#c8a48b,#c8a48b,#c8a48b] rank=[2,3,1,0] result/Result:d=[0.000,0.000,0.000,0.000] c=[#c8a48b,#c8a48b,#c8a48b,#c8a48b] rank=[1,3,2,0] link:p=0.055 o=0.055
frame=85 t=1624.6 wall=1624.7 interval=7.83 dt=7.81 cpu_prev=7.518 effect_us=135 action=1 since_click=623.6 since_commit=15.5 animating=true repaint=now source/Source:d=[0.148,0.000,0.000,0.000] c=[#c5a88d,#c8a48b,#c8a48b,#c8a48b] rank=[0,2,1,3] relay/Relay:d=[0.005,0.000,0.000,0.000] c=[#c8a48b,#c8a48b,#c8a48b,#c8a48b] rank=[0,1,3,2] header/Header:d=[0.000,0.000,0.000,0.000] c=[#c8a48b,#c8a48b,#c8a48b,#c8a48b] rank=[2,3,1,0] result/Result:d=[0.000,0.000,0.000,0.000] c=[#c8a48b,#c8a48b,#c8a48b,#c8a48b] rank=[1,3,2,0] link:p=0.111 o=0.111
frame=86 t=1633.0 wall=1633.0 interval=8.33 dt=8.34 cpu_prev=7.927 effect_us=134 action=1 since_click=631.9 since_commit=23.8 animating=true repaint=now source/Source:d=[0.227,0.000,0.000,0.000] c=[#c3aa8e,#c8a48b,#c8a48b,#c8a48b] rank=[0,2,1,3] relay/Relay:d=[0.084,0.000,0.000,0.000] c=[#c6a68c,#c8a48b,#c8a48b,#c8a48b] rank=[0,1,3,2] header/Header:d=[0.000,0.000,0.000,0.000] c=[#c8a48b,#c8a48b,#c8a48b,#c8a48b] rank=[2,3,1,0] result/Result:d=[0.000,0.000,0.000,0.000] c=[#c8a48b,#c8a48b,#c8a48b,#c8a48b] rank=[1,3,2,0] link:p=0.170 o=0.170
frame=87 t=1641.0 wall=1641.1 interval=8.08 dt=8.07 cpu_prev=7.542 effect_us=127 action=1 since_click=640.0 since_commit=31.9 animating=true repaint=now source/Source:d=[0.304,0.000,0.037,0.000] c=[#c1ac8f,#c8a48b,#c9a58b,#c8a48b] rank=[0,2,1,3] relay/Relay:d=[0.161,0.000,0.000,0.000] c=[#c4a88d,#c8a48b,#c8a48b,#c8a48b] rank=[0,1,3,2] header/Header:d=[0.000,0.000,0.000,0.000] c=[#c8a48b,#c8a48b,#c8a48b,#c8a48b] rank=[2,3,1,0] result/Result:d=[0.000,0.000,0.000,0.000] c=[#c8a48b,#c8a48b,#c8a48b,#c8a48b] rank=[1,3,2,0] link:p=0.228 o=0.228
frame=88 t=1649.3 wall=1649.3 interval=8.22 dt=8.24 cpu_prev=7.083 effect_us=127 action=1 since_click=648.2 since_commit=40.2 animating=true repaint=now source/Source:d=[0.382,0.000,0.116,0.000] c=[#c0ae90,#c8a48b,#caa88c,#c8a48b] rank=[0,2,1,3] relay/Relay:d=[0.240,0.000,0.000,0.000] c=[#c3aa8e,#c8a48b,#c8a48b,#c8a48b] rank=[0,1,3,2] header/Header:d=[0.000,0.000,0.000,0.001] c=[#c8a48b,#c8a48b,#c8a48b,#c8a48b] rank=[2,3,1,0] result/Result:d=[0.000,0.000,0.000,0.000] c=[#c8a48b,#c8a48b,#c8a48b,#c8a48b] rank=[1,3,2,0] link:p=0.287 o=0.287
frame=89 t=1657.7 wall=1657.7 interval=8.40 dt=8.39 cpu_prev=7.575 effect_us=126 action=1 since_click=656.6 since_commit=48.5 animating=true repaint=now source/Source:d=[0.462,0.000,0.196,0.000] c=[#beb091,#c8a48b,#cbab8d,#c8a48b] rank=[0,2,1,3] relay/Relay:d=[0.319,0.053,0.000,0.000] c=[#c1ac8f,#c9a68c,#c8a48b,#c8a48b] rank=[0,1,3,2] header/Header:d=[0.000,0.000,0.000,0.081] c=[#c8a48b,#c8a48b,#c8a48b,#c6a68c] rank=[2,3,1,0] result/Result:d=[0.000,0.000,0.000,0.000] c=[#c8a48b,#c8a48b,#c8a48b,#c8a48b] rank=[1,3,2,0] link:p=0.347 o=0.347
frame=90 t=1666.0 wall=1666.0 interval=8.31 dt=8.32 cpu_prev=7.789 effect_us=128 action=1 since_click=664.9 since_commit=56.9 animating=true repaint=now source/Source:d=[0.542,0.008,0.275,0.000] c=[#bcb293,#c8a48b,#ccad8e,#c8a48b] rank=[0,2,1,3] relay/Relay:d=[0.399,0.132,0.000,0.000] c=[#bfae91,#caa88d,#c8a48b,#c8a48b] rank=[0,1,3,2] header/Header:d=[0.000,0.000,0.000,0.161] c=[#c8a48b,#c8a48b,#c8a48b,#c4a88d] rank=[2,3,1,0] result/Result:d=[0.000,0.000,0.000,0.018] c=[#c8a48b,#c8a48b,#c8a48b,#c8a48b] rank=[1,3,2,0] link:p=0.406 o=0.406
frame=91 t=1675.5 wall=1675.6 interval=9.54 dt=9.53 cpu_prev=9.255 effect_us=128 action=1 since_click=674.5 since_commit=66.4 animating=true repaint=now source/Source:d=[0.632,0.099,0.366,0.000] c=[#bab494,#c8a58b,#cdb08f,#c8a48b] rank=[0,2,1,3] relay/Relay:d=[0.489,0.223,0.000,0.000] c=[#bdb192,#cbac8e,#c8a48b,#c8a48b] rank=[0,1,3,2] header/Header:d=[0.000,0.000,0.000,0.251] c=[#c8a48b,#c8a48b,#c8a48b,#c2ab8f] rank=[2,3,1,0] result/Result:d=[0.000,0.000,0.000,0.108] c=[#c8a48b,#c8a48b,#c8a48b,#c6a78d] rank=[1,3,2,0] link:p=0.474 o=0.474
frame=92 t=1684.6 wall=1684.6 interval=9.08 dt=9.09 cpu_prev=8.821 effect_us=125 action=1 since_click=683.6 since_commit=75.5 animating=true repaint=now source/Source:d=[0.719,0.186,0.452,0.000] c=[#b8b795,#c9a58a,#cfb390,#c8a48b] rank=[0,2,1,3] relay/Relay:d=[0.576,0.309,0.000,0.043] c=[#bbb393,#cdaf8f,#c8a48b,#c8a48b] rank=[0,1,3,2] header/Header:d=[0.000,0.000,0.071,0.338] c=[#c8a48b,#c8a48b,#c9a68c,#c1ad90] rank=[2,3,1,0] result/Result:d=[0.000,0.000,0.000,0.195] c=[#c8a48b,#c8a48b,#c8a48b,#c4a98e] rank=[1,3,2,0] link:p=0.539 o=0.539
frame=93 t=1693.7 wall=1693.8 interval=9.15 dt=9.14 cpu_prev=8.843 effect_us=141 action=1 since_click=692.7 since_commit=84.6 animating=true repaint=now source/Source:d=[0.806,0.273,0.539,0.006] c=[#b6b996,#c9a68a,#d0b691,#c8a48b] rank=[0,2,1,3] relay/Relay:d=[0.663,0.396,0.000,0.130] c=[#b9b594,#ceb190,#c8a48b,#c9a58a] rank=[0,1,3,2] header/Header:d=[0.000,0.000,0.158,0.425] c=[#c8a48b,#c8a48b,#caa98d,#bfaf91] rank=[2,3,1,0] result/Result:d=[0.015,0.000,0.000,0.282] c=[#c8a58b,#c8a48b,#c8a48b,#c2ab8f] rank=[1,3,2,0] link:p=0.604 o=0.604
frame=94 t=1703.5 wall=1703.6 interval=9.81 dt=9.80 cpu_prev=9.441 effect_us=128 action=1 since_click=702.5 since_commit=94.4 animating=true repaint=now source/Source:d=[0.899,0.366,0.633,0.099] c=[#b4bb98,#caa789,#d1ba93,#c7a28a] rank=[0,2,1,3] relay/Relay:d=[0.756,0.490,0.000,0.223] c=[#b7b896,#cfb591,#c8a48b,#c9a68a] rank=[0,1,3,2] header/Header:d=[0.000,0.000,0.252,0.518] c=[#c8a48b,#c8a48b,#ccad8e,#bdb192] rank=[2,3,1,0] result/Result:d=[0.109,0.000,0.000,0.375] c=[#caa88c,#c8a48b,#c8a48b,#c0ae90] rank=[1,3,2,0] link:p=0.674 o=0.674
frame=95 t=1716.2 wall=1716.3 interval=12.71 dt=12.70 cpu_prev=12.390 effect_us=126 action=1 since_click=715.2 since_commit=107.1 animating=true repaint=now source/Source:d=[1.003,0.487,0.754,0.220] c=[#b3be99,#caa889,#d3be94,#c6a089] rank=[0,2,1,3] relay/Relay:d=[0.877,0.611,0.077,0.344] c=[#b5bb97,#d1b992,#c7a38a,#caa789] rank=[0,1,3,2] header/Header:d=[0.106,0.000,0.373,0.639] c=[#c9a58a,#c8a48b,#ceb18f,#bab594] rank=[2,3,1,0] result/Result:d=[0.230,0.000,0.000,0.496] c=[#cbac8e,#c8a48b,#c8a48b,#bdb192] rank=[1,3,2,0] link:p=0.765 o=0.765
frame=96 t=1725.1 wall=1725.1 interval=8.85 dt=8.88 cpu_prev=8.607 effect_us=127 action=1 since_click=724.1 since_commit=116.0 animating=true repaint=now source/Source:d=[1.014,0.571,0.838,0.305] c=[#b6bf99,#cba988,#d5c095,#c59f88] rank=[0,2,1,3] relay/Relay:d=[0.962,0.695,0.162,0.429] c=[#b3bd98,#d2bc93,#c7a189,#caa789] rank=[0,1,3,2] header/Header:d=[0.190,0.000,0.457,0.724] c=[#c9a68a,#c8a48b,#cfb490,#b8b795] rank=[2,3,1,0] result/Result:d=[0.314,0.000,0.048,0.581] c=[#cdaf8f,#c8a48b,#c8a48b,#bbb393] rank=[1,3,2,0] link:p=0.829 o=0.829
frame=97 t=1733.8 wall=1733.9 interval=8.73 dt=8.72 cpu_prev=8.477 effect_us=125 action=1 since_click=732.8 since_commit=124.7 animating=true repaint=now source/Source:d=[1.024,0.654,0.921,0.388] c=[#bac099,#cba988,#d6c396,#c59e87] rank=[0,2,1,3] relay/Relay:d=[1.006,0.778,0.245,0.512] c=[#b4be99,#d4be94,#c6a088,#cba888] rank=[0,1,3,2] header/Header:d=[0.273,0.007,0.540,0.807] c=[#c9a68a,#c8a48b,#d0b691,#b6b996] rank=[2,3,1,0] result/Result:d=[0.397,0.000,0.131,0.664] c=[#ceb290,#c8a48b,#c9a58a,#b9b594] rank=[1,3,2,0] link:p=0.891 o=0.891
frame=98 t=1743.3 wall=1743.3 interval=9.43 dt=9.44 cpu_prev=9.141 effect_us=129 action=1 since_click=742.2 since_commit=134.2 animating=true repaint=now source/Source:d=[1.036,0.744,1.002,0.478] c=[#bdc098,#ccaa87,#d7c697,#c49c86] rank=[0,2,1,3] relay/Relay:d=[1.018,0.868,0.335,0.601] c=[#b7bf99,#d5c295,#c59f87,#cba988] rank=[0,1,3,2] header/Header:d=[0.363,0.097,0.630,0.897] c=[#caa789,#c7a28a,#d1b993,#b4bb98] rank=[2,3,1,0] result/Result:d=[0.487,0.000,0.221,0.754] c=[#cfb591,#c8a48b,#c9a68a,#b7b896] rank=[1,3,2,0] link:p=0.958 o=0.958
frame=99 t=1752.6 wall=1752.6 interval=9.30 dt=9.29 cpu_prev=9.001 effect_us=125 action=1 since_click=751.5 since_commit=143.4 animating=true repaint=now source/Source:d=[1.048,0.833,1.014,0.566] c=[#c1c198,#ccab87,#d6c395,#c39b85] rank=[0,2,1,3] relay/Relay:d=[1.029,0.957,0.423,0.690] c=[#bbc099,#d6c596,#c49d86,#cbaa88] rank=[0,1,3,2] header/Header:d=[0.452,0.185,0.719,0.985] c=[#caa889,#c6a189,#d3bc94,#b2be99] rank=[2,3,1,0] result/Result:d=[0.576,0.042,0.309,0.842] c=[#d1b892,#c8a38b,#caa689,#b5ba97] rank=[1,3,2,0] link:p=1.000 o=1.000
frame=100 t=1762.0 wall=1762.0 interval=9.42 dt=9.43 cpu_prev=9.171 effect_us=127 action=1 since_click=761.0 since_commit=152.9 animating=true repaint=now source/Source:d=[1.059,0.923,1.027,0.656] c=[#c4c298,#cdab86,#d5c093,#c29a84] rank=[0,2,1,3] relay/Relay:d=[1.041,1.007,0.513,0.780] c=[#bfc198,#d6c596,#c39c85,#ccaa87] rank=[0,1,3,2] header/Header:d=[0.542,0.275,0.808,1.010] c=[#cba888,#c6a088,#d4bf95,#b5bf99] rank=[2,3,1,0] result/Result:d=[0.665,0.132,0.399,0.932] c=[#d2bb93,#c7a28a,#caa789,#b3bc98] rank=[1,3,2,0] link:p=1.000 o=1.000
frame=101 t=1770.7 wall=1770.8 interval=8.76 dt=8.75 cpu_prev=8.474 effect_us=127 action=1 since_click=769.7 since_commit=161.6 animating=true repaint=now source/Source:d=[1.070,1.001,1.038,0.739] c=[#c8c398,#cdac86,#d4be92,#c19883] rank=[0,2,1,3] relay/Relay:d=[1.052,1.018,0.596,0.863] c=[#c2c198,#d5c294,#c39a84,#ccab87] rank=[0,1,3,2] header/Header:d=[0.625,0.358,0.892,1.021] c=[#cba988,#c59e87,#d5c296,#b8bf99] rank=[2,3,1,0] result/Result:d=[0.749,0.215,0.482,1.008] c=[#d3bd94,#c6a189,#caa889,#b5bf99] rank=[1,3,2,0] link:p=1.000 o=1.000
frame=102 t=1779.7 wall=1779.7 interval=8.94 dt=8.95 cpu_prev=8.623 effect_us=126 action=1 since_click=778.6 since_commit=170.6 animating=true repaint=now source/Source:d=[1.081,1.014,1.050,0.824] c=[#cbc398,#cba985,#d3bb90,#c19782] rank=[0,2,1,3] relay/Relay:d=[1.063,1.030,0.682,0.948] c=[#c5c298,#d4bf93,#c29984,#cdac86] rank=[0,1,3,2] header/Header:d=[0.710,0.443,0.977,1.032] c=[#ccaa87,#c49d86,#d7c597,#bcc098] rank=[2,3,1,0] result/Result:d=[0.834,0.301,0.567,1.053] c=[#d5c095,#c59f88,#cba988,#c2c298] rank=[1,3,2,0] link:p=1.000 o=1.000
frame=103 t=1788.3 wall=1788.3 interval=8.63 dt=8.61 cpu_prev=8.314 effect_us=126 action=1 since_click=787.3 since_commit=179.2 animating=true repaint=now source/Source:d=[1.092,1.026,1.062,0.906] c=[#cec497,#caa785,#d2b98e,#c09581] rank=[0,2,1,3] relay/Relay:d=[1.073,1.042,0.764,1.005] c=[#c9c398,#d4bd91,#c19883,#ccab86] rank=[0,1,3,2] header/Header:d=[0.792,0.525,1.008,1.042] c=[#ccaa87,#c39c85,#d6c496,#bfc198] rank=[2,3,1,0] result/Result:d=[0.916,0.383,0.649,1.097] c=[#d6c396,#c59e87,#cba988,#d0c497] rank=[1,3,2,0] link:p=1.000 o=1.000
frame=104 t=1796.8 wall=1796.8 interval=8.45 dt=8.47 cpu_prev=7.652 effect_us=127 action=1 since_click=795.7 since_commit=187.6 animating=true repaint=now source/Source:d=[1.103,1.039,1.073,0.987] c=[#d2c597,#c8a484,#d1b68d,#bf9480] rank=[0,2,1,3] relay/Relay:d=[1.084,1.053,0.844,1.017] c=[#ccc498,#d3bb8f,#c09682,#cba985] rank=[0,1,3,2] header/Header:d=[0.873,0.606,1.020,1.053] c=[#ccab87,#c39a84,#d5c294,#c2c298] rank=[2,3,1,0] result/Result:d=[0.997,0.463,0.730,1.100] c=[#d7c697,#c49d86,#ccaa87,#d5c294] rank=[1,3,2,0] link:p=1.000 o=1.000
frame=105 t=1806.3 wall=1806.4 interval=9.56 dt=9.54 cpu_prev=9.242 effect_us=128 action=1 since_click=805.3 since_commit=197.2 animating=true repaint=now source/Source:d=[1.114,1.052,1.086,1.013] c=[#d5c697,#c7a283,#d0b38b,#be9983] rank=[0,2,1,3] relay/Relay:d=[1.096,1.066,0.935,1.031] c=[#d0c497,#d2b88e,#c09581,#c9a684] rank=[0,1,3,2] header/Header:d=[0.964,0.697,1.032,1.065] c=[#cdac86,#c29983,#d4bf92,#c6c298] rank=[2,3,1,0] result/Result:d=[1.066,0.554,0.821,1.052] c=[#d2b88e,#c39b85,#ccab87,#d1b78d] rank=[1,3,2,0] link:p=1.000 o=1.000
frame=106 t=1815.9 wall=1816.0 interval=9.62 dt=9.64 cpu_prev=8.428 effect_us=126 action=1 since_click=814.9 since_commit=206.8 animating=true repaint=now source/Source:d=[1.114,1.066,1.099,1.028] c=[#d6c596,#c59f83,#cfb189,#bc9e86] rank=[0,2,1,3] relay/Relay:d=[1.108,1.079,1.004,1.045] c=[#d3c597,#d0b58c,#bf9681,#c8a384] rank=[0,1,3,2] header/Header:d=[1.008,0.789,1.045,1.077] c=[#ccaa86,#c19782,#d3bc91,#cac398] rank=[2,3,1,0] result/Result:d=[1.105,0.646,0.913,1.003] c=[#cba985,#c29a84,#cdab86,#cdad86] rank=[1,3,2,0] link:p=1.000 o=1.000
frame=107 t=1824.7 wall=1824.8 interval=8.81 dt=8.80 cpu_prev=8.525 effect_us=133 action=1 since_click=823.7 since_commit=215.6 animating=true repaint=now source/Source:d=[1.103,1.079,1.110,1.042] c=[#d6c295,#c49c82,#ceae87,#baa389] rank=[0,2,1,3] relay/Relay:d=[1.119,1.090,1.018,1.057] c=[#d7c697,#cfb28a,#bd9a84,#c6a183] rank=[0,1,3,2] header/Header:d=[1.021,0.873,1.057,1.088] c=[#cba885,#c09681,#d2ba8f,#cdc498] rank=[2,3,1,0] result/Result:d=[1.042,0.730,0.996,0.959] c=[#c49c82,#c19883,#cdac86,#c8a484] rank=[1,3,2,0] link:p=1.000 o=1.000
frame=108 t=1836.4 wall=1836.5 interval=11.70 dt=11.67 cpu_prev=11.284 effect_us=129 action=1 since_click=835.4 since_commit=227.3 animating=true repaint=now source/Source:d=[1.088,1.096,1.114,1.061] c=[#d4bf93,#c29981,#ccab86,#b8a98d] rank=[0,2,1,3] relay/Relay:d=[1.107,1.106,1.037,1.074] c=[#d6c395,#ceaf88,#bba188,#c49d82] rank=[0,1,3,2] header/Header:d=[1.038,0.984,1.073,1.102] c=[#c9a484,#bf9480,#d1b68d,#d1c597] rank=[2,3,1,0] result/Result:d=[0.958,0.841,1.101,0.900] c=[#bba389,#c09782,#bd9b84,#c19881] rank=[1,3,2,0] link:p=1.000 o=1.000
frame=109 t=1847.3 wall=1847.4 interval=10.91 dt=10.93 cpu_prev=10.639 effect_us=128 action=1 since_click=846.3 since_commit=238.2 animating=true repaint=now source/Source:d=[1.075,1.112,1.099,1.078] c=[#d3bc91,#c09680,#cba885,#b7af90] rank=[0,2,1,3] relay/Relay:d=[1.093,1.119,1.054,1.090] c=[#d5c093,#cdac86,#b9a78b,#c29a81] rank=[0,1,3,2] header/Header:d=[1.054,1.015,1.087,1.116] c=[#c7a183,#bd9983,#d0b38b,#d6c697] rank=[2,3,1,0] result/Result:d=[0.880,0.945,0.967,0.959] c=[#b2be99,#bf9581,#bcc098,#bba087] rank=[1,3,2,0] link:p=1.000 o=1.000
frame=110 t=1857.6 wall=1857.6 interval=10.20 dt=10.22 cpu_prev=8.039 effect_us=129 action=1 since_click=856.5 since_commit=248.4 animating=true repaint=now source/Source:d=[1.062,1.113,1.086,1.094] c=[#d2b98f,#be9681,#c9a584,#b5b594] rank=[0,2,1,3] relay/Relay:d=[1.081,1.106,1.070,1.105] c=[#d4bd91,#cba985,#b7ad8f,#c19781] rank=[0,1,3,2] header/Header:d=[1.069,1.031,1.101,1.112] c=[#c59e83,#bc9f86,#cfb089,#d6c496] rank=[2,3,1,0] result/Result:d=[1.044,1.046,0.968,1.075] c=[#c9c398,#c9c398,#d4bd91,#b6b292] rank=[1,3,2,0] link:p=1.000 o=1.000
frame=111 t=1866.5 wall=1866.5 interval=8.95 dt=8.94 cpu_prev=8.652 effect_us=125 action=1 since_click=865.5 since_commit=257.4 animating=true repaint=now source/Source:d=[1.051,1.100,1.074,1.108] c=[#d1b78d,#bd9b84,#c8a384,#b3ba97] rank=[0,2,1,3] relay/Relay:d=[1.070,1.094,1.085,1.118] c=[#d3bb90,#caa785,#b6b292,#bf9480] rank=[0,1,3,2] header/Header:d=[1.082,1.045,1.113,1.101] c=[#c39c82,#baa489,#ceae87,#d5c294] rank=[2,3,1,0] result/Result:d=[1.150,1.150,1.150,1.150] c=[#d7c697,#bf9480,#cdac86,#b2be99] rank=[1,3,2,0] link:p=1.000 o=1.000
frame=112 t=1874.5 wall=1874.5 interval=7.97 dt=7.99 cpu_prev=7.665 effect_us=124 action=1 since_click=873.4 since_commit=265.4 animating=true repaint=now source/Source:d=[1.041,1.089,1.063,1.119] c=[#d0b58c,#bc9f87,#c6a183,#b2be99] rank=[0,2,1,3] relay/Relay:d=[1.060,1.083,1.097,1.110] c=[#d2b98e,#c9a584,#b4b694,#be9782] rank=[0,1,3,2] header/Header:d=[1.093,1.058,1.117,1.091] c=[#c29981,#b9a88c,#cdab86,#d5c093] rank=[2,3,1,0] result/Result:d=[1.150,1.150,1.150,1.150] c=[#d7c697,#bf9480,#cdac86,#b2be99] rank=[1,3,2,0] link:p=1.000 o=1.000
frame=113 t=1883.9 wall=1883.9 interval=9.39 dt=9.38 cpu_prev=9.102 effect_us=127 action=1 since_click=882.8 since_commit=274.7 animating=true repaint=now source/Source:d=[1.029,1.075,1.050,1.104] c=[#cfb28a,#baa489,#c59e83,#b7bf99] rank=[0,2,1,3] relay/Relay:d=[1.048,1.071,1.112,1.097] c=[#d1b68d,#c7a284,#b3bb97,#bc9c85] rank=[0,1,3,2] header/Header:d=[1.107,1.072,1.104,1.079] c=[#c19781,#b7ad8f,#cba985,#d4bd91] rank=[2,3,1,0] result/Result:d=[1.150,1.150,1.150,1.150] c=[#d7c697,#bf9480,#cdac86,#b2be99] rank=[1,3,2,0] link:p=1.000 o=1.000
frame=114 t=1892.1 wall=1892.1 interval=8.21 dt=8.22 cpu_prev=7.935 effect_us=123 action=1 since_click=891.1 since_commit=283.0 animating=true repaint=now source/Source:d=[1.019,1.063,1.039,1.091] c=[#cfb089,#b9a88c,#c49c82,#bbc099] rank=[0,2,1,3] relay/Relay:d=[1.038,1.060,1.115,1.085] c=[#d0b48b,#c6a083,#b4be99,#bba087] rank=[0,1,3,2] header/Header:d=[1.119,1.085,1.093,1.069] c=[#bf9480,#b6b292,#caa785,#d3bb90] rank=[2,3,1,0] result/Result:d=[1.150,1.150,1.150,1.150] c=[#d7c697,#bf9480,#cdac86,#b2be99] rank=[1,3,2,0] link:p=1.000 o=1.000
frame=115 t=1901.2 wall=1901.3 interval=9.15 dt=9.13 cpu_prev=8.855 effect_us=125 action=1 since_click=900.2 since_commit=292.1 animating=true repaint=now source/Source:d=[1.008,1.050,1.027,1.077] c=[#ceae87,#b7ad8f,#c29981,#bfc198] rank=[0,2,1,3] relay/Relay:d=[1.027,1.047,1.100,1.072] c=[#cfb28a,#c59d82,#b8bf99,#baa58a] rank=[0,1,3,2] header/Header:d=[1.108,1.100,1.081,1.058] c=[#be9883,#b4b795,#c8a484,#d2b88e] rank=[2,3,1,0] result/Result:d=[1.150,1.150,1.150,1.150] c=[#d7c697,#bf9480,#cdac86,#b2be99] rank=[1,3,2,0] link:p=1.000 o=1.000
frame=116 t=1910.1 wall=1910.1 interval=8.83 dt=8.84 cpu_prev=8.567 effect_us=128 action=1 since_click=909.0 since_commit=300.9 animating=true repaint=now source/Source:d=[0.997,1.037,1.015,1.063] c=[#cdab86,#b6b191,#c19781,#c4c298] rank=[0,2,1,3] relay/Relay:d=[1.016,1.035,1.086,1.059] c=[#ceaf88,#c39b82,#bcc098,#b8a98d] rank=[0,1,3,2] header/Header:d=[1.095,1.114,1.069,1.047] c=[#bc9d85,#b3bc98,#c7a283,#d1b68d] rank=[2,3,1,0] result/Result:d=[1.150,1.150,1.150,1.150] c=[#d7c697,#bf9480,#cdac86,#b2be99] rank=[1,3,2,0] link:p=1.000 o=1.000
frame=117 t=1918.3 wall=1918.3 interval=8.20 dt=8.19 cpu_prev=7.918 effect_us=125 action=1 since_click=917.2 since_commit=309.1 animating=true repaint=now source/Source:d=[0.987,1.025,1.004,1.050] c=[#cba985,#b5b594,#c09580,#c8c398] rank=[0,2,1,3] relay/Relay:d=[1.005,1.025,1.073,1.047] c=[#cdad87,#c29981,#c0c198,#b7ae8f] rank=[0,1,3,2] header/Header:d=[1.083,1.113,1.058,1.036] c=[#bba188,#b4be99,#c6a083,#d0b48b] rank=[2,3,1,0] result/Result:d=[1.150,1.150,1.150,1.150] c=[#d7c697,#bf9480,#cdac86,#b2be99] rank=[1,3,2,0] link:p=1.000 o=1.000
frame=118 t=1926.6 wall=1926.6 interval=8.28 dt=8.30 cpu_prev=8.007 effect_us=125 action=1 since_click=925.5 since_commit=317.4 animating=true repaint=now source/Source:d=[0.977,1.013,0.993,1.037] c=[#caa785,#b3b996,#be9681,#ccc498] rank=[0,2,1,3] relay/Relay:d=[0.995,1.013,1.060,1.035] c=[#ccab86,#c19781,#c4c298,#b6b292] rank=[0,1,3,2] header/Header:d=[1.071,1.100,1.047,1.026] c=[#baa58a,#b8bf99,#c49d82,#cfb28a] rank=[2,3,1,0] result/Result:d=[1.150,1.150,1.150,1.150] c=[#d7c697,#bf9480,#cdac86,#b2be99] rank=[1,3,2,0] link:p=1.000 o=1.000
frame=119 t=1934.8 wall=1934.9 interval=8.30 dt=8.24 cpu_prev=7.853 effect_us=130 action=1 since_click=933.8 since_commit=325.7 animating=true repaint=now source/Source:d=[0.966,1.001,0.982,1.023] c=[#c9a584,#b2be99,#bd9a84,#d0c497] rank=[0,2,1,3] relay/Relay:d=[0.985,1.002,1.047,1.023] c=[#cba985,#bf9480,#c8c398,#b4b694] rank=[0,1,3,2] header/Header:d=[1.059,1.087,1.036,1.016] c=[#b8a98d,#bcc098,#c39b82,#ceaf88] rank=[2,3,1,0] result/Result:d=[1.150,1.150,1.150,1.150] c=[#d7c697,#bf9480,#cdac86,#b2be99] rank=[1,3,2,0] link:p=1.000 o=1.000
frame=120 t=1944.9 wall=1945.0 interval=10.12 dt=10.13 cpu_prev=9.716 effect_us=126 action=1 since_click=943.9 since_commit=335.8 animating=true repaint=now source/Source:d=[0.954,0.986,0.969,1.007] c=[#c8a384,#b6bf99,#bc9f86,#d5c697] rank=[0,2,1,3] relay/Relay:d=[0.972,0.989,1.031,1.008] c=[#caa685,#be9882,#cdc498,#b3bb97] rank=[0,1,3,2] header/Header:d=[1.045,1.071,1.022,1.003] c=[#b7ae90,#c1c198,#c29881,#cdad86] rank=[2,3,1,0] result/Result:d=[1.150,1.150,1.150,1.150] c=[#d7c697,#bf9480,#cdac86,#b2be99] rank=[1,3,2,0] link:p=1.000 o=1.000
frame=121 t=1954.8 wall=1954.8 interval=9.83 dt=9.85 cpu_prev=9.561 effect_us=126 action=1 since_click=953.7 since_commit=345.7 animating=true repaint=now source/Source:d=[0.942,0.972,0.956,0.992] c=[#c6a083,#bbc099,#baa489,#d6c496] rank=[0,2,1,3] relay/Relay:d=[0.960,0.976,1.016,0.994] c=[#c8a484,#bc9c85,#d2c597,#b4be99] rank=[0,1,3,2] header/Header:d=[1.030,1.055,1.009,0.991] c=[#b5b393,#c6c298,#c09680,#ccaa86] rank=[2,3,1,0] result/Result:d=[1.150,1.150,1.150,1.150] c=[#d7c697,#bf9480,#cdac86,#b2be99] rank=[1,3,2,0] link:p=1.000 o=1.000
frame=122 t=1966.8 wall=1966.8 interval=12.00 dt=11.97 cpu_prev=11.468 effect_us=124 action=1 since_click=965.7 since_commit=357.6 animating=true repaint=now source/Source:d=[0.927,0.955,0.940,0.973] c=[#c49d82,#c0c198,#b8a98d,#d5c093] rank=[0,2,1,3] relay/Relay:d=[0.945,0.960,0.997,0.977] c=[#c7a183,#bba288,#d7c597,#b9c099] rank=[0,1,3,2] header/Header:d=[1.013,1.036,0.993,0.976] c=[#b3ba96,#ccc498,#be9681,#caa785] rank=[2,3,1,0] result/Result:d=[1.150,1.150,1.150,1.150] c=[#d7c697,#bf9480,#cdac86,#b2be99] rank=[1,3,2,0] link:p=1.000 o=1.000
frame=123 t=1983.2 wall=1983.3 interval=16.46 dt=16.47 cpu_prev=16.158 effect_us=128 action=1 since_click=982.2 since_commit=374.1 animating=true repaint=now source/Source:d=[0.906,0.931,0.918,0.947] c=[#c29981,#c7c398,#b6b191,#d3ba8f] rank=[0,2,1,3] relay/Relay:d=[0.925,0.938,0.971,0.953] c=[#c49d82,#b8aa8d,#d5c093,#c1c198] rank=[0,1,3,2] header/Header:d=[0.989,1.010,0.971,0.956] c=[#b5bf99,#d4c597,#bc9e86,#c8a384] rank=[2,3,1,0] result/Result:d=[1.150,1.150,1.150,1.150] c=[#d7c697,#bf9480,#cdac86,#b2be99] rank=[1,3,2,0] link:p=1.000 o=1.000
frame=124 t=1993.2 wall=1993.2 interval=9.94 dt=9.96 cpu_prev=9.675 effect_us=127 action=1 since_click=992.2 since_commit=384.1 animating=true repaint=now source/Source:d=[0.894,0.917,0.904,0.931] c=[#c19781,#ccc498,#b5b594,#d1b78d] rank=[0,2,1,3] relay/Relay:d=[0.912,0.924,0.955,0.938] c=[#c39a82,#b7ae90,#d3bc91,#c5c298] rank=[0,1,3,2] header/Header:d=[0.975,0.994,0.958,0.943] c=[#bac099,#d7c596,#baa389,#c6a183] rank=[2,3,1,0] result/Result:d=[1.150,1.150,1.150,1.150] c=[#d7c697,#bf9480,#cdac86,#b2be99] rank=[1,3,2,0] link:p=1.000 o=1.000
# pixels_per_point=2 script=toggle rows=0
# rect header 0.0 0.0 880.0 56.0
# rect source_key 98.0 157.0 248.0 209.0
# rect panel_a 12.0 68.0 262.0 482.0
# rect panel_b 278.0 68.0 868.0 482.0
# event t=2001.8ms reduced_motion=true settle_now
frame=125 t=2001.8 wall=2001.9 interval=8.63 dt=8.62 cpu_prev=8.356 effect_us=94 action=1 since_click=1000.8 since_commit=392.7 animating=false repaint=none source/Source(settled):d=[1.000,1.000,1.000,1.000] c=[#c8a48b,#c8a48b,#c8a48b,#c8a48b] rank=[0,2,1,3] header/Header(settled):d=[1.000,1.000,1.000,1.000] c=[#c8a48b,#c8a48b,#c8a48b,#c8a48b] rank=[2,3,1,0] result/Result(settled):d=[1.000,1.000,1.000,1.000] c=[#c8a48b,#c8a48b,#c8a48b,#c8a48b] rank=[1,3,2,0] link:p=0.000 o=1.000(frozen)
frame=126 t=2015.9 wall=2016.0 interval=14.11 dt=14.12 cpu_prev=13.850 effect_us=94 action=1 since_click=1014.9 since_commit=406.8 animating=false repaint=none source/Source(settled):d=[1.000,1.000,1.000,1.000] c=[#c8a48b,#c8a48b,#c8a48b,#c8a48b] rank=[0,2,1,3] header/Header(settled):d=[1.000,1.000,1.000,1.000] c=[#c8a48b,#c8a48b,#c8a48b,#c8a48b] rank=[2,3,1,0] result/Result(settled):d=[1.000,1.000,1.000,1.000] c=[#c8a48b,#c8a48b,#c8a48b,#c8a48b] rank=[1,3,2,0] link:p=0.000 o=1.000(frozen)
frame=127 t=2026.0 wall=2026.1 interval=10.13 dt=10.10 cpu_prev=9.754 effect_us=95 action=1 since_click=1025.0 since_commit=416.9 animating=false repaint=none source/Source(settled):d=[1.000,1.000,1.000,1.000] c=[#c8a48b,#c8a48b,#c8a48b,#c8a48b] rank=[0,2,1,3] header/Header(settled):d=[1.000,1.000,1.000,1.000] c=[#c8a48b,#c8a48b,#c8a48b,#c8a48b] rank=[2,3,1,0] result/Result(settled):d=[1.000,1.000,1.000,1.000] c=[#c8a48b,#c8a48b,#c8a48b,#c8a48b] rank=[1,3,2,0] link:p=0.000 o=1.000(frozen)
frame=128 t=2037.8 wall=2037.8 interval=11.70 dt=11.73 cpu_prev=11.442 effect_us=95 action=1 since_click=1036.7 since_commit=428.6 animating=false repaint=none source/Source(settled):d=[1.000,1.000,1.000,1.000] c=[#c8a48b,#c8a48b,#c8a48b,#c8a48b] rank=[0,2,1,3] header/Header(settled):d=[1.000,1.000,1.000,1.000] c=[#c8a48b,#c8a48b,#c8a48b,#c8a48b] rank=[2,3,1,0] result/Result(settled):d=[1.000,1.000,1.000,1.000] c=[#c8a48b,#c8a48b,#c8a48b,#c8a48b] rank=[1,3,2,0] link:p=0.000 o=1.000(frozen)
frame=129 t=2046.6 wall=2046.6 interval=8.82 dt=8.80 cpu_prev=8.501 effect_us=97 action=1 since_click=1045.5 since_commit=437.4 animating=false repaint=none source/Source(settled):d=[1.000,1.000,1.000,1.000] c=[#c8a48b,#c8a48b,#c8a48b,#c8a48b] rank=[0,2,1,3] header/Header(settled):d=[1.000,1.000,1.000,1.000] c=[#c8a48b,#c8a48b,#c8a48b,#c8a48b] rank=[2,3,1,0] result/Result(settled):d=[1.000,1.000,1.000,1.000] c=[#c8a48b,#c8a48b,#c8a48b,#c8a48b] rank=[1,3,2,0] link:p=0.000 o=1.000(frozen)
frame=130 t=2055.1 wall=2055.1 interval=8.53 dt=8.55 cpu_prev=7.634 effect_us=103 action=1 since_click=1054.1 since_commit=446.0 animating=false repaint=none source/Source(settled):d=[1.000,1.000,1.000,1.000] c=[#c8a48b,#c8a48b,#c8a48b,#c8a48b] rank=[0,2,1,3] header/Header(settled):d=[1.000,1.000,1.000,1.000] c=[#c8a48b,#c8a48b,#c8a48b,#c8a48b] rank=[2,3,1,0] result/Result(settled):d=[1.000,1.000,1.000,1.000] c=[#c8a48b,#c8a48b,#c8a48b,#c8a48b] rank=[1,3,2,0] link:p=0.000 o=1.000(frozen)
frame=131 t=2063.9 wall=2063.9 interval=8.79 dt=8.78 cpu_prev=8.502 effect_us=94 action=1 since_click=1062.9 since_commit=454.8 animating=false repaint=none source/Source(settled):d=[1.000,1.000,1.000,1.000] c=[#c8a48b,#c8a48b,#c8a48b,#c8a48b] rank=[0,2,1,3] header/Header(settled):d=[1.000,1.000,1.000,1.000] c=[#c8a48b,#c8a48b,#c8a48b,#c8a48b] rank=[2,3,1,0] result/Result(settled):d=[1.000,1.000,1.000,1.000] c=[#c8a48b,#c8a48b,#c8a48b,#c8a48b] rank=[1,3,2,0] link:p=0.000 o=1.000(frozen)
frame=132 t=2088.6 wall=2088.7 interval=24.73 dt=24.72 cpu_prev=7.739 effect_us=97 action=1 since_click=1087.6 since_commit=479.5 animating=false repaint=none source/Source(settled):d=[1.000,1.000,1.000,1.000] c=[#c8a48b,#c8a48b,#c8a48b,#c8a48b] rank=[0,2,1,3] header/Header(settled):d=[1.000,1.000,1.000,1.000] c=[#c8a48b,#c8a48b,#c8a48b,#c8a48b] rank=[2,3,1,0] result/Result(settled):d=[1.000,1.000,1.000,1.000] c=[#c8a48b,#c8a48b,#c8a48b,#c8a48b] rank=[1,3,2,0] link:p=0.000 o=1.000(frozen)
frame=133 t=2105.1 wall=2105.2 interval=16.51 dt=16.52 cpu_prev=7.728 effect_us=95 action=1 since_click=1104.1 since_commit=496.0 animating=false repaint=none source/Source(settled):d=[1.000,1.000,1.000,1.000] c=[#c8a48b,#c8a48b,#c8a48b,#c8a48b] rank=[0,2,1,3] header/Header(settled):d=[1.000,1.000,1.000,1.000] c=[#c8a48b,#c8a48b,#c8a48b,#c8a48b] rank=[2,3,1,0] result/Result(settled):d=[1.000,1.000,1.000,1.000] c=[#c8a48b,#c8a48b,#c8a48b,#c8a48b] rank=[1,3,2,0] link:p=0.000 o=1.000(frozen)
frame=134 t=2115.9 wall=2115.9 interval=10.74 dt=10.75 cpu_prev=8.650 effect_us=94 action=1 since_click=1114.8 since_commit=506.8 animating=false repaint=none source/Source(settled):d=[1.000,1.000,1.000,1.000] c=[#c8a48b,#c8a48b,#c8a48b,#c8a48b] rank=[0,2,1,3] header/Header(settled):d=[1.000,1.000,1.000,1.000] c=[#c8a48b,#c8a48b,#c8a48b,#c8a48b] rank=[2,3,1,0] result/Result(settled):d=[1.000,1.000,1.000,1.000] c=[#c8a48b,#c8a48b,#c8a48b,#c8a48b] rank=[1,3,2,0] link:p=0.000 o=1.000(frozen)
frame=135 t=2124.4 wall=2124.5 interval=8.55 dt=8.54 cpu_prev=8.132 effect_us=96 action=1 since_click=1123.4 since_commit=515.3 animating=false repaint=none source/Source(settled):d=[1.000,1.000,1.000,1.000] c=[#c8a48b,#c8a48b,#c8a48b,#c8a48b] rank=[0,2,1,3] header/Header(settled):d=[1.000,1.000,1.000,1.000] c=[#c8a48b,#c8a48b,#c8a48b,#c8a48b] rank=[2,3,1,0] result/Result(settled):d=[1.000,1.000,1.000,1.000] c=[#c8a48b,#c8a48b,#c8a48b,#c8a48b] rank=[1,3,2,0] link:p=0.000 o=1.000(frozen)
frame=136 t=2132.8 wall=2132.9 interval=8.40 dt=8.38 cpu_prev=8.031 effect_us=103 action=1 since_click=1131.8 since_commit=523.7 animating=false repaint=none source/Source(settled):d=[1.000,1.000,1.000,1.000] c=[#c8a48b,#c8a48b,#c8a48b,#c8a48b] rank=[0,2,1,3] header/Header(settled):d=[1.000,1.000,1.000,1.000] c=[#c8a48b,#c8a48b,#c8a48b,#c8a48b] rank=[2,3,1,0] result/Result(settled):d=[1.000,1.000,1.000,1.000] c=[#c8a48b,#c8a48b,#c8a48b,#c8a48b] rank=[1,3,2,0] link:p=0.000 o=1.000(frozen)
frame=137 t=2146.6 wall=2146.7 interval=13.87 dt=13.84 cpu_prev=13.475 effect_us=96 action=1 since_click=1145.6 since_commit=537.5 animating=false repaint=none source/Source(settled):d=[1.000,1.000,1.000,1.000] c=[#c8a48b,#c8a48b,#c8a48b,#c8a48b] rank=[0,2,1,3] header/Header(settled):d=[1.000,1.000,1.000,1.000] c=[#c8a48b,#c8a48b,#c8a48b,#c8a48b] rank=[2,3,1,0] result/Result(settled):d=[1.000,1.000,1.000,1.000] c=[#c8a48b,#c8a48b,#c8a48b,#c8a48b] rank=[1,3,2,0] link:p=0.000 o=1.000(frozen)
frame=138 t=2161.8 wall=2161.9 interval=15.14 dt=15.20 cpu_prev=14.925 effect_us=94 action=1 since_click=1160.8 since_commit=552.7 animating=false repaint=none source/Source(settled):d=[1.000,1.000,1.000,1.000] c=[#c8a48b,#c8a48b,#c8a48b,#c8a48b] rank=[0,2,1,3] header/Header(settled):d=[1.000,1.000,1.000,1.000] c=[#c8a48b,#c8a48b,#c8a48b,#c8a48b] rank=[2,3,1,0] result/Result(settled):d=[1.000,1.000,1.000,1.000] c=[#c8a48b,#c8a48b,#c8a48b,#c8a48b] rank=[1,3,2,0] link:p=0.000 o=1.000(frozen)
frame=139 t=2170.1 wall=2170.2 interval=8.32 dt=8.31 cpu_prev=8.014 effect_us=93 action=1 since_click=1169.1 since_commit=561.0 animating=false repaint=none source/Source(settled):d=[1.000,1.000,1.000,1.000] c=[#c8a48b,#c8a48b,#c8a48b,#c8a48b] rank=[0,2,1,3] header/Header(settled):d=[1.000,1.000,1.000,1.000] c=[#c8a48b,#c8a48b,#c8a48b,#c8a48b] rank=[2,3,1,0] result/Result(settled):d=[1.000,1.000,1.000,1.000] c=[#c8a48b,#c8a48b,#c8a48b,#c8a48b] rank=[1,3,2,0] link:p=0.000 o=1.000(frozen)
frame=140 t=2178.2 wall=2178.2 interval=8.00 dt=8.02 cpu_prev=7.766 effect_us=96 action=1 since_click=1177.1 since_commit=569.0 animating=false repaint=none source/Source(settled):d=[1.000,1.000,1.000,1.000] c=[#c8a48b,#c8a48b,#c8a48b,#c8a48b] rank=[0,2,1,3] header/Header(settled):d=[1.000,1.000,1.000,1.000] c=[#c8a48b,#c8a48b,#c8a48b,#c8a48b] rank=[2,3,1,0] result/Result(settled):d=[1.000,1.000,1.000,1.000] c=[#c8a48b,#c8a48b,#c8a48b,#c8a48b] rank=[1,3,2,0] link:p=0.000 o=1.000(frozen)
frame=141 t=2187.1 wall=2187.2 interval=8.99 dt=8.96 cpu_prev=8.677 effect_us=94 action=1 since_click=1186.1 since_commit=578.0 animating=false repaint=none source/Source(settled):d=[1.000,1.000,1.000,1.000] c=[#c8a48b,#c8a48b,#c8a48b,#c8a48b] rank=[0,2,1,3] header/Header(settled):d=[1.000,1.000,1.000,1.000] c=[#c8a48b,#c8a48b,#c8a48b,#c8a48b] rank=[2,3,1,0] result/Result(settled):d=[1.000,1.000,1.000,1.000] c=[#c8a48b,#c8a48b,#c8a48b,#c8a48b] rank=[1,3,2,0] link:p=0.000 o=1.000(frozen)
frame=142 t=2196.6 wall=2196.6 interval=9.42 dt=9.44 cpu_prev=9.140 effect_us=93 action=1 since_click=1195.5 since_commit=587.4 animating=false repaint=none source/Source(settled):d=[1.000,1.000,1.000,1.000] c=[#c8a48b,#c8a48b,#c8a48b,#c8a48b] rank=[0,2,1,3] header/Header(settled):d=[1.000,1.000,1.000,1.000] c=[#c8a48b,#c8a48b,#c8a48b,#c8a48b] rank=[2,3,1,0] result/Result(settled):d=[1.000,1.000,1.000,1.000] c=[#c8a48b,#c8a48b,#c8a48b,#c8a48b] rank=[1,3,2,0] link:p=0.000 o=1.000(frozen)
frame=143 t=2207.6 wall=2207.7 interval=11.05 dt=11.04 cpu_prev=9.105 effect_us=95 action=1 since_click=1206.6 since_commit=598.5 animating=false repaint=none source/Source(settled):d=[1.000,1.000,1.000,1.000] c=[#c8a48b,#c8a48b,#c8a48b,#c8a48b] rank=[0,2,1,3] header/Header(settled):d=[1.000,1.000,1.000,1.000] c=[#c8a48b,#c8a48b,#c8a48b,#c8a48b] rank=[2,3,1,0] result/Result(settled):d=[1.000,1.000,1.000,1.000] c=[#c8a48b,#c8a48b,#c8a48b,#c8a48b] rank=[1,3,2,0] link:p=0.000 o=1.000(frozen)
frame=144 t=2216.5 wall=2216.5 interval=8.83 dt=8.84 cpu_prev=8.607 effect_us=99 action=1 since_click=1215.4 since_commit=607.3 animating=false repaint=none source/Source(settled):d=[1.000,1.000,1.000,1.000] c=[#c8a48b,#c8a48b,#c8a48b,#c8a48b] rank=[0,2,1,3] header/Header(settled):d=[1.000,1.000,1.000,1.000] c=[#c8a48b,#c8a48b,#c8a48b,#c8a48b] rank=[2,3,1,0] result/Result(settled):d=[1.000,1.000,1.000,1.000] c=[#c8a48b,#c8a48b,#c8a48b,#c8a48b] rank=[1,3,2,0] link:p=0.000 o=1.000(frozen)
frame=145 t=2225.2 wall=2225.2 interval=8.75 dt=8.74 cpu_prev=8.464 effect_us=97 action=1 since_click=1224.2 since_commit=616.1 animating=false repaint=none source/Source(settled):d=[1.000,1.000,1.000,1.000] c=[#c8a48b,#c8a48b,#c8a48b,#c8a48b] rank=[0,2,1,3] header/Header(settled):d=[1.000,1.000,1.000,1.000] c=[#c8a48b,#c8a48b,#c8a48b,#c8a48b] rank=[2,3,1,0] result/Result(settled):d=[1.000,1.000,1.000,1.000] c=[#c8a48b,#c8a48b,#c8a48b,#c8a48b] rank=[1,3,2,0] link:p=0.000 o=1.000(frozen)
frame=146 t=2234.8 wall=2234.9 interval=9.64 dt=9.62 cpu_prev=9.253 effect_us=96 action=1 since_click=1233.8 since_commit=625.7 animating=false repaint=none source/Source(settled):d=[1.000,1.000,1.000,1.000] c=[#c8a48b,#c8a48b,#c8a48b,#c8a48b] rank=[0,2,1,3] header/Header(settled):d=[1.000,1.000,1.000,1.000] c=[#c8a48b,#c8a48b,#c8a48b,#c8a48b] rank=[2,3,1,0] result/Result(settled):d=[1.000,1.000,1.000,1.000] c=[#c8a48b,#c8a48b,#c8a48b,#c8a48b] rank=[1,3,2,0] link:p=0.000 o=1.000(frozen)
frame=147 t=2251.1 wall=2251.1 interval=16.25 dt=16.28 cpu_prev=16.000 effect_us=96 action=1 since_click=1250.0 since_commit=642.0 animating=false repaint=none source/Source(settled):d=[1.000,1.000,1.000,1.000] c=[#c8a48b,#c8a48b,#c8a48b,#c8a48b] rank=[0,2,1,3] header/Header(settled):d=[1.000,1.000,1.000,1.000] c=[#c8a48b,#c8a48b,#c8a48b,#c8a48b] rank=[2,3,1,0] result/Result(settled):d=[1.000,1.000,1.000,1.000] c=[#c8a48b,#c8a48b,#c8a48b,#c8a48b] rank=[1,3,2,0] link:p=0.000 o=1.000(frozen)
frame=148 t=2260.4 wall=2260.4 interval=9.32 dt=9.34 cpu_prev=9.064 effect_us=94 action=1 since_click=1259.4 since_commit=651.3 animating=false repaint=none source/Source(settled):d=[1.000,1.000,1.000,1.000] c=[#c8a48b,#c8a48b,#c8a48b,#c8a48b] rank=[0,2,1,3] header/Header(settled):d=[1.000,1.000,1.000,1.000] c=[#c8a48b,#c8a48b,#c8a48b,#c8a48b] rank=[2,3,1,0] result/Result(settled):d=[1.000,1.000,1.000,1.000] c=[#c8a48b,#c8a48b,#c8a48b,#c8a48b] rank=[1,3,2,0] link:p=0.000 o=1.000(frozen)
frame=149 t=2268.8 wall=2268.8 interval=8.39 dt=8.37 cpu_prev=8.075 effect_us=94 action=1 since_click=1267.8 since_commit=659.7 animating=false repaint=none source/Source(settled):d=[1.000,1.000,1.000,1.000] c=[#c8a48b,#c8a48b,#c8a48b,#c8a48b] rank=[0,2,1,3] header/Header(settled):d=[1.000,1.000,1.000,1.000] c=[#c8a48b,#c8a48b,#c8a48b,#c8a48b] rank=[2,3,1,0] result/Result(settled):d=[1.000,1.000,1.000,1.000] c=[#c8a48b,#c8a48b,#c8a48b,#c8a48b] rank=[1,3,2,0] link:p=0.000 o=1.000(frozen)
frame=150 t=2276.4 wall=2276.5 interval=7.64 dt=7.65 cpu_prev=7.387 effect_us=96 action=1 since_click=1275.4 since_commit=667.3 animating=false repaint=none source/Source(settled):d=[1.000,1.000,1.000,1.000] c=[#c8a48b,#c8a48b,#c8a48b,#c8a48b] rank=[0,2,1,3] header/Header(settled):d=[1.000,1.000,1.000,1.000] c=[#c8a48b,#c8a48b,#c8a48b,#c8a48b] rank=[2,3,1,0] result/Result(settled):d=[1.000,1.000,1.000,1.000] c=[#c8a48b,#c8a48b,#c8a48b,#c8a48b] rank=[1,3,2,0] link:p=0.000 o=1.000(frozen)
frame=151 t=2284.6 wall=2284.7 interval=8.20 dt=8.19 cpu_prev=7.912 effect_us=94 action=1 since_click=1283.6 since_commit=675.5 animating=false repaint=none source/Source(settled):d=[1.000,1.000,1.000,1.000] c=[#c8a48b,#c8a48b,#c8a48b,#c8a48b] rank=[0,2,1,3] header/Header(settled):d=[1.000,1.000,1.000,1.000] c=[#c8a48b,#c8a48b,#c8a48b,#c8a48b] rank=[2,3,1,0] result/Result(settled):d=[1.000,1.000,1.000,1.000] c=[#c8a48b,#c8a48b,#c8a48b,#c8a48b] rank=[1,3,2,0] link:p=0.000 o=1.000(frozen)
frame=152 t=2293.9 wall=2293.9 interval=9.26 dt=9.28 cpu_prev=9.007 effect_us=99 action=1 since_click=1292.9 since_commit=684.8 animating=false repaint=none source/Source(settled):d=[1.000,1.000,1.000,1.000] c=[#c8a48b,#c8a48b,#c8a48b,#c8a48b] rank=[0,2,1,3] header/Header(settled):d=[1.000,1.000,1.000,1.000] c=[#c8a48b,#c8a48b,#c8a48b,#c8a48b] rank=[2,3,1,0] result/Result(settled):d=[1.000,1.000,1.000,1.000] c=[#c8a48b,#c8a48b,#c8a48b,#c8a48b] rank=[1,3,2,0] link:p=0.000 o=1.000(frozen)
# pixels_per_point=2 script=toggle rows=0
# rect header 0.0 0.0 880.0 56.0
# rect panel_a 12.0 68.0 262.0 482.0
# rect source_key 98.0 157.0 248.0 209.0
# rect panel_b 278.0 68.0 868.0 482.0
# event t=2302.0ms reduced_motion=false settle_now
frame=153 t=2302.0 wall=2302.0 interval=8.10 dt=8.09 cpu_prev=7.827 effect_us=95 action=1 since_click=1301.0 since_commit=692.9 animating=false repaint=none source/Source(settled):d=[1.000,1.000,1.000,1.000] c=[#c8a48b,#c8a48b,#c8a48b,#c8a48b] rank=[0,2,1,3] header/Header(settled):d=[1.000,1.000,1.000,1.000] c=[#c8a48b,#c8a48b,#c8a48b,#c8a48b] rank=[2,3,1,0] result/Result(settled):d=[1.000,1.000,1.000,1.000] c=[#c8a48b,#c8a48b,#c8a48b,#c8a48b] rank=[1,3,2,0] link:p=0.000 o=1.000(frozen)
frame=154 t=2310.1 wall=2310.2 interval=8.12 dt=8.14 cpu_prev=7.864 effect_us=93 action=1 since_click=1309.1 since_commit=701.0 animating=false repaint=none source/Source(settled):d=[1.000,1.000,1.000,1.000] c=[#c8a48b,#c8a48b,#c8a48b,#c8a48b] rank=[0,2,1,3] header/Header(settled):d=[1.000,1.000,1.000,1.000] c=[#c8a48b,#c8a48b,#c8a48b,#c8a48b] rank=[2,3,1,0] result/Result(settled):d=[1.000,1.000,1.000,1.000] c=[#c8a48b,#c8a48b,#c8a48b,#c8a48b] rank=[1,3,2,0] link:p=0.000 o=1.000(frozen)
frame=155 t=2318.4 wall=2318.4 interval=8.24 dt=8.23 cpu_prev=7.963 effect_us=94 action=1 since_click=1317.3 since_commit=709.2 animating=false repaint=none source/Source(settled):d=[1.000,1.000,1.000,1.000] c=[#c8a48b,#c8a48b,#c8a48b,#c8a48b] rank=[0,2,1,3] header/Header(settled):d=[1.000,1.000,1.000,1.000] c=[#c8a48b,#c8a48b,#c8a48b,#c8a48b] rank=[2,3,1,0] result/Result(settled):d=[1.000,1.000,1.000,1.000] c=[#c8a48b,#c8a48b,#c8a48b,#c8a48b] rank=[1,3,2,0] link:p=0.000 o=1.000(frozen)
frame=156 t=2326.8 wall=2326.8 interval=8.39 dt=8.39 cpu_prev=8.098 effect_us=95 action=1 since_click=1325.7 since_commit=717.6 animating=false repaint=none source/Source(settled):d=[1.000,1.000,1.000,1.000] c=[#c8a48b,#c8a48b,#c8a48b,#c8a48b] rank=[0,2,1,3] header/Header(settled):d=[1.000,1.000,1.000,1.000] c=[#c8a48b,#c8a48b,#c8a48b,#c8a48b] rank=[2,3,1,0] result/Result(settled):d=[1.000,1.000,1.000,1.000] c=[#c8a48b,#c8a48b,#c8a48b,#c8a48b] rank=[1,3,2,0] link:p=0.000 o=1.000(frozen)
frame=157 t=2335.0 wall=2335.1 interval=8.29 dt=8.28 cpu_prev=8.004 effect_us=94 action=1 since_click=1334.0 since_commit=725.9 animating=false repaint=none source/Source(settled):d=[1.000,1.000,1.000,1.000] c=[#c8a48b,#c8a48b,#c8a48b,#c8a48b] rank=[0,2,1,3] header/Header(settled):d=[1.000,1.000,1.000,1.000] c=[#c8a48b,#c8a48b,#c8a48b,#c8a48b] rank=[2,3,1,0] result/Result(settled):d=[1.000,1.000,1.000,1.000] c=[#c8a48b,#c8a48b,#c8a48b,#c8a48b] rank=[1,3,2,0] link:p=0.000 o=1.000(frozen)
frame=158 t=2343.7 wall=2343.8 interval=8.68 dt=8.69 cpu_prev=8.415 effect_us=93 action=1 since_click=1342.7 since_commit=734.6 animating=false repaint=none source/Source(settled):d=[1.000,1.000,1.000,1.000] c=[#c8a48b,#c8a48b,#c8a48b,#c8a48b] rank=[0,2,1,3] header/Header(settled):d=[1.000,1.000,1.000,1.000] c=[#c8a48b,#c8a48b,#c8a48b,#c8a48b] rank=[2,3,1,0] result/Result(settled):d=[1.000,1.000,1.000,1.000] c=[#c8a48b,#c8a48b,#c8a48b,#c8a48b] rank=[1,3,2,0] link:p=0.000 o=1.000(frozen)
frame=159 t=2351.5 wall=2351.5 interval=7.76 dt=7.76 cpu_prev=7.506 effect_us=93 action=1 since_click=1350.4 since_commit=742.4 animating=false repaint=none source/Source(settled):d=[1.000,1.000,1.000,1.000] c=[#c8a48b,#c8a48b,#c8a48b,#c8a48b] rank=[0,2,1,3] header/Header(settled):d=[1.000,1.000,1.000,1.000] c=[#c8a48b,#c8a48b,#c8a48b,#c8a48b] rank=[2,3,1,0] result/Result(settled):d=[1.000,1.000,1.000,1.000] c=[#c8a48b,#c8a48b,#c8a48b,#c8a48b] rank=[1,3,2,0] link:p=0.000 o=1.000(frozen)
frame=160 t=2359.7 wall=2359.7 interval=8.17 dt=8.18 cpu_prev=7.896 effect_us=94 action=1 since_click=1358.6 since_commit=750.5 animating=false repaint=none source/Source(settled):d=[1.000,1.000,1.000,1.000] c=[#c8a48b,#c8a48b,#c8a48b,#c8a48b] rank=[0,2,1,3] header/Header(settled):d=[1.000,1.000,1.000,1.000] c=[#c8a48b,#c8a48b,#c8a48b,#c8a48b] rank=[2,3,1,0] result/Result(settled):d=[1.000,1.000,1.000,1.000] c=[#c8a48b,#c8a48b,#c8a48b,#c8a48b] rank=[1,3,2,0] link:p=0.000 o=1.000(frozen)
frame=161 t=2369.4 wall=2369.5 interval=9.77 dt=9.72 cpu_prev=9.229 effect_us=98 action=1 since_click=1368.3 since_commit=760.3 animating=false repaint=none source/Source(settled):d=[1.000,1.000,1.000,1.000] c=[#c8a48b,#c8a48b,#c8a48b,#c8a48b] rank=[0,2,1,3] header/Header(settled):d=[1.000,1.000,1.000,1.000] c=[#c8a48b,#c8a48b,#c8a48b,#c8a48b] rank=[2,3,1,0] result/Result(settled):d=[1.000,1.000,1.000,1.000] c=[#c8a48b,#c8a48b,#c8a48b,#c8a48b] rank=[1,3,2,0] link:p=0.000 o=1.000(frozen)
frame=162 t=2384.9 wall=2385.0 interval=15.50 dt=15.54 cpu_prev=15.167 effect_us=102 action=1 since_click=1383.9 since_commit=775.8 animating=false repaint=none source/Source(settled):d=[1.000,1.000,1.000,1.000] c=[#c8a48b,#c8a48b,#c8a48b,#c8a48b] rank=[0,2,1,3] header/Header(settled):d=[1.000,1.000,1.000,1.000] c=[#c8a48b,#c8a48b,#c8a48b,#c8a48b] rank=[2,3,1,0] result/Result(settled):d=[1.000,1.000,1.000,1.000] c=[#c8a48b,#c8a48b,#c8a48b,#c8a48b] rank=[1,3,2,0] link:p=0.000 o=1.000(frozen)
frame=163 t=2393.5 wall=2393.6 interval=8.60 dt=8.60 cpu_prev=8.304 effect_us=96 action=1 since_click=1392.5 since_commit=784.4 animating=false repaint=none source/Source(settled):d=[1.000,1.000,1.000,1.000] c=[#c8a48b,#c8a48b,#c8a48b,#c8a48b] rank=[0,2,1,3] header/Header(settled):d=[1.000,1.000,1.000,1.000] c=[#c8a48b,#c8a48b,#c8a48b,#c8a48b] rank=[2,3,1,0] result/Result(settled):d=[1.000,1.000,1.000,1.000] c=[#c8a48b,#c8a48b,#c8a48b,#c8a48b] rank=[1,3,2,0] link:p=0.000 o=1.000(frozen)
frame=164 t=2401.8 wall=2401.8 interval=8.23 dt=8.25 cpu_prev=7.954 effect_us=97 action=1 since_click=1400.7 since_commit=792.6 animating=false repaint=none source/Source(settled):d=[1.000,1.000,1.000,1.000] c=[#c8a48b,#c8a48b,#c8a48b,#c8a48b] rank=[0,2,1,3] header/Header(settled):d=[1.000,1.000,1.000,1.000] c=[#c8a48b,#c8a48b,#c8a48b,#c8a48b] rank=[2,3,1,0] result/Result(settled):d=[1.000,1.000,1.000,1.000] c=[#c8a48b,#c8a48b,#c8a48b,#c8a48b] rank=[1,3,2,0] link:p=0.000 o=1.000(frozen)
frame=165 t=2410.4 wall=2410.5 interval=8.69 dt=8.64 cpu_prev=8.230 effect_us=96 action=1 since_click=1409.4 since_commit=801.3 animating=false repaint=none source/Source(settled):d=[1.000,1.000,1.000,1.000] c=[#c8a48b,#c8a48b,#c8a48b,#c8a48b] rank=[0,2,1,3] header/Header(settled):d=[1.000,1.000,1.000,1.000] c=[#c8a48b,#c8a48b,#c8a48b,#c8a48b] rank=[2,3,1,0] result/Result(settled):d=[1.000,1.000,1.000,1.000] c=[#c8a48b,#c8a48b,#c8a48b,#c8a48b] rank=[1,3,2,0] link:p=0.000 o=1.000(frozen)
frame=166 t=2419.0 wall=2419.0 interval=8.56 dt=8.56 cpu_prev=8.177 effect_us=100 action=1 since_click=1417.9 since_commit=809.8 animating=false repaint=none source/Source(settled):d=[1.000,1.000,1.000,1.000] c=[#c8a48b,#c8a48b,#c8a48b,#c8a48b] rank=[0,2,1,3] header/Header(settled):d=[1.000,1.000,1.000,1.000] c=[#c8a48b,#c8a48b,#c8a48b,#c8a48b] rank=[2,3,1,0] result/Result(settled):d=[1.000,1.000,1.000,1.000] c=[#c8a48b,#c8a48b,#c8a48b,#c8a48b] rank=[1,3,2,0] link:p=0.000 o=1.000(frozen)
frame=167 t=2429.3 wall=2429.4 interval=10.34 dt=10.38 cpu_prev=10.009 effect_us=99 action=1 since_click=1428.3 since_commit=820.2 animating=false repaint=none source/Source(settled):d=[1.000,1.000,1.000,1.000] c=[#c8a48b,#c8a48b,#c8a48b,#c8a48b] rank=[0,2,1,3] header/Header(settled):d=[1.000,1.000,1.000,1.000] c=[#c8a48b,#c8a48b,#c8a48b,#c8a48b] rank=[2,3,1,0] result/Result(settled):d=[1.000,1.000,1.000,1.000] c=[#c8a48b,#c8a48b,#c8a48b,#c8a48b] rank=[1,3,2,0] link:p=0.000 o=1.000(frozen)
frame=168 t=2438.7 wall=2438.7 interval=9.32 dt=9.32 cpu_prev=8.995 effect_us=97 action=1 since_click=1437.6 since_commit=829.5 animating=false repaint=none source/Source(settled):d=[1.000,1.000,1.000,1.000] c=[#c8a48b,#c8a48b,#c8a48b,#c8a48b] rank=[0,2,1,3] header/Header(settled):d=[1.000,1.000,1.000,1.000] c=[#c8a48b,#c8a48b,#c8a48b,#c8a48b] rank=[2,3,1,0] result/Result(settled):d=[1.000,1.000,1.000,1.000] c=[#c8a48b,#c8a48b,#c8a48b,#c8a48b] rank=[1,3,2,0] link:p=0.000 o=1.000(frozen)
frame=169 t=2450.3 wall=2450.4 interval=11.65 dt=11.64 cpu_prev=11.275 effect_us=95 action=1 since_click=1449.3 since_commit=841.2 animating=false repaint=none source/Source(settled):d=[1.000,1.000,1.000,1.000] c=[#c8a48b,#c8a48b,#c8a48b,#c8a48b] rank=[0,2,1,3] header/Header(settled):d=[1.000,1.000,1.000,1.000] c=[#c8a48b,#c8a48b,#c8a48b,#c8a48b] rank=[2,3,1,0] result/Result(settled):d=[1.000,1.000,1.000,1.000] c=[#c8a48b,#c8a48b,#c8a48b,#c8a48b] rank=[1,3,2,0] link:p=0.000 o=1.000(frozen)
frame=170 t=2459.3 wall=2459.4 interval=9.01 dt=9.02 cpu_prev=8.702 effect_us=97 action=1 since_click=1458.3 since_commit=850.2 animating=false repaint=none source/Source(settled):d=[1.000,1.000,1.000,1.000] c=[#c8a48b,#c8a48b,#c8a48b,#c8a48b] rank=[0,2,1,3] header/Header(settled):d=[1.000,1.000,1.000,1.000] c=[#c8a48b,#c8a48b,#c8a48b,#c8a48b] rank=[2,3,1,0] result/Result(settled):d=[1.000,1.000,1.000,1.000] c=[#c8a48b,#c8a48b,#c8a48b,#c8a48b] rank=[1,3,2,0] link:p=0.000 o=1.000(frozen)
frame=171 t=2469.3 wall=2469.4 interval=10.00 dt=10.00 cpu_prev=9.679 effect_us=98 action=1 since_click=1468.3 since_commit=860.2 animating=false repaint=none source/Source(settled):d=[1.000,1.000,1.000,1.000] c=[#c8a48b,#c8a48b,#c8a48b,#c8a48b] rank=[0,2,1,3] header/Header(settled):d=[1.000,1.000,1.000,1.000] c=[#c8a48b,#c8a48b,#c8a48b,#c8a48b] rank=[2,3,1,0] result/Result(settled):d=[1.000,1.000,1.000,1.000] c=[#c8a48b,#c8a48b,#c8a48b,#c8a48b] rank=[1,3,2,0] link:p=0.000 o=1.000(frozen)
frame=172 t=2478.1 wall=2478.2 interval=8.81 dt=8.81 cpu_prev=8.088 effect_us=109 action=1 since_click=1477.1 since_commit=869.0 animating=false repaint=none source/Source(settled):d=[1.000,1.000,1.000,1.000] c=[#c8a48b,#c8a48b,#c8a48b,#c8a48b] rank=[0,2,1,3] header/Header(settled):d=[1.000,1.000,1.000,1.000] c=[#c8a48b,#c8a48b,#c8a48b,#c8a48b] rank=[2,3,1,0] result/Result(settled):d=[1.000,1.000,1.000,1.000] c=[#c8a48b,#c8a48b,#c8a48b,#c8a48b] rank=[1,3,2,0] link:p=0.000 o=1.000(frozen)
frame=173 t=2503.5 wall=2503.6 interval=25.38 dt=25.37 cpu_prev=24.716 effect_us=97 action=1 since_click=1502.5 since_commit=894.4 animating=false repaint=none source/Source(settled):d=[1.000,1.000,1.000,1.000] c=[#c8a48b,#c8a48b,#c8a48b,#c8a48b] rank=[0,2,1,3] header/Header(settled):d=[1.000,1.000,1.000,1.000] c=[#c8a48b,#c8a48b,#c8a48b,#c8a48b] rank=[2,3,1,0] result/Result(settled):d=[1.000,1.000,1.000,1.000] c=[#c8a48b,#c8a48b,#c8a48b,#c8a48b] rank=[1,3,2,0] link:p=0.000 o=1.000(frozen)
frame=174 t=2516.0 wall=2516.1 interval=12.52 dt=12.52 cpu_prev=11.951 effect_us=97 action=1 since_click=1515.0 since_commit=906.9 animating=false repaint=none source/Source(settled):d=[1.000,1.000,1.000,1.000] c=[#c8a48b,#c8a48b,#c8a48b,#c8a48b] rank=[0,2,1,3] header/Header(settled):d=[1.000,1.000,1.000,1.000] c=[#c8a48b,#c8a48b,#c8a48b,#c8a48b] rank=[2,3,1,0] result/Result(settled):d=[1.000,1.000,1.000,1.000] c=[#c8a48b,#c8a48b,#c8a48b,#c8a48b] rank=[1,3,2,0] link:p=0.000 o=1.000(frozen)
frame=175 t=2529.7 wall=2529.8 interval=13.73 dt=13.72 cpu_prev=13.123 effect_us=100 action=1 since_click=1528.7 since_commit=920.6 animating=false repaint=none source/Source(settled):d=[1.000,1.000,1.000,1.000] c=[#c8a48b,#c8a48b,#c8a48b,#c8a48b] rank=[0,2,1,3] header/Header(settled):d=[1.000,1.000,1.000,1.000] c=[#c8a48b,#c8a48b,#c8a48b,#c8a48b] rank=[2,3,1,0] result/Result(settled):d=[1.000,1.000,1.000,1.000] c=[#c8a48b,#c8a48b,#c8a48b,#c8a48b] rank=[1,3,2,0] link:p=0.000 o=1.000(frozen)
frame=176 t=2540.1 wall=2540.1 interval=10.31 dt=10.31 cpu_prev=9.509 effect_us=98 action=1 since_click=1539.0 since_commit=930.9 animating=false repaint=none source/Source(settled):d=[1.000,1.000,1.000,1.000] c=[#c8a48b,#c8a48b,#c8a48b,#c8a48b] rank=[0,2,1,3] header/Header(settled):d=[1.000,1.000,1.000,1.000] c=[#c8a48b,#c8a48b,#c8a48b,#c8a48b] rank=[2,3,1,0] result/Result(settled):d=[1.000,1.000,1.000,1.000] c=[#c8a48b,#c8a48b,#c8a48b,#c8a48b] rank=[1,3,2,0] link:p=0.000 o=1.000(frozen)
frame=177 t=2549.9 wall=2549.9 interval=9.82 dt=9.81 cpu_prev=9.462 effect_us=94 action=1 since_click=1548.8 since_commit=940.7 animating=false repaint=none source/Source(settled):d=[1.000,1.000,1.000,1.000] c=[#c8a48b,#c8a48b,#c8a48b,#c8a48b] rank=[0,2,1,3] header/Header(settled):d=[1.000,1.000,1.000,1.000] c=[#c8a48b,#c8a48b,#c8a48b,#c8a48b] rank=[2,3,1,0] result/Result(settled):d=[1.000,1.000,1.000,1.000] c=[#c8a48b,#c8a48b,#c8a48b,#c8a48b] rank=[1,3,2,0] link:p=0.000 o=1.000(frozen)
frame=178 t=2563.2 wall=2563.3 interval=13.37 dt=13.36 cpu_prev=12.957 effect_us=97 action=1 since_click=1562.2 since_commit=954.1 animating=false repaint=none source/Source(settled):d=[1.000,1.000,1.000,1.000] c=[#c8a48b,#c8a48b,#c8a48b,#c8a48b] rank=[0,2,1,3] header/Header(settled):d=[1.000,1.000,1.000,1.000] c=[#c8a48b,#c8a48b,#c8a48b,#c8a48b] rank=[2,3,1,0] result/Result(settled):d=[1.000,1.000,1.000,1.000] c=[#c8a48b,#c8a48b,#c8a48b,#c8a48b] rank=[1,3,2,0] link:p=0.000 o=1.000(frozen)
frame=179 t=2573.6 wall=2573.7 interval=10.38 dt=10.38 cpu_prev=9.935 effect_us=94 action=1 since_click=1572.6 since_commit=964.5 animating=false repaint=none source/Source(settled):d=[1.000,1.000,1.000,1.000] c=[#c8a48b,#c8a48b,#c8a48b,#c8a48b] rank=[0,2,1,3] header/Header(settled):d=[1.000,1.000,1.000,1.000] c=[#c8a48b,#c8a48b,#c8a48b,#c8a48b] rank=[2,3,1,0] result/Result(settled):d=[1.000,1.000,1.000,1.000] c=[#c8a48b,#c8a48b,#c8a48b,#c8a48b] rank=[1,3,2,0] link:p=0.000 o=1.000(frozen)
frame=180 t=2584.6 wall=2584.7 interval=11.00 dt=11.04 cpu_prev=10.687 effect_us=95 action=1 since_click=1583.6 since_commit=975.5 animating=false repaint=none source/Source(settled):d=[1.000,1.000,1.000,1.000] c=[#c8a48b,#c8a48b,#c8a48b,#c8a48b] rank=[0,2,1,3] header/Header(settled):d=[1.000,1.000,1.000,1.000] c=[#c8a48b,#c8a48b,#c8a48b,#c8a48b] rank=[2,3,1,0] result/Result(settled):d=[1.000,1.000,1.000,1.000] c=[#c8a48b,#c8a48b,#c8a48b,#c8a48b] rank=[1,3,2,0] link:p=0.000 o=1.000(frozen)
frame=181 t=2621.2 wall=2621.2 interval=36.56 dt=36.52 cpu_prev=36.127 effect_us=95 action=1 since_click=1620.1 since_commit=1012.0 animating=false repaint=none source/Source(settled):d=[1.000,1.000,1.000,1.000] c=[#c8a48b,#c8a48b,#c8a48b,#c8a48b] rank=[0,2,1,3] header/Header(settled):d=[1.000,1.000,1.000,1.000] c=[#c8a48b,#c8a48b,#c8a48b,#c8a48b] rank=[2,3,1,0] result/Result(settled):d=[1.000,1.000,1.000,1.000] c=[#c8a48b,#c8a48b,#c8a48b,#c8a48b] rank=[1,3,2,0] link:p=0.000 o=1.000(frozen)
frame=182 t=2636.5 wall=2636.5 interval=15.29 dt=15.33 cpu_prev=14.982 effect_us=94 action=1 since_click=1635.4 since_commit=1027.4 animating=false repaint=none source/Source(settled):d=[1.000,1.000,1.000,1.000] c=[#c8a48b,#c8a48b,#c8a48b,#c8a48b] rank=[0,2,1,3] header/Header(settled):d=[1.000,1.000,1.000,1.000] c=[#c8a48b,#c8a48b,#c8a48b,#c8a48b] rank=[2,3,1,0] result/Result(settled):d=[1.000,1.000,1.000,1.000] c=[#c8a48b,#c8a48b,#c8a48b,#c8a48b] rank=[1,3,2,0] link:p=0.000 o=1.000(frozen)
frame=183 t=2647.0 wall=2647.0 interval=10.50 dt=10.50 cpu_prev=10.202 effect_us=96 action=1 since_click=1645.9 since_commit=1037.9 animating=false repaint=none source/Source(settled):d=[1.000,1.000,1.000,1.000] c=[#c8a48b,#c8a48b,#c8a48b,#c8a48b] rank=[0,2,1,3] header/Header(settled):d=[1.000,1.000,1.000,1.000] c=[#c8a48b,#c8a48b,#c8a48b,#c8a48b] rank=[2,3,1,0] result/Result(settled):d=[1.000,1.000,1.000,1.000] c=[#c8a48b,#c8a48b,#c8a48b,#c8a48b] rank=[1,3,2,0] link:p=0.000 o=1.000(frozen)
frame=184 t=2657.6 wall=2657.6 interval=10.58 dt=10.58 cpu_prev=9.973 effect_us=94 action=1 since_click=1656.5 since_commit=1048.4 animating=false repaint=none source/Source(settled):d=[1.000,1.000,1.000,1.000] c=[#c8a48b,#c8a48b,#c8a48b,#c8a48b] rank=[0,2,1,3] header/Header(settled):d=[1.000,1.000,1.000,1.000] c=[#c8a48b,#c8a48b,#c8a48b,#c8a48b] rank=[2,3,1,0] result/Result(settled):d=[1.000,1.000,1.000,1.000] c=[#c8a48b,#c8a48b,#c8a48b,#c8a48b] rank=[1,3,2,0] link:p=0.000 o=1.000(frozen)
frame=185 t=2667.6 wall=2667.7 interval=10.09 dt=10.04 cpu_prev=9.605 effect_us=93 action=1 since_click=1666.6 since_commit=1058.5 animating=false repaint=none source/Source(settled):d=[1.000,1.000,1.000,1.000] c=[#c8a48b,#c8a48b,#c8a48b,#c8a48b] rank=[0,2,1,3] header/Header(settled):d=[1.000,1.000,1.000,1.000] c=[#c8a48b,#c8a48b,#c8a48b,#c8a48b] rank=[2,3,1,0] result/Result(settled):d=[1.000,1.000,1.000,1.000] c=[#c8a48b,#c8a48b,#c8a48b,#c8a48b] rank=[1,3,2,0] link:p=0.000 o=1.000(frozen)
frame=186 t=2676.0 wall=2676.1 interval=8.38 dt=8.43 cpu_prev=8.161 effect_us=92 action=1 since_click=1675.0 since_commit=1066.9 animating=false repaint=none source/Source(settled):d=[1.000,1.000,1.000,1.000] c=[#c8a48b,#c8a48b,#c8a48b,#c8a48b] rank=[0,2,1,3] header/Header(settled):d=[1.000,1.000,1.000,1.000] c=[#c8a48b,#c8a48b,#c8a48b,#c8a48b] rank=[2,3,1,0] result/Result(settled):d=[1.000,1.000,1.000,1.000] c=[#c8a48b,#c8a48b,#c8a48b,#c8a48b] rank=[1,3,2,0] link:p=0.000 o=1.000(frozen)
frame=187 t=2686.3 wall=2686.3 interval=10.25 dt=10.25 cpu_prev=9.933 effect_us=93 action=1 since_click=1685.3 since_commit=1077.2 animating=false repaint=none source/Source(settled):d=[1.000,1.000,1.000,1.000] c=[#c8a48b,#c8a48b,#c8a48b,#c8a48b] rank=[0,2,1,3] header/Header(settled):d=[1.000,1.000,1.000,1.000] c=[#c8a48b,#c8a48b,#c8a48b,#c8a48b] rank=[2,3,1,0] result/Result(settled):d=[1.000,1.000,1.000,1.000] c=[#c8a48b,#c8a48b,#c8a48b,#c8a48b] rank=[1,3,2,0] link:p=0.000 o=1.000(frozen)
frame=188 t=2694.7 wall=2694.8 interval=8.45 dt=8.45 cpu_prev=8.183 effect_us=94 action=1 since_click=1693.7 since_commit=1085.6 animating=false repaint=none source/Source(settled):d=[1.000,1.000,1.000,1.000] c=[#c8a48b,#c8a48b,#c8a48b,#c8a48b] rank=[0,2,1,3] header/Header(settled):d=[1.000,1.000,1.000,1.000] c=[#c8a48b,#c8a48b,#c8a48b,#c8a48b] rank=[2,3,1,0] result/Result(settled):d=[1.000,1.000,1.000,1.000] c=[#c8a48b,#c8a48b,#c8a48b,#c8a48b] rank=[1,3,2,0] link:p=0.000 o=1.000(frozen)
frame=189 t=2703.7 wall=2703.8 interval=9.01 dt=9.00 cpu_prev=8.718 effect_us=97 action=1 since_click=1702.7 since_commit=1094.6 animating=false repaint=none source/Source(settled):d=[1.000,1.000,1.000,1.000] c=[#c8a48b,#c8a48b,#c8a48b,#c8a48b] rank=[0,2,1,3] header/Header(settled):d=[1.000,1.000,1.000,1.000] c=[#c8a48b,#c8a48b,#c8a48b,#c8a48b] rank=[2,3,1,0] result/Result(settled):d=[1.000,1.000,1.000,1.000] c=[#c8a48b,#c8a48b,#c8a48b,#c8a48b] rank=[1,3,2,0] link:p=0.000 o=1.000(frozen)
frame=190 t=2720.5 wall=2720.5 interval=16.74 dt=16.73 cpu_prev=12.043 effect_us=100 action=1 since_click=1719.4 since_commit=1111.3 animating=false repaint=none source/Source(settled):d=[1.000,1.000,1.000,1.000] c=[#c8a48b,#c8a48b,#c8a48b,#c8a48b] rank=[0,2,1,3] header/Header(settled):d=[1.000,1.000,1.000,1.000] c=[#c8a48b,#c8a48b,#c8a48b,#c8a48b] rank=[2,3,1,0] result/Result(settled):d=[1.000,1.000,1.000,1.000] c=[#c8a48b,#c8a48b,#c8a48b,#c8a48b] rank=[1,3,2,0] link:p=0.000 o=1.000(frozen)
frame=191 t=2730.9 wall=2731.0 interval=10.47 dt=10.46 cpu_prev=10.132 effect_us=97 action=1 since_click=1729.9 since_commit=1121.8 animating=false repaint=none source/Source(settled):d=[1.000,1.000,1.000,1.000] c=[#c8a48b,#c8a48b,#c8a48b,#c8a48b] rank=[0,2,1,3] header/Header(settled):d=[1.000,1.000,1.000,1.000] c=[#c8a48b,#c8a48b,#c8a48b,#c8a48b] rank=[2,3,1,0] result/Result(settled):d=[1.000,1.000,1.000,1.000] c=[#c8a48b,#c8a48b,#c8a48b,#c8a48b] rank=[1,3,2,0] link:p=0.000 o=1.000(frozen)
frame=192 t=2740.9 wall=2740.9 interval=9.94 dt=9.95 cpu_prev=8.927 effect_us=97 action=1 since_click=1739.8 since_commit=1131.8 animating=false repaint=none source/Source(settled):d=[1.000,1.000,1.000,1.000] c=[#c8a48b,#c8a48b,#c8a48b,#c8a48b] rank=[0,2,1,3] header/Header(settled):d=[1.000,1.000,1.000,1.000] c=[#c8a48b,#c8a48b,#c8a48b,#c8a48b] rank=[2,3,1,0] result/Result(settled):d=[1.000,1.000,1.000,1.000] c=[#c8a48b,#c8a48b,#c8a48b,#c8a48b] rank=[1,3,2,0] link:p=0.000 o=1.000(frozen)
frame=193 t=2776.9 wall=2776.9 interval=35.98 dt=35.97 cpu_prev=35.324 effect_us=96 action=1 since_click=1775.8 since_commit=1167.7 animating=false repaint=none source/Source(settled):d=[1.000,1.000,1.000,1.000] c=[#c8a48b,#c8a48b,#c8a48b,#c8a48b] rank=[0,2,1,3] header/Header(settled):d=[1.000,1.000,1.000,1.000] c=[#c8a48b,#c8a48b,#c8a48b,#c8a48b] rank=[2,3,1,0] result/Result(settled):d=[1.000,1.000,1.000,1.000] c=[#c8a48b,#c8a48b,#c8a48b,#c8a48b] rank=[1,3,2,0] link:p=0.000 o=1.000(frozen)
frame=194 t=2787.2 wall=2787.3 interval=10.43 dt=10.39 cpu_prev=9.866 effect_us=99 action=1 since_click=1786.2 since_commit=1178.1 animating=false repaint=none source/Source(settled):d=[1.000,1.000,1.000,1.000] c=[#c8a48b,#c8a48b,#c8a48b,#c8a48b] rank=[0,2,1,3] header/Header(settled):d=[1.000,1.000,1.000,1.000] c=[#c8a48b,#c8a48b,#c8a48b,#c8a48b] rank=[2,3,1,0] result/Result(settled):d=[1.000,1.000,1.000,1.000] c=[#c8a48b,#c8a48b,#c8a48b,#c8a48b] rank=[1,3,2,0] link:p=0.000 o=1.000(frozen)
frame=195 t=2799.1 wall=2799.1 interval=11.78 dt=11.83 cpu_prev=11.347 effect_us=97 action=1 since_click=1798.0 since_commit=1190.0 animating=false repaint=none source/Source(settled):d=[1.000,1.000,1.000,1.000] c=[#c8a48b,#c8a48b,#c8a48b,#c8a48b] rank=[0,2,1,3] header/Header(settled):d=[1.000,1.000,1.000,1.000] c=[#c8a48b,#c8a48b,#c8a48b,#c8a48b] rank=[2,3,1,0] result/Result(settled):d=[1.000,1.000,1.000,1.000] c=[#c8a48b,#c8a48b,#c8a48b,#c8a48b] rank=[1,3,2,0] link:p=0.000 o=1.000(frozen)
frame=196 t=2808.9 wall=2808.9 interval=9.83 dt=9.82 cpu_prev=9.232 effect_us=96 action=1 since_click=1807.9 since_commit=1199.8 animating=false repaint=none source/Source(settled):d=[1.000,1.000,1.000,1.000] c=[#c8a48b,#c8a48b,#c8a48b,#c8a48b] rank=[0,2,1,3] header/Header(settled):d=[1.000,1.000,1.000,1.000] c=[#c8a48b,#c8a48b,#c8a48b,#c8a48b] rank=[2,3,1,0] result/Result(settled):d=[1.000,1.000,1.000,1.000] c=[#c8a48b,#c8a48b,#c8a48b,#c8a48b] rank=[1,3,2,0] link:p=0.000 o=1.000(frozen)
frame=197 t=2820.5 wall=2820.5 interval=11.61 dt=11.61 cpu_prev=10.978 effect_us=101 action=1 since_click=1819.5 since_commit=1211.4 animating=false repaint=none source/Source(settled):d=[1.000,1.000,1.000,1.000] c=[#c8a48b,#c8a48b,#c8a48b,#c8a48b] rank=[0,2,1,3] header/Header(settled):d=[1.000,1.000,1.000,1.000] c=[#c8a48b,#c8a48b,#c8a48b,#c8a48b] rank=[2,3,1,0] result/Result(settled):d=[1.000,1.000,1.000,1.000] c=[#c8a48b,#c8a48b,#c8a48b,#c8a48b] rank=[1,3,2,0] link:p=0.000 o=1.000(frozen)
frame=198 t=2832.0 wall=2832.0 interval=11.48 dt=11.48 cpu_prev=10.905 effect_us=94 action=1 since_click=1830.9 since_commit=1222.9 animating=false repaint=none source/Source(settled):d=[1.000,1.000,1.000,1.000] c=[#c8a48b,#c8a48b,#c8a48b,#c8a48b] rank=[0,2,1,3] header/Header(settled):d=[1.000,1.000,1.000,1.000] c=[#c8a48b,#c8a48b,#c8a48b,#c8a48b] rank=[2,3,1,0] result/Result(settled):d=[1.000,1.000,1.000,1.000] c=[#c8a48b,#c8a48b,#c8a48b,#c8a48b] rank=[1,3,2,0] link:p=0.000 o=1.000(frozen)
frame=199 t=2846.1 wall=2846.2 interval=14.21 dt=14.12 cpu_prev=13.206 effect_us=100 action=1 since_click=1845.1 since_commit=1237.0 animating=false repaint=none source/Source(settled):d=[1.000,1.000,1.000,1.000] c=[#c8a48b,#c8a48b,#c8a48b,#c8a48b] rank=[0,2,1,3] header/Header(settled):d=[1.000,1.000,1.000,1.000] c=[#c8a48b,#c8a48b,#c8a48b,#c8a48b] rank=[2,3,1,0] result/Result(settled):d=[1.000,1.000,1.000,1.000] c=[#c8a48b,#c8a48b,#c8a48b,#c8a48b] rank=[1,3,2,0] link:p=0.000 o=1.000(frozen)
frame=200 t=2861.5 wall=2861.5 interval=15.27 dt=15.34 cpu_prev=14.635 effect_us=97 action=1 since_click=1860.4 since_commit=1252.3 animating=false repaint=none source/Source(settled):d=[1.000,1.000,1.000,1.000] c=[#c8a48b,#c8a48b,#c8a48b,#c8a48b] rank=[0,2,1,3] header/Header(settled):d=[1.000,1.000,1.000,1.000] c=[#c8a48b,#c8a48b,#c8a48b,#c8a48b] rank=[2,3,1,0] result/Result(settled):d=[1.000,1.000,1.000,1.000] c=[#c8a48b,#c8a48b,#c8a48b,#c8a48b] rank=[1,3,2,0] link:p=0.000 o=1.000(frozen)
frame=201 t=2872.1 wall=2872.1 interval=10.59 dt=10.60 cpu_prev=10.233 effect_us=94 action=1 since_click=1871.0 since_commit=1262.9 animating=false repaint=none source/Source(settled):d=[1.000,1.000,1.000,1.000] c=[#c8a48b,#c8a48b,#c8a48b,#c8a48b] rank=[0,2,1,3] header/Header(settled):d=[1.000,1.000,1.000,1.000] c=[#c8a48b,#c8a48b,#c8a48b,#c8a48b] rank=[2,3,1,0] result/Result(settled):d=[1.000,1.000,1.000,1.000] c=[#c8a48b,#c8a48b,#c8a48b,#c8a48b] rank=[1,3,2,0] link:p=0.000 o=1.000(frozen)
frame=202 t=2882.9 wall=2882.9 interval=10.82 dt=10.82 cpu_prev=8.550 effect_us=98 action=1 since_click=1881.8 since_commit=1273.7 animating=false repaint=none source/Source(settled):d=[1.000,1.000,1.000,1.000] c=[#c8a48b,#c8a48b,#c8a48b,#c8a48b] rank=[0,2,1,3] header/Header(settled):d=[1.000,1.000,1.000,1.000] c=[#c8a48b,#c8a48b,#c8a48b,#c8a48b] rank=[2,3,1,0] result/Result(settled):d=[1.000,1.000,1.000,1.000] c=[#c8a48b,#c8a48b,#c8a48b,#c8a48b] rank=[1,3,2,0] link:p=0.000 o=1.000(frozen)
frame=203 t=2894.2 wall=2894.3 interval=11.43 dt=11.33 cpu_prev=10.256 effect_us=105 action=1 since_click=1893.2 since_commit=1285.1 animating=false repaint=none source/Source(settled):d=[1.000,1.000,1.000,1.000] c=[#c8a48b,#c8a48b,#c8a48b,#c8a48b] rank=[0,2,1,3] header/Header(settled):d=[1.000,1.000,1.000,1.000] c=[#c8a48b,#c8a48b,#c8a48b,#c8a48b] rank=[2,3,1,0] result/Result(settled):d=[1.000,1.000,1.000,1.000] c=[#c8a48b,#c8a48b,#c8a48b,#c8a48b] rank=[1,3,2,0] link:p=0.000 o=1.000(frozen)
frame=204 t=2949.3 wall=2949.3 interval=54.96 dt=55.06 cpu_prev=54.138 effect_us=102 action=1 since_click=1948.2 since_commit=1340.1 animating=false repaint=none source/Source(settled):d=[1.000,1.000,1.000,1.000] c=[#c8a48b,#c8a48b,#c8a48b,#c8a48b] rank=[0,2,1,3] header/Header(settled):d=[1.000,1.000,1.000,1.000] c=[#c8a48b,#c8a48b,#c8a48b,#c8a48b] rank=[2,3,1,0] result/Result(settled):d=[1.000,1.000,1.000,1.000] c=[#c8a48b,#c8a48b,#c8a48b,#c8a48b] rank=[1,3,2,0] link:p=0.000 o=1.000(frozen)
frame=205 t=2958.6 wall=2958.7 interval=9.38 dt=9.38 cpu_prev=8.823 effect_us=96 action=1 since_click=1957.6 since_commit=1349.5 animating=false repaint=none source/Source(settled):d=[1.000,1.000,1.000,1.000] c=[#c8a48b,#c8a48b,#c8a48b,#c8a48b] rank=[0,2,1,3] header/Header(settled):d=[1.000,1.000,1.000,1.000] c=[#c8a48b,#c8a48b,#c8a48b,#c8a48b] rank=[2,3,1,0] result/Result(settled):d=[1.000,1.000,1.000,1.000] c=[#c8a48b,#c8a48b,#c8a48b,#c8a48b] rank=[1,3,2,0] link:p=0.000 o=1.000(frozen)
frame=206 t=2972.5 wall=2972.7 interval=13.99 dt=13.86 cpu_prev=9.641 effect_us=104 action=1 since_click=1971.5 since_commit=1363.4 animating=false repaint=none source/Source(settled):d=[1.000,1.000,1.000,1.000] c=[#c8a48b,#c8a48b,#c8a48b,#c8a48b] rank=[0,2,1,3] header/Header(settled):d=[1.000,1.000,1.000,1.000] c=[#c8a48b,#c8a48b,#c8a48b,#c8a48b] rank=[2,3,1,0] result/Result(settled):d=[1.000,1.000,1.000,1.000] c=[#c8a48b,#c8a48b,#c8a48b,#c8a48b] rank=[1,3,2,0] link:p=0.000 o=1.000(frozen)
frame=207 t=2983.7 wall=2983.8 interval=11.12 dt=11.20 cpu_prev=10.740 effect_us=97 action=1 since_click=1982.7 since_commit=1374.6 animating=false repaint=none source/Source(settled):d=[1.000,1.000,1.000,1.000] c=[#c8a48b,#c8a48b,#c8a48b,#c8a48b] rank=[0,2,1,3] header/Header(settled):d=[1.000,1.000,1.000,1.000] c=[#c8a48b,#c8a48b,#c8a48b,#c8a48b] rank=[2,3,1,0] result/Result(settled):d=[1.000,1.000,1.000,1.000] c=[#c8a48b,#c8a48b,#c8a48b,#c8a48b] rank=[1,3,2,0] link:p=0.000 o=1.000(frozen)
frame=208 t=3000.9 wall=3001.0 interval=17.17 dt=17.17 cpu_prev=11.430 effect_us=99 action=1 since_click=1999.8 since_commit=1391.8 animating=false repaint=none source/Source(settled):d=[1.000,1.000,1.000,1.000] c=[#c8a48b,#c8a48b,#c8a48b,#c8a48b] rank=[0,2,1,3] header/Header(settled):d=[1.000,1.000,1.000,1.000] c=[#c8a48b,#c8a48b,#c8a48b,#c8a48b] rank=[2,3,1,0] result/Result(settled):d=[1.000,1.000,1.000,1.000] c=[#c8a48b,#c8a48b,#c8a48b,#c8a48b] rank=[1,3,2,0] link:p=0.000 o=1.000(frozen)
frame=209 t=3011.4 wall=3011.4 interval=10.47 dt=10.49 cpu_prev=9.991 effect_us=95 action=1 since_click=2010.3 since_commit=1402.2 animating=false repaint=none source/Source(settled):d=[1.000,1.000,1.000,1.000] c=[#c8a48b,#c8a48b,#c8a48b,#c8a48b] rank=[0,2,1,3] header/Header(settled):d=[1.000,1.000,1.000,1.000] c=[#c8a48b,#c8a48b,#c8a48b,#c8a48b] rank=[2,3,1,0] result/Result(settled):d=[1.000,1.000,1.000,1.000] c=[#c8a48b,#c8a48b,#c8a48b,#c8a48b] rank=[1,3,2,0] link:p=0.000 o=1.000(frozen)
frame=210 t=3021.5 wall=3021.6 interval=10.18 dt=10.16 cpu_prev=9.592 effect_us=97 action=1 since_click=2020.5 since_commit=1412.4 animating=false repaint=none source/Source(settled):d=[1.000,1.000,1.000,1.000] c=[#c8a48b,#c8a48b,#c8a48b,#c8a48b] rank=[0,2,1,3] header/Header(settled):d=[1.000,1.000,1.000,1.000] c=[#c8a48b,#c8a48b,#c8a48b,#c8a48b] rank=[2,3,1,0] result/Result(settled):d=[1.000,1.000,1.000,1.000] c=[#c8a48b,#c8a48b,#c8a48b,#c8a48b] rank=[1,3,2,0] link:p=0.000 o=1.000(frozen)
frame=211 t=3030.3 wall=3030.4 interval=8.78 dt=8.79 cpu_prev=8.263 effect_us=102 action=1 since_click=2029.3 since_commit=1421.2 animating=false repaint=none source/Source(settled):d=[1.000,1.000,1.000,1.000] c=[#c8a48b,#c8a48b,#c8a48b,#c8a48b] rank=[0,2,1,3] header/Header(settled):d=[1.000,1.000,1.000,1.000] c=[#c8a48b,#c8a48b,#c8a48b,#c8a48b] rank=[2,3,1,0] result/Result(settled):d=[1.000,1.000,1.000,1.000] c=[#c8a48b,#c8a48b,#c8a48b,#c8a48b] rank=[1,3,2,0] link:p=0.000 o=1.000(frozen)
frame=212 t=3041.5 wall=3041.5 interval=11.13 dt=11.18 cpu_prev=10.599 effect_us=100 action=1 since_click=2040.4 since_commit=1432.4 animating=false repaint=none source/Source(settled):d=[1.000,1.000,1.000,1.000] c=[#c8a48b,#c8a48b,#c8a48b,#c8a48b] rank=[0,2,1,3] header/Header(settled):d=[1.000,1.000,1.000,1.000] c=[#c8a48b,#c8a48b,#c8a48b,#c8a48b] rank=[2,3,1,0] result/Result(settled):d=[1.000,1.000,1.000,1.000] c=[#c8a48b,#c8a48b,#c8a48b,#c8a48b] rank=[1,3,2,0] link:p=0.000 o=1.000(frozen)
frame=213 t=3050.6 wall=3050.7 interval=9.17 dt=9.12 cpu_prev=8.541 effect_us=93 action=1 since_click=2049.6 since_commit=1441.5 animating=false repaint=none source/Source(settled):d=[1.000,1.000,1.000,1.000] c=[#c8a48b,#c8a48b,#c8a48b,#c8a48b] rank=[0,2,1,3] header/Header(settled):d=[1.000,1.000,1.000,1.000] c=[#c8a48b,#c8a48b,#c8a48b,#c8a48b] rank=[2,3,1,0] result/Result(settled):d=[1.000,1.000,1.000,1.000] c=[#c8a48b,#c8a48b,#c8a48b,#c8a48b] rank=[1,3,2,0] link:p=0.000 o=1.000(frozen)
frame=214 t=3060.2 wall=3060.3 interval=9.59 dt=9.63 cpu_prev=9.304 effect_us=97 action=1 since_click=2059.2 since_commit=1451.1 animating=false repaint=none source/Source(settled):d=[1.000,1.000,1.000,1.000] c=[#c8a48b,#c8a48b,#c8a48b,#c8a48b] rank=[0,2,1,3] header/Header(settled):d=[1.000,1.000,1.000,1.000] c=[#c8a48b,#c8a48b,#c8a48b,#c8a48b] rank=[2,3,1,0] result/Result(settled):d=[1.000,1.000,1.000,1.000] c=[#c8a48b,#c8a48b,#c8a48b,#c8a48b] rank=[1,3,2,0] link:p=0.000 o=1.000(frozen)
frame=215 t=3080.9 wall=3081.0 interval=20.67 dt=20.67 cpu_prev=20.334 effect_us=95 action=1 since_click=2079.9 since_commit=1471.8 animating=false repaint=none source/Source(settled):d=[1.000,1.000,1.000,1.000] c=[#c8a48b,#c8a48b,#c8a48b,#c8a48b] rank=[0,2,1,3] header/Header(settled):d=[1.000,1.000,1.000,1.000] c=[#c8a48b,#c8a48b,#c8a48b,#c8a48b] rank=[2,3,1,0] result/Result(settled):d=[1.000,1.000,1.000,1.000] c=[#c8a48b,#c8a48b,#c8a48b,#c8a48b] rank=[1,3,2,0] link:p=0.000 o=1.000(frozen)
frame=216 t=3092.5 wall=3092.5 interval=11.55 dt=11.55 cpu_prev=11.216 effect_us=99 action=1 since_click=2091.4 since_commit=1483.3 animating=false repaint=none source/Source(settled):d=[1.000,1.000,1.000,1.000] c=[#c8a48b,#c8a48b,#c8a48b,#c8a48b] rank=[0,2,1,3] header/Header(settled):d=[1.000,1.000,1.000,1.000] c=[#c8a48b,#c8a48b,#c8a48b,#c8a48b] rank=[2,3,1,0] result/Result(settled):d=[1.000,1.000,1.000,1.000] c=[#c8a48b,#c8a48b,#c8a48b,#c8a48b] rank=[1,3,2,0] link:p=0.000 o=1.000(frozen)
frame=217 t=3105.6 wall=3105.7 interval=13.18 dt=13.18 cpu_prev=12.881 effect_us=94 action=1 since_click=2104.6 since_commit=1496.5 animating=false repaint=none source/Source(settled):d=[1.000,1.000,1.000,1.000] c=[#c8a48b,#c8a48b,#c8a48b,#c8a48b] rank=[0,2,1,3] header/Header(settled):d=[1.000,1.000,1.000,1.000] c=[#c8a48b,#c8a48b,#c8a48b,#c8a48b] rank=[2,3,1,0] result/Result(settled):d=[1.000,1.000,1.000,1.000] c=[#c8a48b,#c8a48b,#c8a48b,#c8a48b] rank=[1,3,2,0] link:p=0.000 o=1.000(frozen)
frame=218 t=3121.3 wall=3121.4 interval=15.72 dt=15.68 cpu_prev=15.253 effect_us=94 action=1 since_click=2120.3 since_commit=1512.2 animating=false repaint=none source/Source(settled):d=[1.000,1.000,1.000,1.000] c=[#c8a48b,#c8a48b,#c8a48b,#c8a48b] rank=[0,2,1,3] header/Header(settled):d=[1.000,1.000,1.000,1.000] c=[#c8a48b,#c8a48b,#c8a48b,#c8a48b] rank=[2,3,1,0] result/Result(settled):d=[1.000,1.000,1.000,1.000] c=[#c8a48b,#c8a48b,#c8a48b,#c8a48b] rank=[1,3,2,0] link:p=0.000 o=1.000(frozen)
frame=219 t=3131.0 wall=3131.1 interval=9.68 dt=9.72 cpu_prev=9.059 effect_us=96 action=1 since_click=2130.0 since_commit=1521.9 animating=false repaint=none source/Source(settled):d=[1.000,1.000,1.000,1.000] c=[#c8a48b,#c8a48b,#c8a48b,#c8a48b] rank=[0,2,1,3] header/Header(settled):d=[1.000,1.000,1.000,1.000] c=[#c8a48b,#c8a48b,#c8a48b,#c8a48b] rank=[2,3,1,0] result/Result(settled):d=[1.000,1.000,1.000,1.000] c=[#c8a48b,#c8a48b,#c8a48b,#c8a48b] rank=[1,3,2,0] link:p=0.000 o=1.000(frozen)
frame=220 t=3143.2 wall=3143.4 interval=12.30 dt=12.14 cpu_prev=11.805 effect_us=94 action=1 since_click=2142.1 since_commit=1534.1 animating=false repaint=none source/Source(settled):d=[1.000,1.000,1.000,1.000] c=[#c8a48b,#c8a48b,#c8a48b,#c8a48b] rank=[0,2,1,3] header/Header(settled):d=[1.000,1.000,1.000,1.000] c=[#c8a48b,#c8a48b,#c8a48b,#c8a48b] rank=[2,3,1,0] result/Result(settled):d=[1.000,1.000,1.000,1.000] c=[#c8a48b,#c8a48b,#c8a48b,#c8a48b] rank=[1,3,2,0] link:p=0.000 o=1.000(frozen)
frame=221 t=3155.7 wall=3155.8 interval=12.39 dt=12.51 cpu_prev=12.057 effect_us=97 action=1 since_click=2154.7 since_commit=1546.6 animating=false repaint=none source/Source(settled):d=[1.000,1.000,1.000,1.000] c=[#c8a48b,#c8a48b,#c8a48b,#c8a48b] rank=[0,2,1,3] header/Header(settled):d=[1.000,1.000,1.000,1.000] c=[#c8a48b,#c8a48b,#c8a48b,#c8a48b] rank=[2,3,1,0] result/Result(settled):d=[1.000,1.000,1.000,1.000] c=[#c8a48b,#c8a48b,#c8a48b,#c8a48b] rank=[1,3,2,0] link:p=0.000 o=1.000(frozen)
frame=222 t=3167.7 wall=3167.7 interval=11.97 dt=12.00 cpu_prev=11.581 effect_us=94 action=1 since_click=2166.7 since_commit=1558.6 animating=false repaint=none source/Source(settled):d=[1.000,1.000,1.000,1.000] c=[#c8a48b,#c8a48b,#c8a48b,#c8a48b] rank=[0,2,1,3] header/Header(settled):d=[1.000,1.000,1.000,1.000] c=[#c8a48b,#c8a48b,#c8a48b,#c8a48b] rank=[2,3,1,0] result/Result(settled):d=[1.000,1.000,1.000,1.000] c=[#c8a48b,#c8a48b,#c8a48b,#c8a48b] rank=[1,3,2,0] link:p=0.000 o=1.000(frozen)
frame=223 t=3180.4 wall=3180.5 interval=12.72 dt=12.67 cpu_prev=12.096 effect_us=98 action=1 since_click=2179.3 since_commit=1571.3 animating=false repaint=none source/Source(settled):d=[1.000,1.000,1.000,1.000] c=[#c8a48b,#c8a48b,#c8a48b,#c8a48b] rank=[0,2,1,3] header/Header(settled):d=[1.000,1.000,1.000,1.000] c=[#c8a48b,#c8a48b,#c8a48b,#c8a48b] rank=[2,3,1,0] result/Result(settled):d=[1.000,1.000,1.000,1.000] c=[#c8a48b,#c8a48b,#c8a48b,#c8a48b] rank=[1,3,2,0] link:p=0.000 o=1.000(frozen)
frame=224 t=3205.4 wall=3205.5 interval=25.04 dt=25.06 cpu_prev=7.930 effect_us=94 action=1 since_click=2204.4 since_commit=1596.3 animating=false repaint=none source/Source(settled):d=[1.000,1.000,1.000,1.000] c=[#c8a48b,#c8a48b,#c8a48b,#c8a48b] rank=[0,2,1,3] header/Header(settled):d=[1.000,1.000,1.000,1.000] c=[#c8a48b,#c8a48b,#c8a48b,#c8a48b] rank=[2,3,1,0] result/Result(settled):d=[1.000,1.000,1.000,1.000] c=[#c8a48b,#c8a48b,#c8a48b,#c8a48b] rank=[1,3,2,0] link:p=0.000 o=1.000(frozen)
frame=225 t=3222.0 wall=3222.1 interval=16.58 dt=16.58 cpu_prev=7.766 effect_us=98 action=1 since_click=2221.0 since_commit=1612.9 animating=false repaint=none source/Source(settled):d=[1.000,1.000,1.000,1.000] c=[#c8a48b,#c8a48b,#c8a48b,#c8a48b] rank=[0,2,1,3] header/Header(settled):d=[1.000,1.000,1.000,1.000] c=[#c8a48b,#c8a48b,#c8a48b,#c8a48b] rank=[2,3,1,0] result/Result(settled):d=[1.000,1.000,1.000,1.000] c=[#c8a48b,#c8a48b,#c8a48b,#c8a48b] rank=[1,3,2,0] link:p=0.000 o=1.000(frozen)
frame=226 t=3233.9 wall=3233.9 interval=11.82 dt=11.85 cpu_prev=11.477 effect_us=85 action=1 since_click=2232.8 since_commit=1624.7 animating=false repaint=none source/Source(settled):d=[1.000,1.000,1.000,1.000] c=[#c8a48b,#c8a48b,#c8a48b,#c8a48b] rank=[0,2,1,3] header/Header(settled):d=[1.000,1.000,1.000,1.000] c=[#c8a48b,#c8a48b,#c8a48b,#c8a48b] rank=[2,3,1,0] result/Result(settled):d=[1.000,1.000,1.000,1.000] c=[#c8a48b,#c8a48b,#c8a48b,#c8a48b] rank=[1,3,2,0] link:p=0.000 o=1.000(frozen)
frame=227 t=3276.8 wall=3276.8 interval=42.91 dt=42.92 cpu_prev=42.572 effect_us=91 action=1 since_click=2275.7 since_commit=1667.7 animating=false repaint=none source/Source(settled):d=[1.000,1.000,1.000,1.000] c=[#c8a48b,#c8a48b,#c8a48b,#c8a48b] rank=[0,2,1,3] header/Header(settled):d=[1.000,1.000,1.000,1.000] c=[#c8a48b,#c8a48b,#c8a48b,#c8a48b] rank=[2,3,1,0] result/Result(settled):d=[1.000,1.000,1.000,1.000] c=[#c8a48b,#c8a48b,#c8a48b,#c8a48b] rank=[1,3,2,0] link:p=0.000 o=1.000(frozen)
frame=228 t=3570.8 wall=3570.9 interval=294.05 dt=294.04 cpu_prev=291.864 effect_us=99 action=1 since_click=2569.8 since_commit=1961.7 animating=false repaint=none source/Source(settled):d=[1.000,1.000,1.000,1.000] c=[#c8a48b,#c8a48b,#c8a48b,#c8a48b] rank=[0,2,1,3] header/Header(settled):d=[1.000,1.000,1.000,1.000] c=[#c8a48b,#c8a48b,#c8a48b,#c8a48b] rank=[2,3,1,0] result/Result(settled):d=[1.000,1.000,1.000,1.000] c=[#c8a48b,#c8a48b,#c8a48b,#c8a48b] rank=[1,3,2,0] link:p=0.000 o=1.000(frozen)
frame=229 t=3943.9 wall=3943.9 interval=373.07 dt=373.07 cpu_prev=372.085 effect_us=101 action=1 since_click=2942.9 since_commit=2334.8 animating=false repaint=none source/Source(settled):d=[1.000,1.000,1.000,1.000] c=[#c8a48b,#c8a48b,#c8a48b,#c8a48b] rank=[0,2,1,3] header/Header(settled):d=[1.000,1.000,1.000,1.000] c=[#c8a48b,#c8a48b,#c8a48b,#c8a48b] rank=[2,3,1,0] result/Result(settled):d=[1.000,1.000,1.000,1.000] c=[#c8a48b,#c8a48b,#c8a48b,#c8a48b] rank=[1,3,2,0] link:p=0.000 o=1.000(frozen)
frame=230 t=4286.6 wall=4286.6 interval=342.68 dt=342.68 cpu_prev=342.043 effect_us=103 action=1 since_click=3285.5 since_commit=2677.5 animating=false repaint=none source/Source(settled):d=[1.000,1.000,1.000,1.000] c=[#c8a48b,#c8a48b,#c8a48b,#c8a48b] rank=[0,2,1,3] header/Header(settled):d=[1.000,1.000,1.000,1.000] c=[#c8a48b,#c8a48b,#c8a48b,#c8a48b] rank=[2,3,1,0] result/Result(settled):d=[1.000,1.000,1.000,1.000] c=[#c8a48b,#c8a48b,#c8a48b,#c8a48b] rank=[1,3,2,0] link:p=0.000 o=1.000(frozen)
frame=231 t=4482.1 wall=4482.1 interval=195.53 dt=195.53 cpu_prev=194.968 effect_us=98 action=1 since_click=3481.1 since_commit=2873.0 animating=false repaint=none source/Source(settled):d=[1.000,1.000,1.000,1.000] c=[#c8a48b,#c8a48b,#c8a48b,#c8a48b] rank=[0,2,1,3] header/Header(settled):d=[1.000,1.000,1.000,1.000] c=[#c8a48b,#c8a48b,#c8a48b,#c8a48b] rank=[2,3,1,0] result/Result(settled):d=[1.000,1.000,1.000,1.000] c=[#c8a48b,#c8a48b,#c8a48b,#c8a48b] rank=[1,3,2,0] link:p=0.000 o=1.000(frozen)
frame=232 t=4639.1 wall=4639.1 interval=157.00 dt=157.00 cpu_prev=156.648 effect_us=90 action=1 since_click=3638.1 since_commit=3030.0 animating=false repaint=none source/Source(settled):d=[1.000,1.000,1.000,1.000] c=[#c8a48b,#c8a48b,#c8a48b,#c8a48b] rank=[0,2,1,3] header/Header(settled):d=[1.000,1.000,1.000,1.000] c=[#c8a48b,#c8a48b,#c8a48b,#c8a48b] rank=[2,3,1,0] result/Result(settled):d=[1.000,1.000,1.000,1.000] c=[#c8a48b,#c8a48b,#c8a48b,#c8a48b] rank=[1,3,2,0] link:p=0.000 o=1.000(frozen)
frame=233 t=4781.0 wall=4781.1 interval=141.92 dt=141.92 cpu_prev=141.388 effect_us=83 action=1 since_click=3780.0 since_commit=3171.9 animating=false repaint=none source/Source(settled):d=[1.000,1.000,1.000,1.000] c=[#c8a48b,#c8a48b,#c8a48b,#c8a48b] rank=[0,2,1,3] header/Header(settled):d=[1.000,1.000,1.000,1.000] c=[#c8a48b,#c8a48b,#c8a48b,#c8a48b] rank=[2,3,1,0] result/Result(settled):d=[1.000,1.000,1.000,1.000] c=[#c8a48b,#c8a48b,#c8a48b,#c8a48b] rank=[1,3,2,0] link:p=0.000 o=1.000(frozen)
